Archive member included to satisfy reference by file (symbol)

libapp.a(main.c.obj)          (--whole-archive)
zephyr/libzephyr.a(isr_tables.c.obj)
                              (--whole-archive)
zephyr/libzephyr.a(power.c.obj)
                              (--whole-archive)
zephyr/libzephyr.a(soc.c.obj)
                              (--whole-archive)
zephyr/libzephyr.a(mpu_regions.c.obj)
                              (--whole-archive)
zephyr/libzephyr.a(thread_entry.c.obj)
                              (--whole-archive)
zephyr/libzephyr.a(crc32_sw.c.obj)
                              (--whole-archive)
zephyr/libzephyr.a(crc16_sw.c.obj)
                              (--whole-archive)
zephyr/libzephyr.a(crc8_sw.c.obj)
                              (--whole-archive)
zephyr/libzephyr.a(mempool.c.obj)
                              (--whole-archive)
zephyr/libzephyr.a(rb.c.obj)  (--whole-archive)
zephyr/libzephyr.a(printk.c.obj)
                              (--whole-archive)
zephyr/libzephyr.a(configs.c.obj)
                              (--whole-archive)
zephyr/libzephyr.a(system_nrf52.c.obj)
                              (--whole-archive)
zephyr/libzephyr.a(nrfx_glue.c.obj)
                              (--whole-archive)
zephyr/libzephyr.a(SEGGER_RTT.c.obj)
                              (--whole-archive)
zephyr/libzephyr.a(rand32_entropy_device.c.obj)
                              (--whole-archive)
zephyr/libzephyr.a(rtt_console.c.obj)
                              (--whole-archive)
zephyr/libzephyr.a(nrf5_power_clock.c.obj)
                              (--whole-archive)
zephyr/libzephyr.a(sys_clock_init.c.obj)
                              (--whole-archive)
zephyr/libzephyr.a(nrf_rtc_timer.c.obj)
                              (--whole-archive)
zephyr/arch/arm/core/libarch__arm__core.a(exc_exit.S.obj)
                              (--whole-archive)
zephyr/arch/arm/core/libarch__arm__core.a(irq_init.c.obj)
                              (--whole-archive)
zephyr/arch/arm/core/libarch__arm__core.a(swap.c.obj)
                              (--whole-archive)
zephyr/arch/arm/core/libarch__arm__core.a(swap_helper.S.obj)
                              (--whole-archive)
zephyr/arch/arm/core/libarch__arm__core.a(fault.c.obj)
                              (--whole-archive)
zephyr/arch/arm/core/libarch__arm__core.a(irq_manage.c.obj)
                              (--whole-archive)
zephyr/arch/arm/core/libarch__arm__core.a(thread.c.obj)
                              (--whole-archive)
zephyr/arch/arm/core/libarch__arm__core.a(cpu_idle.S.obj)
                              (--whole-archive)
zephyr/arch/arm/core/libarch__arm__core.a(fault_s.S.obj)
                              (--whole-archive)
zephyr/arch/arm/core/libarch__arm__core.a(fatal.c.obj)
                              (--whole-archive)
zephyr/arch/arm/core/libarch__arm__core.a(sys_fatal_error_handler.c.obj)
                              (--whole-archive)
zephyr/arch/arm/core/libarch__arm__core.a(thread_abort.c.obj)
                              (--whole-archive)
zephyr/arch/arm/core/libarch__arm__core.a(isr_wrapper.S.obj)
                              (--whole-archive)
zephyr/arch/arm/core/cortex_m/libarch__arm__core__cortex_m.a(vector_table.S.obj)
                              (--whole-archive)
zephyr/arch/arm/core/cortex_m/libarch__arm__core__cortex_m.a(reset.S.obj)
                              (--whole-archive)
zephyr/arch/arm/core/cortex_m/libarch__arm__core__cortex_m.a(nmi_on_reset.S.obj)
                              (--whole-archive)
zephyr/arch/arm/core/cortex_m/libarch__arm__core__cortex_m.a(prep_c.c.obj)
                              (--whole-archive)
zephyr/arch/arm/core/cortex_m/libarch__arm__core__cortex_m.a(scb.c.obj)
                              (--whole-archive)
zephyr/arch/arm/core/cortex_m/libarch__arm__core__cortex_m.a(nmi.c.obj)
                              (--whole-archive)
zephyr/arch/arm/core/cortex_m/libarch__arm__core__cortex_m.a(exc_manage.c.obj)
                              (--whole-archive)
zephyr/arch/arm/core/cortex_m/mpu/libarch__arm__core__cortex_m__mpu.a(arm_core_mpu.c.obj)
                              (--whole-archive)
zephyr/arch/arm/core/cortex_m/mpu/libarch__arm__core__cortex_m__mpu.a(arm_mpu.c.obj)
                              (--whole-archive)
zephyr/lib/libc/minimal/liblib__libc__minimal.a(atoi.c.obj)
                              (--whole-archive)
zephyr/lib/libc/minimal/liblib__libc__minimal.a(strtol.c.obj)
                              (--whole-archive)
zephyr/lib/libc/minimal/liblib__libc__minimal.a(strtoul.c.obj)
                              (--whole-archive)
zephyr/lib/libc/minimal/liblib__libc__minimal.a(malloc.c.obj)
                              (--whole-archive)
zephyr/lib/libc/minimal/liblib__libc__minimal.a(strncasecmp.c.obj)
                              (--whole-archive)
zephyr/lib/libc/minimal/liblib__libc__minimal.a(strstr.c.obj)
                              (--whole-archive)
[...]
Memory Configuration

Name             Origin             Length             Attributes
FLASH            0x0000000000000000 0x0000000000080000 xr
SRAM             0x0000000020000000 0x0000000000010000 xw
IDT_LIST         0x0000000020010000 0x0000000000000800 xw
*default*        0x0000000000000000 0xffffffffffffffff

Linker script and memory map

LOAD zephyr/CMakeFiles/kernel_elf.dir/misc/empty_file.c.obj
LOAD zephyr/CMakeFiles/kernel_elf.dir/isr_tables.c.obj
LOAD libapp.a
LOAD zephyr/libzephyr.a
LOAD zephyr/arch/arm/core/libarch__arm__core.a
LOAD zephyr/arch/arm/core/cortex_m/libarch__arm__core__cortex_m.a
LOAD zephyr/arch/arm/core/cortex_m/mpu/libarch__arm__core__cortex_m__mpu.a
LOAD zephyr/lib/libc/minimal/liblib__libc__minimal.a
LOAD zephyr/subsys/bluetooth/common/libsubsys__bluetooth__common.a
LOAD zephyr/subsys/bluetooth/host/libsubsys__bluetooth__host.a
LOAD zephyr/subsys/bluetooth/controller/libsubsys__bluetooth__controller.a
LOAD zephyr/subsys/net/libsubsys__net.a
LOAD zephyr/drivers/gpio/libdrivers__gpio.a
LOAD zephyr/drivers/sensor/dht/libdrivers__sensor__dht.a
LOAD zephyr/drivers/entropy/libdrivers__entropy.a
LOAD zephyr/kernel/libkernel.a
LOAD zephyr/CMakeFiles/offsets.dir/arch/arm/core/offsets/offsets.c.obj
LOAD /home/mark/cs7ns2/gcc-arm-none-eabi/bin/../lib/gcc/arm-none-eabi/7.3.1/thumb/v7e-m/libgcc.a
                0x0000000000000000                _image_rom_start = 0x0

text            0x0000000000000000     0xacbe
                0x0000000000000000                . = 0x0
                0x0000000000000000                _vector_start = .
 *(.exc_vector_table)
 *(.exc_vector_table.*)
 .exc_vector_table._vector_table_section
                0x0000000000000000       0x40 zephyr/arch/arm/core/cortex_m/libarch__arm__core__cortex_m.a(vector_table.S.obj)
                0x0000000000000000                _vector_table
 *(.gnu.linkonce.irq_vector_table)
 .gnu.linkonce.irq_vector_table
                0x0000000000000040       0x9c zephyr/CMakeFiles/kernel_elf.dir/isr_tables.c.obj
                0x0000000000000040                _irq_vector_table
 *(.openocd_dbg)
 *(.openocd_dbg.*)
 *(.kinetis_flash_config)
 *(.kinetis_flash_config.*)
 *(.gnu.linkonce.sw_isr_table)
 .gnu.linkonce.sw_isr_table
                0x00000000000000dc      0x138 zephyr/CMakeFiles/kernel_elf.dir/isr_tables.c.obj
                0x00000000000000dc                _sw_isr_table
                0x0000000000000214                _vector_end = .
                0x0000000000000214                _image_text_start = .
 *(.text)
 .text          0x0000000000000214       0xa0 /home/mark/cs7ns2/gcc-arm-none-eabi/bin/../lib/gcc/arm-none-eabi/7.3.1/thumb/v7e-m/libgcc.a(_aeabi_ldivmod.o)
                0x0000000000000214                __aeabi_ldivmod
 .text          0x00000000000002b4       0x30 /home/mark/cs7ns2/gcc-arm-none-eabi/bin/../lib/gcc/arm-none-eabi/7.3.1/thumb/v7e-m/libgcc.a(_aeabi_uldivmod.o)
                0x00000000000002b4                __aeabi_uldivmod
 .text          0x00000000000002e4       0x28 /home/mark/cs7ns2/gcc-arm-none-eabi/bin/../lib/gcc/arm-none-eabi/7.3.1/thumb/v7e-m/libgcc.a(_popcountsi2.o)
                0x00000000000002e4                __popcountsi2
 .text          0x000000000000030c      0x2cc /home/mark/cs7ns2/gcc-arm-none-eabi/bin/../lib/gcc/arm-none-eabi/7.3.1/thumb/v7e-m/libgcc.a(_udivmoddi4.o)
                0x000000000000030c                __udivmoddi4
 .text          0x00000000000005d8        0x4 /home/mark/cs7ns2/gcc-arm-none-eabi/bin/../lib/gcc/arm-none-eabi/7.3.1/thumb/v7e-m/libgcc.a(_dvmd_tls.o)
                0x00000000000005d8                __aeabi_ldiv0
                0x00000000000005d8                __aeabi_idiv0
 *(.text.*)
 .text.main     0x00000000000005dc       0x74 libapp.a(main.c.obj)
                0x00000000000005dc                main
 .text.nordicsemi_nrf52_init
                0x0000000000000650       0x3c zephyr/libzephyr.a(soc.c.obj)
 .text._thread_entry
                0x000000000000068c       0x14 zephyr/libzephyr.a(thread_entry.c.obj)
                0x000000000000068c                _thread_entry
 .text.get_bit_ptr
                0x00000000000006a0       0x28 zephyr/libzephyr.a(mempool.c.obj)
 .text.set_free_bit
                0x00000000000006c8       0x1c zephyr/libzephyr.a(mempool.c.obj)
 .text.clear_free_bit
                0x00000000000006e4       0x1e zephyr/libzephyr.a(mempool.c.obj)
 .text._sys_mem_pool_base_init
                0x0000000000000702       0x92 zephyr/libzephyr.a(mempool.c.obj)
                0x0000000000000702                _sys_mem_pool_base_init
 .text._sys_mem_pool_block_alloc
                0x0000000000000794      0x168 zephyr/libzephyr.a(mempool.c.obj)
                0x0000000000000794                _sys_mem_pool_block_alloc
 .text._sys_mem_pool_block_free
                0x00000000000008fc      0x118 zephyr/libzephyr.a(mempool.c.obj)
                0x00000000000008fc                _sys_mem_pool_block_free
 .text._nop_char_out
                0x0000000000000a14        0x4 zephyr/libzephyr.a(printk.c.obj)
 .text.char_out
                0x0000000000000a18       0x10 zephyr/libzephyr.a(printk.c.obj)
 .text._printk_dec_ulong
                0x0000000000000a28       0xa0 zephyr/libzephyr.a(printk.c.obj)
 .text.str_out  0x0000000000000ac8       0x26 zephyr/libzephyr.a(printk.c.obj)
 *fill*         0x0000000000000aee        0x2 
 .text.__printk_hook_install
                0x0000000000000af0        0xc zephyr/libzephyr.a(printk.c.obj)
                0x0000000000000af0                __printk_hook_install
 .text._vprintk
                0x0000000000000afc      0x262 zephyr/libzephyr.a(printk.c.obj)
                0x0000000000000afc                _vprintk
 *fill*         0x0000000000000d5e        0x2 
 .text.vprintk  0x0000000000000d60       0x20 zephyr/libzephyr.a(printk.c.obj)
                0x0000000000000d60                vprintk
 .text.printk   0x0000000000000d80       0x1a zephyr/libzephyr.a(printk.c.obj)
                0x0000000000000d80                printk
 *fill*         0x0000000000000d9a        0x2 
 .text.snprintk
                0x0000000000000d9c       0x38 zephyr/libzephyr.a(printk.c.obj)
                0x0000000000000d9c                snprintk
 .text._ConfigAbsSyms
                0x0000000000000dd4        0x2 zephyr/libzephyr.a(configs.c.obj)
                0x0000000000000dd4                _ConfigAbsSyms
 *fill*         0x0000000000000dd6        0x2 
 .text.errata_12
                0x0000000000000dd8       0x40 zephyr/libzephyr.a(system_nrf52.c.obj)
 .text.errata_16
                0x0000000000000e18       0x34 zephyr/libzephyr.a(system_nrf52.c.obj)
 .text.SystemInit
                0x0000000000000e4c      0x248 zephyr/libzephyr.a(system_nrf52.c.obj)
                0x0000000000000e4c                SystemInit
 .text._GetAvailWriteSpace
                0x0000000000001094       0x1c zephyr/libzephyr.a(SEGGER_RTT.c.obj)
 .text._WriteNoCheck
                0x00000000000010b0       0x3a zephyr/libzephyr.a(SEGGER_RTT.c.obj)
 .text._WriteBlocking
                0x00000000000010ea       0x52 zephyr/libzephyr.a(SEGGER_RTT.c.obj)
 .text._DoInit  0x000000000000113c       0x60 zephyr/libzephyr.a(SEGGER_RTT.c.obj)
 .text.SEGGER_RTT_WriteNoLock
                0x000000000000119c       0x68 zephyr/libzephyr.a(SEGGER_RTT.c.obj)
                0x000000000000119c                SEGGER_RTT_WriteNoLock
 .text.SEGGER_RTT_Init
                0x0000000000001204        0x4 zephyr/libzephyr.a(SEGGER_RTT.c.obj)
                0x0000000000001204                SEGGER_RTT_Init
 .text.sys_rand32_get
                0x0000000000001208       0x50 zephyr/libzephyr.a(rand32_entropy_device.c.obj)
                0x0000000000001208                sys_rand32_get
 .text.rtt_console_init
                0x0000000000001258       0x1c zephyr/libzephyr.a(rtt_console.c.obj)
 .text.rtt_console_out
                0x0000000000001274       0x5c zephyr/libzephyr.a(rtt_console.c.obj)
 .text._m16src_stop
                0x00000000000012d0       0x60 zephyr/libzephyr.a(nrf5_power_clock.c.obj)
 .text._clock_control_init
                0x0000000000001330       0x16 zephyr/libzephyr.a(nrf5_power_clock.c.obj)
 *fill*         0x0000000000001346        0x2 
 .text._m16src_start
                0x0000000000001348       0xb4 zephyr/libzephyr.a(nrf5_power_clock.c.obj)
 .text._k32src_start
                0x00000000000013fc       0x90 zephyr/libzephyr.a(nrf5_power_clock.c.obj)
 .text._power_clock_isr
                0x000000000000148c       0x9c zephyr/libzephyr.a(nrf5_power_clock.c.obj)
 .text.rtc_compare_set
                0x0000000000001528       0x30 zephyr/libzephyr.a(nrf_rtc_timer.c.obj)
 .text.rtc_announce_set_next
                0x0000000000001558       0x5c zephyr/libzephyr.a(nrf_rtc_timer.c.obj)
 .text.rtc1_nrf5_isr
                0x00000000000015b4       0x10 zephyr/libzephyr.a(nrf_rtc_timer.c.obj)
                0x00000000000015b4                rtc1_nrf5_isr
 .text._timer_idle_enter
                0x00000000000015c4       0x34 zephyr/libzephyr.a(nrf_rtc_timer.c.obj)
                0x00000000000015c4                _timer_idle_enter
 .text._timer_idle_exit
                0x00000000000015f8       0x2c zephyr/libzephyr.a(nrf_rtc_timer.c.obj)
                0x00000000000015f8                _timer_idle_exit
 .text._sys_clock_driver_init
                0x0000000000001624       0x84 zephyr/libzephyr.a(nrf_rtc_timer.c.obj)
                0x0000000000001624                _sys_clock_driver_init
 .text._timer_cycle_get_32
                0x00000000000016a8       0x38 zephyr/libzephyr.a(nrf_rtc_timer.c.obj)
                0x00000000000016a8                _timer_cycle_get_32
 .text._HandlerModeExit
                0x00000000000016e0       0x28 zephyr/arch/arm/core/libarch__arm__core.a(exc_exit.S.obj)
                0x00000000000016e0                _ExcExit
                0x00000000000016e0                _IntExit
 .text._IntLibInit
                0x0000000000001708       0x18 zephyr/arch/arm/core/libarch__arm__core.a(irq_init.c.obj)
                0x0000000000001708                _IntLibInit
 .text.__swap   0x0000000000001720       0x30 zephyr/arch/arm/core/libarch__arm__core.a(swap.c.obj)
                0x0000000000001720                __swap
 .text.__pendsv
                0x0000000000001750       0x44 zephyr/arch/arm/core/libarch__arm__core.a(swap_helper.S.obj)
                0x0000000000001750                __pendsv
 .text.__svc    0x0000000000001794       0x24 zephyr/arch/arm/core/libarch__arm__core.a(swap_helper.S.obj)
                0x0000000000001794                __svc
 .text._MpuFault.isra.2
                0x00000000000017b8       0x88 zephyr/arch/arm/core/libarch__arm__core.a(fault.c.obj)
 .text._BusFault.isra.3
                0x0000000000001840       0x94 zephyr/arch/arm/core/libarch__arm__core.a(fault.c.obj)
 .text._UsageFault.isra.5
                0x00000000000018d4       0x88 zephyr/arch/arm/core/libarch__arm__core.a(fault.c.obj)
 .text._Fault   0x000000000000195c       0xcc zephyr/arch/arm/core/libarch__arm__core.a(fault.c.obj)
                0x000000000000195c                _Fault
 .text._FaultInit
                0x0000000000001a28       0x10 zephyr/arch/arm/core/libarch__arm__core.a(fault.c.obj)
                0x0000000000001a28                _FaultInit
 .text._arch_irq_enable
                0x0000000000001a38       0x20 zephyr/arch/arm/core/libarch__arm__core.a(irq_manage.c.obj)
                0x0000000000001a38                _arch_irq_enable
 .text._arch_irq_disable
                0x0000000000001a58       0x28 zephyr/arch/arm/core/libarch__arm__core.a(irq_manage.c.obj)
                0x0000000000001a58                _arch_irq_disable
 .text._arch_irq_is_enabled
                0x0000000000001a80       0x1c zephyr/arch/arm/core/libarch__arm__core.a(irq_manage.c.obj)
                0x0000000000001a80                _arch_irq_is_enabled
 .text._irq_priority_set
                0x0000000000001a9c       0x30 zephyr/arch/arm/core/libarch__arm__core.a(irq_manage.c.obj)
                0x0000000000001a9c                _irq_priority_set
 .text._irq_spurious
                0x0000000000001acc        0x4 zephyr/arch/arm/core/libarch__arm__core.a(irq_manage.c.obj)
                0x0000000000001acc                _irq_spurious
 .text._arch_isr_direct_pm
                0x0000000000001ad0       0x1c zephyr/arch/arm/core/libarch__arm__core.a(irq_manage.c.obj)
                0x0000000000001ad0                _arch_isr_direct_pm
 .text._new_thread
                0x0000000000001aec       0x50 zephyr/arch/arm/core/libarch__arm__core.a(thread.c.obj)
                0x0000000000001aec                _new_thread
 .text._CpuIdleInit
                0x0000000000001b3c        0xc zephyr/arch/arm/core/libarch__arm__core.a(cpu_idle.S.obj)
                0x0000000000001b3c                _CpuIdleInit
 .text.k_cpu_idle
                0x0000000000001b48        0xc zephyr/arch/arm/core/libarch__arm__core.a(cpu_idle.S.obj)
                0x0000000000001b48                k_cpu_idle
 .text.__fault  0x0000000000001b54       0x28 zephyr/arch/arm/core/libarch__arm__core.a(fault_s.S.obj)
                0x0000000000001b54                __usage_fault
                0x0000000000001b54                __reserved
                0x0000000000001b54                __bus_fault
                0x0000000000001b54                __debug_monitor
                0x0000000000001b54                __mpu_fault
                0x0000000000001b54                __hard_fault
 .text._NanoFatalErrorHandler
                0x0000000000001b7c       0x64 zephyr/arch/arm/core/libarch__arm__core.a(fatal.c.obj)
                0x0000000000001b7c                _NanoFatalErrorHandler
 .text._do_kernel_oops
                0x0000000000001be0        0x8 zephyr/arch/arm/core/libarch__arm__core.a(fatal.c.obj)
                0x0000000000001be0                _do_kernel_oops
 .text._SysFatalErrorHandler
                0x0000000000001be8       0x58 zephyr/arch/arm/core/libarch__arm__core.a(sys_fatal_error_handler.c.obj)
                0x0000000000001be8                _SysFatalErrorHandler
 .text._impl_k_thread_abort
                0x0000000000001c40       0x4c zephyr/arch/arm/core/libarch__arm__core.a(thread_abort.c.obj)
                0x0000000000001c40                _impl_k_thread_abort
 .text._isr_wrapper
                0x0000000000001c8c       0x3c zephyr/arch/arm/core/libarch__arm__core.a(isr_wrapper.S.obj)
                0x0000000000001c8c                _isr_wrapper
 .text._reset_section
                0x0000000000001cc8       0x24 zephyr/arch/arm/core/cortex_m/libarch__arm__core__cortex_m.a(reset.S.obj)
                0x0000000000001cc8                __reset
                0x0000000000001cc8                __start
 .text._SysNmiOnReset
                0x0000000000001cec        0x8 zephyr/arch/arm/core/cortex_m/libarch__arm__core__cortex_m.a(nmi_on_reset.S.obj)
                0x0000000000001cec                _SysNmiOnReset
 .text._PrepC   0x0000000000001cf4       0x28 zephyr/arch/arm/core/cortex_m/libarch__arm__core__cortex_m.a(prep_c.c.obj)
                0x0000000000001cf4                _PrepC
 .text.__nmi    0x0000000000001d1c        0xe zephyr/arch/arm/core/cortex_m/libarch__arm__core__cortex_m.a(nmi.c.obj)
                0x0000000000001d1c                __nmi
 *fill*         0x0000000000001d2a        0x2 
 .text.arm_core_mpu_enable
                0x0000000000001d2c       0x14 zephyr/arch/arm/core/cortex_m/mpu/libarch__arm__core__cortex_m__mpu.a(arm_mpu.c.obj)
                0x0000000000001d2c                arm_core_mpu_enable
 .text.arm_mpu_init
                0x0000000000001d40       0x50 zephyr/arch/arm/core/cortex_m/mpu/libarch__arm__core__cortex_m__mpu.a(arm_mpu.c.obj)
 .text.strcpy   0x0000000000001d90       0x14 zephyr/lib/libc/minimal/liblib__libc__minimal.a(string.c.obj)
                0x0000000000001d90                strcpy
 .text.strcmp   0x0000000000001da4       0x1a zephyr/lib/libc/minimal/liblib__libc__minimal.a(string.c.obj)
                0x0000000000001da4                strcmp
 .text.memcmp   0x0000000000001dbe       0x20 zephyr/lib/libc/minimal/liblib__libc__minimal.a(string.c.obj)
                0x0000000000001dbe                memcmp
 .text.memcpy   0x0000000000001dde       0x5a zephyr/lib/libc/minimal/liblib__libc__minimal.a(string.c.obj)
                0x0000000000001dde                memcpy
 .text.memset   0x0000000000001e38       0x42 zephyr/lib/libc/minimal/liblib__libc__minimal.a(string.c.obj)
                0x0000000000001e38                memset
 .text._stdout_hook_default
                0x0000000000001e7a        0x6 zephyr/lib/libc/minimal/liblib__libc__minimal.a(stdout_console.c.obj)
 .text.__stdout_hook_install
                0x0000000000001e80        0xc zephyr/lib/libc/minimal/liblib__libc__minimal.a(stdout_console.c.obj)
                0x0000000000001e80                __stdout_hook_install
 .text.atomic_or
                0x0000000000001e8c       0x1e zephyr/subsys/bluetooth/host/libsubsys__bluetooth__host.a(hci_core.c.obj)
 *fill*         0x0000000000001eaa        0x2 
 .text.hci_cmd_done.isra.9
                0x0000000000001eac       0x50 zephyr/subsys/bluetooth/host/libsubsys__bluetooth__host.a(hci_core.c.obj)
 .text.atomic_and.constprop.23
                0x0000000000001efc       0x24 zephyr/subsys/bluetooth/host/libsubsys__bluetooth__host.a(hci_core.c.obj)
 .text.atomic_test_bit.constprop.22
                0x0000000000001f20       0x1c zephyr/subsys/bluetooth/host/libsubsys__bluetooth__host.a(hci_core.c.obj)
 .text.bt_hci_cmd_create
                0x0000000000001f3c       0x60 zephyr/subsys/bluetooth/host/libsubsys__bluetooth__host.a(hci_core.c.obj)
                0x0000000000001f3c                bt_hci_cmd_create
 .text.bt_hci_cmd_send_sync
                0x0000000000001f9c       0x7c zephyr/subsys/bluetooth/host/libsubsys__bluetooth__host.a(hci_core.c.obj)
                0x0000000000001f9c                bt_hci_cmd_send_sync
 .text.set_random_address
                0x0000000000002018       0x5c zephyr/subsys/bluetooth/host/libsubsys__bluetooth__host.a(hci_core.c.obj)
 .text.bt_addr_le_create_static
                0x0000000000002074       0x1c zephyr/subsys/bluetooth/host/libsubsys__bluetooth__host.a(hci_core.c.obj)
                0x0000000000002074                bt_addr_le_create_static
 .text.bt_set_static_addr
                0x0000000000002090       0x38 zephyr/subsys/bluetooth/host/libsubsys__bluetooth__host.a(hci_core.c.obj)
                0x0000000000002090                bt_set_static_addr
 .text.hci_init
                0x00000000000020c8      0x350 zephyr/subsys/bluetooth/host/libsubsys__bluetooth__host.a(hci_core.c.obj)
 .text.init_work
                0x0000000000002418       0x2c zephyr/subsys/bluetooth/host/libsubsys__bluetooth__host.a(hci_core.c.obj)
 .text.bt_recv  0x0000000000002444       0xc4 zephyr/subsys/bluetooth/host/libsubsys__bluetooth__host.a(hci_core.c.obj)
                0x0000000000002444                bt_recv
 .text.bt_recv_prio
                0x0000000000002508       0x8c zephyr/subsys/bluetooth/host/libsubsys__bluetooth__host.a(hci_core.c.obj)
                0x0000000000002508                bt_recv_prio
 .text.bt_hci_driver_register
                0x0000000000002594       0x28 zephyr/subsys/bluetooth/host/libsubsys__bluetooth__host.a(hci_core.c.obj)
                0x0000000000002594                bt_hci_driver_register
 .text.bt_buf_get_rx
                0x00000000000025bc       0x20 zephyr/subsys/bluetooth/host/libsubsys__bluetooth__host.a(hci_core.c.obj)
                0x00000000000025bc                bt_buf_get_rx
 .text.bt_buf_get_cmd_complete
                0x00000000000025dc       0x44 zephyr/subsys/bluetooth/host/libsubsys__bluetooth__host.a(hci_core.c.obj)
                0x00000000000025dc                bt_buf_get_cmd_complete
 .text.mem_init
                0x0000000000002620       0x48 zephyr/subsys/bluetooth/controller/libsubsys__bluetooth__controller.a(mem.c.obj)
                0x0000000000002620                mem_init
 .text.mem_acquire
                0x0000000000002668       0x32 zephyr/subsys/bluetooth/controller/libsubsys__bluetooth__controller.a(mem.c.obj)
                0x0000000000002668                mem_acquire
 .text.mem_release
                0x000000000000269a       0x2a zephyr/subsys/bluetooth/controller/libsubsys__bluetooth__controller.a(mem.c.obj)
                0x000000000000269a                mem_release
 .text.mem_get  0x00000000000026c4        0x6 zephyr/subsys/bluetooth/controller/libsubsys__bluetooth__controller.a(mem.c.obj)
                0x00000000000026c4                mem_get
 .text.mem_index_get
                0x00000000000026ca        0xa zephyr/subsys/bluetooth/controller/libsubsys__bluetooth__controller.a(mem.c.obj)
                0x00000000000026ca                mem_index_get
 .text.mem_rcopy
                0x00000000000026d4       0x1e zephyr/subsys/bluetooth/controller/libsubsys__bluetooth__controller.a(mem.c.obj)
                0x00000000000026d4                mem_rcopy
 .text.memq_init
                0x00000000000026f2        0x6 zephyr/subsys/bluetooth/controller/libsubsys__bluetooth__controller.a(memq.c.obj)
                0x00000000000026f2                memq_init
 .text.memq_enqueue
                0x00000000000026f8        0xe zephyr/subsys/bluetooth/controller/libsubsys__bluetooth__controller.a(memq.c.obj)
                0x00000000000026f8                memq_enqueue
 .text.memq_peek
                0x0000000000002706       0x10 zephyr/subsys/bluetooth/controller/libsubsys__bluetooth__controller.a(memq.c.obj)
                0x0000000000002706                memq_peek
 .text.memq_dequeue
                0x0000000000002716       0x1a zephyr/subsys/bluetooth/controller/libsubsys__bluetooth__controller.a(memq.c.obj)
                0x0000000000002716                memq_dequeue
 .text.mayfly_init
                0x0000000000002730       0x54 zephyr/subsys/bluetooth/controller/libsubsys__bluetooth__controller.a(mayfly.c.obj)
                0x0000000000002730                mayfly_init
 .text.mayfly_enable
                0x0000000000002784       0x50 zephyr/subsys/bluetooth/controller/libsubsys__bluetooth__controller.a(mayfly.c.obj)
                0x0000000000002784                mayfly_enable
 .text.mayfly_enqueue
                0x00000000000027d4       0x9c zephyr/subsys/bluetooth/controller/libsubsys__bluetooth__controller.a(mayfly.c.obj)
                0x00000000000027d4                mayfly_enqueue
 .text.mayfly_run
                0x0000000000002870      0x124 zephyr/subsys/bluetooth/controller/libsubsys__bluetooth__controller.a(mayfly.c.obj)
                0x0000000000002870                mayfly_run
 .text.util_ones_count_get
                0x0000000000002994       0x22 zephyr/subsys/bluetooth/controller/libsubsys__bluetooth__controller.a(util.c.obj)
                0x0000000000002994                util_ones_count_get
 .text.ticker_dequeue
                0x00000000000029b6       0x56 zephyr/subsys/bluetooth/controller/libsubsys__bluetooth__controller.a(ticker.c.obj)
 .text.ticks_to_expire_prep
                0x0000000000002a0c       0x3c zephyr/subsys/bluetooth/controller/libsubsys__bluetooth__controller.a(ticker.c.obj)
 .text.ticker_job_op_cb
                0x0000000000002a48       0x14 zephyr/subsys/bluetooth/controller/libsubsys__bluetooth__controller.a(ticker.c.obj)
 .text.ticker_worker
                0x0000000000002a5c       0xa8 zephyr/subsys/bluetooth/controller/libsubsys__bluetooth__controller.a(ticker.c.obj)
                0x0000000000002a5c                ticker_worker
 .text.ticker_job
                0x0000000000002b04      0x770 zephyr/subsys/bluetooth/controller/libsubsys__bluetooth__controller.a(ticker.c.obj)
                0x0000000000002b04                ticker_job
 .text.ticker_init
                0x0000000000003274       0x78 zephyr/subsys/bluetooth/controller/libsubsys__bluetooth__controller.a(ticker.c.obj)
                0x0000000000003274                ticker_init
 .text.ticker_trigger
                0x00000000000032ec       0x24 zephyr/subsys/bluetooth/controller/libsubsys__bluetooth__controller.a(ticker.c.obj)
                0x00000000000032ec                ticker_trigger
 .text.ticker_start
                0x0000000000003310       0x94 zephyr/subsys/bluetooth/controller/libsubsys__bluetooth__controller.a(ticker.c.obj)
                0x0000000000003310                ticker_start
 .text.ticker_update
                0x00000000000033a4       0x94 zephyr/subsys/bluetooth/controller/libsubsys__bluetooth__controller.a(ticker.c.obj)
                0x00000000000033a4                ticker_update
 .text.ticker_stop
                0x0000000000003438       0x74 zephyr/subsys/bluetooth/controller/libsubsys__bluetooth__controller.a(ticker.c.obj)
                0x0000000000003438                ticker_stop
 .text.ticker_next_slot_get
                0x00000000000034ac       0x7c zephyr/subsys/bluetooth/controller/libsubsys__bluetooth__controller.a(ticker.c.obj)
                0x00000000000034ac                ticker_next_slot_get
 .text.ticker_job_idle_get
                0x0000000000003528       0x74 zephyr/subsys/bluetooth/controller/libsubsys__bluetooth__controller.a(ticker.c.obj)
                0x0000000000003528                ticker_job_idle_get
 .text.ticker_job_sched
                0x000000000000359c       0x2c zephyr/subsys/bluetooth/controller/libsubsys__bluetooth__controller.a(ticker.c.obj)
                0x000000000000359c                ticker_job_sched
 .text.ticker_ticks_now_get
                0x00000000000035c8        0x4 zephyr/subsys/bluetooth/controller/libsubsys__bluetooth__controller.a(ticker.c.obj)
                0x00000000000035c8                ticker_ticks_now_get
 .text.ticker_ticks_diff_get
                0x00000000000035cc        0x8 zephyr/subsys/bluetooth/controller/libsubsys__bluetooth__controller.a(ticker.c.obj)
                0x00000000000035cc                ticker_ticks_diff_get
 .text.ll_addr_get
                0x00000000000035d4       0x34 zephyr/subsys/bluetooth/controller/libsubsys__bluetooth__controller.a(ll_addr.c.obj)
                0x00000000000035d4                ll_addr_get
 .text.ll_addr_set
                0x0000000000003608       0x38 zephyr/subsys/bluetooth/controller/libsubsys__bluetooth__controller.a(ll_addr.c.obj)
                0x0000000000003608                ll_addr_set
 .text.ll_tx_pwr_get
                0x0000000000003640        0x8 zephyr/subsys/bluetooth/controller/libsubsys__bluetooth__controller.a(ll_tx_pwr.c.obj)
                0x0000000000003640                ll_tx_pwr_get
 .text.cpu_sleep
                0x0000000000003648        0x8 zephyr/subsys/bluetooth/controller/libsubsys__bluetooth__controller.a(ctrl.c.obj)
 .text.pdu_len_cmp
                0x0000000000003650       0x3c zephyr/subsys/bluetooth/controller/libsubsys__bluetooth__controller.a(ctrl.c.obj)
 .text.ticker_if_done
                0x000000000000368c        0x4 zephyr/subsys/bluetooth/controller/libsubsys__bluetooth__controller.a(ctrl.c.obj)
 .text.mayfly_xtal_start
                0x0000000000003690       0x10 zephyr/subsys/bluetooth/controller/libsubsys__bluetooth__controller.a(ctrl.c.obj)
 .text.prepare_reduced
                0x00000000000036a0        0xc zephyr/subsys/bluetooth/controller/libsubsys__bluetooth__controller.a(ctrl.c.obj)
 .text.prepare_normal
                0x00000000000036ac        0xc zephyr/subsys/bluetooth/controller/libsubsys__bluetooth__controller.a(ctrl.c.obj)
 .text.chan_sel_remap
                0x00000000000036b8       0x36 zephyr/subsys/bluetooth/controller/libsubsys__bluetooth__controller.a(ctrl.c.obj)
 *fill*         0x00000000000036ee        0x2 
 .text.packet_rx_reserve_get
                0x00000000000036f0       0x38 zephyr/subsys/bluetooth/controller/libsubsys__bluetooth__controller.a(ctrl.c.obj)
 .text.conn_update_req
                0x0000000000003728       0x68 zephyr/subsys/bluetooth/controller/libsubsys__bluetooth__controller.a(ctrl.c.obj)
 .text.tx_cmplt_get
                0x0000000000003790       0x94 zephyr/subsys/bluetooth/controller/libsubsys__bluetooth__controller.a(ctrl.c.obj)
 .text.connection_get
                0x0000000000003824       0x2c zephyr/subsys/bluetooth/controller/libsubsys__bluetooth__controller.a(ctrl.c.obj)
 .text.role_disable
                0x0000000000003850      0x1f0 zephyr/subsys/bluetooth/controller/libsubsys__bluetooth__controller.a(ctrl.c.obj)
 .text.sched_after_mstr_free_slot_get
                0x0000000000003a40      0x124 zephyr/subsys/bluetooth/controller/libsubsys__bluetooth__controller.a(ctrl.c.obj)
 .text.isr_adv_ci_adva_check
                0x0000000000003b64       0x48 zephyr/subsys/bluetooth/controller/libsubsys__bluetooth__controller.a(ctrl.c.obj)
 .text.rx_fc_lock
                0x0000000000003bac       0x34 zephyr/subsys/bluetooth/controller/libsubsys__bluetooth__controller.a(ctrl.c.obj)
 .text.ticker_success_assert.part.5
                0x0000000000003be0        0xc zephyr/subsys/bluetooth/controller/libsubsys__bluetooth__controller.a(ctrl.c.obj)
 .text.ticker_success_assert
                0x0000000000003bec        0xa zephyr/subsys/bluetooth/controller/libsubsys__bluetooth__controller.a(ctrl.c.obj)
 *fill*         0x0000000000003bf6        0x2 
 .text.ticker_stop_adv_assert
                0x0000000000003bf8       0x30 zephyr/subsys/bluetooth/controller/libsubsys__bluetooth__controller.a(ctrl.c.obj)
 .text.ticker_stop_scan_assert
                0x0000000000003c28       0x30 zephyr/subsys/bluetooth/controller/libsubsys__bluetooth__controller.a(ctrl.c.obj)
 .text.ticker_update_adv_assert
                0x0000000000003c58       0x18 zephyr/subsys/bluetooth/controller/libsubsys__bluetooth__controller.a(ctrl.c.obj)
 .text.ticker_update_slave_assert
                0x0000000000003c70       0x18 zephyr/subsys/bluetooth/controller/libsubsys__bluetooth__controller.a(ctrl.c.obj)
 .text.ticker_job_disable
                0x0000000000003c88       0x18 zephyr/subsys/bluetooth/controller/libsubsys__bluetooth__controller.a(ctrl.c.obj)
 .text.hdr_conn_get
                0x0000000000003ca0       0x3c zephyr/subsys/bluetooth/controller/libsubsys__bluetooth__controller.a(ctrl.c.obj)
 .text.mayfly_xtal_retain.part.16
                0x0000000000003cdc       0x34 zephyr/subsys/bluetooth/controller/libsubsys__bluetooth__controller.a(ctrl.c.obj)
 .text.event_active
                0x0000000000003d10       0x1c zephyr/subsys/bluetooth/controller/libsubsys__bluetooth__controller.a(ctrl.c.obj)
 .text.event_xtal
                0x0000000000003d2c       0x1c zephyr/subsys/bluetooth/controller/libsubsys__bluetooth__controller.a(ctrl.c.obj)
 .text.mayfly_radio_active
                0x0000000000003d48       0x30 zephyr/subsys/bluetooth/controller/libsubsys__bluetooth__controller.a(ctrl.c.obj)
 .text.mayfly_radio_inactive
                0x0000000000003d78        0x6 zephyr/subsys/bluetooth/controller/libsubsys__bluetooth__controller.a(ctrl.c.obj)
 *fill*         0x0000000000003d7e        0x2 
 .text.mayfly_radio_stop
                0x0000000000003d80       0x34 zephyr/subsys/bluetooth/controller/libsubsys__bluetooth__controller.a(ctrl.c.obj)
 .text.rx_packet_set
                0x0000000000003db4       0x42 zephyr/subsys/bluetooth/controller/libsubsys__bluetooth__controller.a(ctrl.c.obj)
 *fill*         0x0000000000003df6        0x2 
 .text.pdu_node_tx_release
                0x0000000000003df8       0x48 zephyr/subsys/bluetooth/controller/libsubsys__bluetooth__controller.a(ctrl.c.obj)
 .text.packet_tx_enqueue
                0x0000000000003e40       0xa0 zephyr/subsys/bluetooth/controller/libsubsys__bluetooth__controller.a(ctrl.c.obj)
 .text.connection_release
                0x0000000000003ee0      0x108 zephyr/subsys/bluetooth/controller/libsubsys__bluetooth__controller.a(ctrl.c.obj)
 .text.tx_packet_set
                0x0000000000003fe8       0x40 zephyr/subsys/bluetooth/controller/libsubsys__bluetooth__controller.a(ctrl.c.obj)
 .text.chan_set
                0x0000000000004028       0x3e zephyr/subsys/bluetooth/controller/libsubsys__bluetooth__controller.a(ctrl.c.obj)
 *fill*         0x0000000000004066        0x2 
 .text.adv_setup
                0x0000000000004068       0xb0 zephyr/subsys/bluetooth/controller/libsubsys__bluetooth__controller.a(ctrl.c.obj)
 .text.sched_after_mstr_free_offset_get
                0x0000000000004118       0x74 zephyr/subsys/bluetooth/controller/libsubsys__bluetooth__controller.a(ctrl.c.obj)
 .text.mayfly_sched_win_offset_use
                0x000000000000418c       0x2e zephyr/subsys/bluetooth/controller/libsubsys__bluetooth__controller.a(ctrl.c.obj)
 *fill*         0x00000000000041ba        0x2 
 .text.ticker_stop_adv_stop
                0x00000000000041bc      0x114 zephyr/subsys/bluetooth/controller/libsubsys__bluetooth__controller.a(ctrl.c.obj)
 .text.isr_scan_tgta_check.isra.31
                0x00000000000042d0       0x60 zephyr/subsys/bluetooth/controller/libsubsys__bluetooth__controller.a(ctrl.c.obj)
 .text.packet_rx_enqueue
                0x0000000000004330       0x60 zephyr/subsys/bluetooth/controller/libsubsys__bluetooth__controller.a(ctrl.c.obj)
 .text.mayfly_adv_stop
                0x0000000000004390       0x30 zephyr/subsys/bluetooth/controller/libsubsys__bluetooth__controller.a(ctrl.c.obj)
 .text.terminate_ind_rx_enqueue
                0x00000000000043c0       0x50 zephyr/subsys/bluetooth/controller/libsubsys__bluetooth__controller.a(ctrl.c.obj)
 .text.isr_rx_scan_report.isra.38.part.39
                0x0000000000004410        0xc zephyr/subsys/bluetooth/controller/libsubsys__bluetooth__controller.a(ctrl.c.obj)
 .text.isr_rx_scan_report.isra.38
                0x000000000000441c       0x60 zephyr/subsys/bluetooth/controller/libsubsys__bluetooth__controller.a(ctrl.c.obj)
 .text.prepare_normal_set
                0x000000000000447c       0x48 zephyr/subsys/bluetooth/controller/libsubsys__bluetooth__controller.a(ctrl.c.obj)
 .text.adv_scan_configure.constprop.49
                0x00000000000044c4       0x54 zephyr/subsys/bluetooth/controller/libsubsys__bluetooth__controller.a(ctrl.c.obj)
 .text.event_stop.constprop.50
                0x0000000000004518       0x1c zephyr/subsys/bluetooth/controller/libsubsys__bluetooth__controller.a(ctrl.c.obj)
 .text.event_common_prepare
                0x0000000000004534      0x174 zephyr/subsys/bluetooth/controller/libsubsys__bluetooth__controller.a(ctrl.c.obj)
 .text.radio_event_adv_prepare
                0x00000000000046a8       0x38 zephyr/subsys/bluetooth/controller/libsubsys__bluetooth__controller.a(ctrl.c.obj)
                0x00000000000046a8                radio_event_adv_prepare
 .text.event_adv_stop
                0x00000000000046e0       0x30 zephyr/subsys/bluetooth/controller/libsubsys__bluetooth__controller.a(ctrl.c.obj)
                0x00000000000046e0                event_adv_stop
 .text.packet_rx_allocate.constprop.51
                0x0000000000004710       0x94 zephyr/subsys/bluetooth/controller/libsubsys__bluetooth__controller.a(ctrl.c.obj)
 .text.common_init
                0x00000000000047a4       0xcc zephyr/subsys/bluetooth/controller/libsubsys__bluetooth__controller.a(ctrl.c.obj)
 .text.k32src_wait
                0x0000000000004870       0x38 zephyr/subsys/bluetooth/controller/libsubsys__bluetooth__controller.a(ctrl.c.obj)
 .text.mayfly_xtal_stop
                0x00000000000048a8       0x10 zephyr/subsys/bluetooth/controller/libsubsys__bluetooth__controller.a(ctrl.c.obj)
 .text.chan_sel_2
                0x00000000000048b8       0x86 zephyr/subsys/bluetooth/controller/libsubsys__bluetooth__controller.a(ctrl.c.obj)
 *fill*         0x000000000000493e        0x2 
 .text.preempt_calc
                0x0000000000004940       0x44 zephyr/subsys/bluetooth/controller/libsubsys__bluetooth__controller.a(ctrl.c.obj)
 .text.event_adv
                0x0000000000004984       0xb4 zephyr/subsys/bluetooth/controller/libsubsys__bluetooth__controller.a(ctrl.c.obj)
 .text.connection_configure
                0x0000000000004a38       0x3c zephyr/subsys/bluetooth/controller/libsubsys__bluetooth__controller.a(ctrl.c.obj)
 .text.event_slave
                0x0000000000004a74      0x170 zephyr/subsys/bluetooth/controller/libsubsys__bluetooth__controller.a(ctrl.c.obj)
 .text.ctrl_tx_enqueue
                0x0000000000004be4       0x5c zephyr/subsys/bluetooth/controller/libsubsys__bluetooth__controller.a(ctrl.c.obj)
 .text.ctrl_tx_sec_enqueue
                0x0000000000004c40       0x32 zephyr/subsys/bluetooth/controller/libsubsys__bluetooth__controller.a(ctrl.c.obj)
 *fill*         0x0000000000004c72        0x2 
 .text.feature_rsp_send
                0x0000000000004c74       0x8c zephyr/subsys/bluetooth/controller/libsubsys__bluetooth__controller.a(ctrl.c.obj)
 .text.event_connection_prepare
                0x0000000000004d00      0x688 zephyr/subsys/bluetooth/controller/libsubsys__bluetooth__controller.a(ctrl.c.obj)
 .text.event_slave_prepare
                0x0000000000005388        0x4 zephyr/subsys/bluetooth/controller/libsubsys__bluetooth__controller.a(ctrl.c.obj)
 .text.event_master_prepare
                0x000000000000538c        0x4 zephyr/subsys/bluetooth/controller/libsubsys__bluetooth__controller.a(ctrl.c.obj)
 .text.prepare_pdu_data_tx
                0x0000000000005390       0xc4 zephyr/subsys/bluetooth/controller/libsubsys__bluetooth__controller.a(ctrl.c.obj)
 *fill*         0x0000000000005454        0x4 
 .text.isr      0x0000000000005458     0x150c zephyr/subsys/bluetooth/controller/libsubsys__bluetooth__controller.a(ctrl.c.obj)
 *fill*         0x0000000000006964        0x4 
 .text.mayfly_xtal_stop_calc
                0x0000000000006968      0x1f8 zephyr/subsys/bluetooth/controller/libsubsys__bluetooth__controller.a(ctrl.c.obj)
 .text.event_master
                0x0000000000006b60      0x134 zephyr/subsys/bluetooth/controller/libsubsys__bluetooth__controller.a(ctrl.c.obj)
 .text.radio_init
                0x0000000000006c94       0xfc zephyr/subsys/bluetooth/controller/libsubsys__bluetooth__controller.a(ctrl.c.obj)
                0x0000000000006c94                radio_init
 .text.ll_reset
                0x0000000000006d90       0x9c zephyr/subsys/bluetooth/controller/libsubsys__bluetooth__controller.a(ctrl.c.obj)
                0x0000000000006d90                ll_reset
 .text.radio_adv_data_get
                0x0000000000006e2c        0x8 zephyr/subsys/bluetooth/controller/libsubsys__bluetooth__controller.a(ctrl.c.obj)
                0x0000000000006e2c                radio_adv_data_get
 .text.radio_scan_data_get
                0x0000000000006e34        0x8 zephyr/subsys/bluetooth/controller/libsubsys__bluetooth__controller.a(ctrl.c.obj)
                0x0000000000006e34                radio_scan_data_get
 .text.ll_adv_is_enabled
                0x0000000000006e3c       0x10 zephyr/subsys/bluetooth/controller/libsubsys__bluetooth__controller.a(ctrl.c.obj)
                0x0000000000006e3c                ll_adv_is_enabled
 .text.radio_adv_filter_pol_get
                0x0000000000006e4c       0x18 zephyr/subsys/bluetooth/controller/libsubsys__bluetooth__controller.a(ctrl.c.obj)
                0x0000000000006e4c                radio_adv_filter_pol_get
 .text.ll_scan_is_enabled
                0x0000000000006e64       0x2c zephyr/subsys/bluetooth/controller/libsubsys__bluetooth__controller.a(ctrl.c.obj)
                0x0000000000006e64                ll_scan_is_enabled
 .text.radio_scan_filter_pol_get
                0x0000000000006e90       0x1c zephyr/subsys/bluetooth/controller/libsubsys__bluetooth__controller.a(ctrl.c.obj)
                0x0000000000006e90                radio_scan_filter_pol_get
 .text.ll_tx_pwr_lvl_get
                0x0000000000006eac       0x14 zephyr/subsys/bluetooth/controller/libsubsys__bluetooth__controller.a(ctrl.c.obj)
                0x0000000000006eac                ll_tx_pwr_lvl_get
 .text.ll_rx_get
                0x0000000000006ec0       0x70 zephyr/subsys/bluetooth/controller/libsubsys__bluetooth__controller.a(ctrl.c.obj)
                0x0000000000006ec0                ll_rx_get
 .text.ll_rx_mem_release
                0x0000000000006f30       0x64 zephyr/subsys/bluetooth/controller/libsubsys__bluetooth__controller.a(ctrl.c.obj)
                0x0000000000006f30                ll_rx_mem_release
 .text.do_radio_rx_fc_set
                0x0000000000006f94       0x5c zephyr/subsys/bluetooth/controller/libsubsys__bluetooth__controller.a(ctrl.c.obj)
                0x0000000000006f94                do_radio_rx_fc_set
 .text.radio_rx_fc_set
                0x0000000000006ff0       0x58 zephyr/subsys/bluetooth/controller/libsubsys__bluetooth__controller.a(ctrl.c.obj)
                0x0000000000006ff0                radio_rx_fc_set
 .text.ll_adv_scan_state_cb
                0x0000000000007048        0x2 zephyr/subsys/bluetooth/controller/libsubsys__bluetooth__controller.a(ctrl.c.obj)
                0x0000000000007048                ll_adv_scan_state_cb
 *fill*         0x000000000000704a        0x6 
 .text.radio_adv_enable
                0x0000000000007050      0x2b4 zephyr/subsys/bluetooth/controller/libsubsys__bluetooth__controller.a(ctrl.c.obj)
                0x0000000000007050                radio_adv_enable
 .text.radio_adv_disable
                0x0000000000007304       0x5c zephyr/subsys/bluetooth/controller/libsubsys__bluetooth__controller.a(ctrl.c.obj)
                0x0000000000007304                radio_adv_disable
 .text.ll_rx_dequeue
                0x0000000000007360       0xe0 zephyr/subsys/bluetooth/controller/libsubsys__bluetooth__controller.a(ctrl.c.obj)
                0x0000000000007360                ll_rx_dequeue
 .text.rtc0_nrf5_isr
                0x0000000000007440       0x34 zephyr/subsys/bluetooth/controller/libsubsys__bluetooth__controller.a(ll.c.obj)
 .text.swi4_nrf5_isr
                0x0000000000007474        0x6 zephyr/subsys/bluetooth/controller/libsubsys__bluetooth__controller.a(ll.c.obj)
 .text.radio_nrf5_isr
                0x000000000000747a       0x1e zephyr/subsys/bluetooth/controller/libsubsys__bluetooth__controller.a(ll.c.obj)
                0x000000000000747a                radio_nrf5_isr
 .text.radio_active_callback
                0x0000000000007498        0x2 zephyr/subsys/bluetooth/controller/libsubsys__bluetooth__controller.a(ll.c.obj)
                0x0000000000007498                radio_active_callback
 *fill*         0x000000000000749a        0x2 
 .text.radio_event_callback
                0x000000000000749c        0xc zephyr/subsys/bluetooth/controller/libsubsys__bluetooth__controller.a(ll.c.obj)
                0x000000000000749c                radio_event_callback
 .text.ll_init  0x00000000000074a8      0x110 zephyr/subsys/bluetooth/controller/libsubsys__bluetooth__controller.a(ll.c.obj)
                0x00000000000074a8                ll_init
 .text._hci_driver_init
                0x00000000000075b8       0x10 zephyr/subsys/bluetooth/controller/libsubsys__bluetooth__controller.a(hci_driver.c.obj)
 .text.hci_driver_send
                0x00000000000075c8       0x36 zephyr/subsys/bluetooth/controller/libsubsys__bluetooth__controller.a(hci_driver.c.obj)
 *fill*         0x00000000000075fe        0x2 
 .text.recv_thread
                0x0000000000007600       0x78 zephyr/subsys/bluetooth/controller/libsubsys__bluetooth__controller.a(hci_driver.c.obj)
 .text.prio_recv_thread
                0x0000000000007678       0x3c zephyr/subsys/bluetooth/controller/libsubsys__bluetooth__controller.a(hci_driver.c.obj)
 .text.hci_driver_open
                0x00000000000076b4       0x70 zephyr/subsys/bluetooth/controller/libsubsys__bluetooth__controller.a(hci_driver.c.obj)
 .text.sys_put_le32
                0x0000000000007724       0x12 zephyr/subsys/bluetooth/controller/libsubsys__bluetooth__controller.a(hci.c.obj)
 .text.evt_create
                0x0000000000007736       0x14 zephyr/subsys/bluetooth/controller/libsubsys__bluetooth__controller.a(hci.c.obj)
 *fill*         0x000000000000774a        0x2 
 .text.cmd_complete
                0x000000000000774c       0x44 zephyr/subsys/bluetooth/controller/libsubsys__bluetooth__controller.a(hci.c.obj)
 .text.meta_evt
                0x0000000000007790       0x2a zephyr/subsys/bluetooth/controller/libsubsys__bluetooth__controller.a(hci.c.obj)
 *fill*         0x00000000000077ba        0x2 
 .text.le_remote_feat_complete
                0x00000000000077bc       0x68 zephyr/subsys/bluetooth/controller/libsubsys__bluetooth__controller.a(hci.c.obj)
 .text.bt_addr_le_to_str.constprop.43
                0x0000000000007824       0x78 zephyr/subsys/bluetooth/controller/libsubsys__bluetooth__controller.a(hci.c.obj)
 .text.le_adv_ext_report.isra.38.part.39
                0x000000000000789c       0x36 zephyr/subsys/bluetooth/controller/libsubsys__bluetooth__controller.a(hci.c.obj)
 .text.sys_get_le64
                0x00000000000078d2        0x8 zephyr/subsys/bluetooth/controller/libsubsys__bluetooth__controller.a(hci.c.obj)
 *fill*         0x00000000000078da        0x2 
 .text.hci_cmd_handle
                0x00000000000078dc      0x5d4 zephyr/subsys/bluetooth/controller/libsubsys__bluetooth__controller.a(hci.c.obj)
                0x00000000000078dc                hci_cmd_handle
 .text.hci_evt_encode
                0x0000000000007eb0      0x1d0 zephyr/subsys/bluetooth/controller/libsubsys__bluetooth__controller.a(hci.c.obj)
                0x0000000000007eb0                hci_evt_encode
 .text.hci_get_class
                0x0000000000008080       0x40 zephyr/subsys/bluetooth/controller/libsubsys__bluetooth__controller.a(hci.c.obj)
                0x0000000000008080                hci_get_class
 .text.hci_init
                0x00000000000080c0       0x24 zephyr/subsys/bluetooth/controller/libsubsys__bluetooth__controller.a(hci.c.obj)
                0x00000000000080c0                hci_init
 .text.bt_rand  0x00000000000080e4       0x34 zephyr/subsys/bluetooth/controller/libsubsys__bluetooth__controller.a(crypto.c.obj)
                0x00000000000080e4                bt_rand
 .text.ll_adv_params_set
                0x0000000000008118      0x1e4 zephyr/subsys/bluetooth/controller/libsubsys__bluetooth__controller.a(ll_adv.c.obj)
                0x0000000000008118                ll_adv_params_set
 .text.ll_adv_data_set
                0x00000000000082fc       0xb0 zephyr/subsys/bluetooth/controller/libsubsys__bluetooth__controller.a(ll_adv.c.obj)
                0x00000000000082fc                ll_adv_data_set
 .text.ll_scan_data_set
                0x00000000000083ac       0x8c zephyr/subsys/bluetooth/controller/libsubsys__bluetooth__controller.a(ll_adv.c.obj)
                0x00000000000083ac                ll_scan_data_set
 .text.ll_adv_enable
                0x0000000000008438       0xc0 zephyr/subsys/bluetooth/controller/libsubsys__bluetooth__controller.a(ll_adv.c.obj)
                0x0000000000008438                ll_adv_enable
 .text.ctrl_filter_get
                0x00000000000084f8       0x18 zephyr/subsys/bluetooth/controller/libsubsys__bluetooth__controller.a(ll_filter.c.obj)
                0x00000000000084f8                ctrl_filter_get
 .text.ll_wl_size_get
                0x0000000000008510        0x4 zephyr/subsys/bluetooth/controller/libsubsys__bluetooth__controller.a(ll_filter.c.obj)
                0x0000000000008510                ll_wl_size_get
 .text.ll_wl_clear
                0x0000000000008514       0x2c zephyr/subsys/bluetooth/controller/libsubsys__bluetooth__controller.a(ll_filter.c.obj)
                0x0000000000008514                ll_wl_clear
 .text.ll_wl_add
                0x0000000000008540       0x70 zephyr/subsys/bluetooth/controller/libsubsys__bluetooth__controller.a(ll_filter.c.obj)
                0x0000000000008540                ll_wl_add
 .text.ll_wl_remove
                0x00000000000085b0       0x8c zephyr/subsys/bluetooth/controller/libsubsys__bluetooth__controller.a(ll_filter.c.obj)
                0x00000000000085b0                ll_wl_remove
 .text.ll_filter_reset
                0x000000000000863c       0x18 zephyr/subsys/bluetooth/controller/libsubsys__bluetooth__controller.a(ll_filter.c.obj)
                0x000000000000863c                ll_filter_reset
 .text.cntr_init
                0x0000000000008654       0x1c zephyr/subsys/bluetooth/controller/libsubsys__bluetooth__controller.a(cntr.c.obj)
                0x0000000000008654                cntr_init
 .text.cntr_start
                0x0000000000008670       0x1c zephyr/subsys/bluetooth/controller/libsubsys__bluetooth__controller.a(cntr.c.obj)
                0x0000000000008670                cntr_start
 .text.cntr_stop
                0x000000000000868c       0x30 zephyr/subsys/bluetooth/controller/libsubsys__bluetooth__controller.a(cntr.c.obj)
                0x000000000000868c                cntr_stop
 .text.cntr_cnt_get
                0x00000000000086bc        0xc zephyr/subsys/bluetooth/controller/libsubsys__bluetooth__controller.a(cntr.c.obj)
                0x00000000000086bc                cntr_cnt_get
 .text.cntr_cmp_set
                0x00000000000086c8       0x10 zephyr/subsys/bluetooth/controller/libsubsys__bluetooth__controller.a(cntr.c.obj)
                0x00000000000086c8                cntr_cmp_set
 .text.do_ecb   0x00000000000086d8       0x58 zephyr/subsys/bluetooth/controller/libsubsys__bluetooth__controller.a(ecb.c.obj)
 .text.ecb_encrypt
                0x0000000000008730       0x42 zephyr/subsys/bluetooth/controller/libsubsys__bluetooth__controller.a(ecb.c.obj)
                0x0000000000008730                ecb_encrypt
 *fill*         0x0000000000008772        0x2 
 .text.hal_radio_enable_on_tick_ppi_config_and_enable
                0x0000000000008774       0x30 zephyr/subsys/bluetooth/controller/libsubsys__bluetooth__controller.a(radio.c.obj)
 .text.sw_switch.isra.10
                0x00000000000087a4       0xc8 zephyr/subsys/bluetooth/controller/libsubsys__bluetooth__controller.a(radio.c.obj)
 .text.isr_radio
                0x000000000000886c       0x10 zephyr/subsys/bluetooth/controller/libsubsys__bluetooth__controller.a(radio.c.obj)
                0x000000000000886c                isr_radio
 .text.radio_isr_set
                0x000000000000887c       0x28 zephyr/subsys/bluetooth/controller/libsubsys__bluetooth__controller.a(radio.c.obj)
                0x000000000000887c                radio_isr_set
 .text.radio_setup
                0x00000000000088a4       0x44 zephyr/subsys/bluetooth/controller/libsubsys__bluetooth__controller.a(radio.c.obj)
                0x00000000000088a4                radio_setup
 .text.radio_reset
                0x00000000000088e8       0x34 zephyr/subsys/bluetooth/controller/libsubsys__bluetooth__controller.a(radio.c.obj)
                0x00000000000088e8                radio_reset
 .text.radio_phy_set
                0x000000000000891c       0x20 zephyr/subsys/bluetooth/controller/libsubsys__bluetooth__controller.a(radio.c.obj)
                0x000000000000891c                radio_phy_set
 .text.radio_tx_power_set
                0x000000000000893c        0xc zephyr/subsys/bluetooth/controller/libsubsys__bluetooth__controller.a(radio.c.obj)
                0x000000000000893c                radio_tx_power_set
 .text.radio_freq_chan_set
                0x0000000000008948        0xc zephyr/subsys/bluetooth/controller/libsubsys__bluetooth__controller.a(radio.c.obj)
                0x0000000000008948                radio_freq_chan_set
 .text.radio_whiten_iv_set
                0x0000000000008954       0x24 zephyr/subsys/bluetooth/controller/libsubsys__bluetooth__controller.a(radio.c.obj)
                0x0000000000008954                radio_whiten_iv_set
 .text.radio_aa_set
                0x0000000000008978       0x30 zephyr/subsys/bluetooth/controller/libsubsys__bluetooth__controller.a(radio.c.obj)
                0x0000000000008978                radio_aa_set
 .text.radio_pkt_configure
                0x00000000000089a8       0x5c zephyr/subsys/bluetooth/controller/libsubsys__bluetooth__controller.a(radio.c.obj)
                0x00000000000089a8                radio_pkt_configure
 .text.radio_pkt_rx_set
                0x0000000000008a04        0xc zephyr/subsys/bluetooth/controller/libsubsys__bluetooth__controller.a(radio.c.obj)
                0x0000000000008a04                radio_pkt_rx_set
 .text.radio_pkt_tx_set
                0x0000000000008a10        0xc zephyr/subsys/bluetooth/controller/libsubsys__bluetooth__controller.a(radio.c.obj)
                0x0000000000008a10                radio_pkt_tx_set
 .text.radio_tx_ready_delay_get
                0x0000000000008a1c        0xa zephyr/subsys/bluetooth/controller/libsubsys__bluetooth__controller.a(radio.c.obj)
                0x0000000000008a1c                radio_tx_ready_delay_get
 .text.radio_tx_chain_delay_get
                0x0000000000008a26        0x4 zephyr/subsys/bluetooth/controller/libsubsys__bluetooth__controller.a(radio.c.obj)
                0x0000000000008a26                radio_tx_chain_delay_get
 .text.radio_rx_ready_delay_get
                0x0000000000008a2a        0x4 zephyr/subsys/bluetooth/controller/libsubsys__bluetooth__controller.a(radio.c.obj)
                0x0000000000008a2a                radio_rx_ready_delay_get
 .text.radio_rx_chain_delay_get
                0x0000000000008a2e        0xa zephyr/subsys/bluetooth/controller/libsubsys__bluetooth__controller.a(radio.c.obj)
                0x0000000000008a2e                radio_rx_chain_delay_get
 .text.radio_rx_enable
                0x0000000000008a38        0xc zephyr/subsys/bluetooth/controller/libsubsys__bluetooth__controller.a(radio.c.obj)
                0x0000000000008a38                radio_rx_enable
 .text.radio_tx_enable
                0x0000000000008a44        0xc zephyr/subsys/bluetooth/controller/libsubsys__bluetooth__controller.a(radio.c.obj)
                0x0000000000008a44                radio_tx_enable
 .text.radio_disable
                0x0000000000008a50       0x24 zephyr/subsys/bluetooth/controller/libsubsys__bluetooth__controller.a(radio.c.obj)
                0x0000000000008a50                radio_disable
 .text.radio_status_reset
                0x0000000000008a74       0x18 zephyr/subsys/bluetooth/controller/libsubsys__bluetooth__controller.a(radio.c.obj)
                0x0000000000008a74                radio_status_reset
 .text.radio_is_ready
                0x0000000000008a8c       0x14 zephyr/subsys/bluetooth/controller/libsubsys__bluetooth__controller.a(radio.c.obj)
                0x0000000000008a8c                radio_is_ready
 .text.radio_is_done
                0x0000000000008aa0       0x14 zephyr/subsys/bluetooth/controller/libsubsys__bluetooth__controller.a(radio.c.obj)
                0x0000000000008aa0                radio_is_done
 .text.radio_is_idle
                0x0000000000008ab4       0x14 zephyr/subsys/bluetooth/controller/libsubsys__bluetooth__controller.a(radio.c.obj)
                0x0000000000008ab4                radio_is_idle
 .text.radio_crc_configure
                0x0000000000008ac8       0x18 zephyr/subsys/bluetooth/controller/libsubsys__bluetooth__controller.a(radio.c.obj)
                0x0000000000008ac8                radio_crc_configure
 .text.radio_crc_is_valid
                0x0000000000008ae0       0x14 zephyr/subsys/bluetooth/controller/libsubsys__bluetooth__controller.a(radio.c.obj)
                0x0000000000008ae0                radio_crc_is_valid
 .text.radio_pkt_empty_get
                0x0000000000008af4        0x8 zephyr/subsys/bluetooth/controller/libsubsys__bluetooth__controller.a(radio.c.obj)
                0x0000000000008af4                radio_pkt_empty_get
 .text.radio_pkt_scratch_get
                0x0000000000008afc        0x8 zephyr/subsys/bluetooth/controller/libsubsys__bluetooth__controller.a(radio.c.obj)
                0x0000000000008afc                radio_pkt_scratch_get
 .text.radio_switch_complete_and_rx
                0x0000000000008b04       0x18 zephyr/subsys/bluetooth/controller/libsubsys__bluetooth__controller.a(radio.c.obj)
                0x0000000000008b04                radio_switch_complete_and_rx
 .text.radio_switch_complete_and_tx
                0x0000000000008b1c       0x14 zephyr/subsys/bluetooth/controller/libsubsys__bluetooth__controller.a(radio.c.obj)
                0x0000000000008b1c                radio_switch_complete_and_tx
 .text.radio_switch_complete_and_disable
                0x0000000000008b30       0x1c zephyr/subsys/bluetooth/controller/libsubsys__bluetooth__controller.a(radio.c.obj)
                0x0000000000008b30                radio_switch_complete_and_disable
 .text.radio_rssi_measure
                0x0000000000008b4c       0x14 zephyr/subsys/bluetooth/controller/libsubsys__bluetooth__controller.a(radio.c.obj)
                0x0000000000008b4c                radio_rssi_measure
 .text.radio_rssi_get
                0x0000000000008b60        0xc zephyr/subsys/bluetooth/controller/libsubsys__bluetooth__controller.a(radio.c.obj)
                0x0000000000008b60                radio_rssi_get
 .text.radio_rssi_status_reset
                0x0000000000008b6c       0x10 zephyr/subsys/bluetooth/controller/libsubsys__bluetooth__controller.a(radio.c.obj)
                0x0000000000008b6c                radio_rssi_status_reset
 .text.radio_rssi_is_ready
                0x0000000000008b7c       0x14 zephyr/subsys/bluetooth/controller/libsubsys__bluetooth__controller.a(radio.c.obj)
                0x0000000000008b7c                radio_rssi_is_ready
 .text.radio_filter_configure
                0x0000000000008b90       0x34 zephyr/subsys/bluetooth/controller/libsubsys__bluetooth__controller.a(radio.c.obj)
                0x0000000000008b90                radio_filter_configure
 .text.radio_filter_disable
                0x0000000000008bc4       0x14 zephyr/subsys/bluetooth/controller/libsubsys__bluetooth__controller.a(radio.c.obj)
                0x0000000000008bc4                radio_filter_disable
 .text.radio_filter_status_reset
                0x0000000000008bd8       0x10 zephyr/subsys/bluetooth/controller/libsubsys__bluetooth__controller.a(radio.c.obj)
                0x0000000000008bd8                radio_filter_status_reset
 .text.radio_filter_has_match
                0x0000000000008be8       0x14 zephyr/subsys/bluetooth/controller/libsubsys__bluetooth__controller.a(radio.c.obj)
                0x0000000000008be8                radio_filter_has_match
 .text.radio_filter_match_get
                0x0000000000008bfc        0xc zephyr/subsys/bluetooth/controller/libsubsys__bluetooth__controller.a(radio.c.obj)
                0x0000000000008bfc                radio_filter_match_get
 .text.radio_tmr_status_reset
                0x0000000000008c08       0x1c zephyr/subsys/bluetooth/controller/libsubsys__bluetooth__controller.a(radio.c.obj)
                0x0000000000008c08                radio_tmr_status_reset
 .text.radio_tmr_tifs_set
                0x0000000000008c24       0x18 zephyr/subsys/bluetooth/controller/libsubsys__bluetooth__controller.a(radio.c.obj)
                0x0000000000008c24                radio_tmr_tifs_set
 .text.radio_tmr_start
                0x0000000000008c3c       0xe8 zephyr/subsys/bluetooth/controller/libsubsys__bluetooth__controller.a(radio.c.obj)
                0x0000000000008c3c                radio_tmr_start
 .text.radio_tmr_stop
                0x0000000000008d24       0x18 zephyr/subsys/bluetooth/controller/libsubsys__bluetooth__controller.a(radio.c.obj)
                0x0000000000008d24                radio_tmr_stop
 .text.radio_tmr_hcto_configure
                0x0000000000008d3c       0x3c zephyr/subsys/bluetooth/controller/libsubsys__bluetooth__controller.a(radio.c.obj)
                0x0000000000008d3c                radio_tmr_hcto_configure
 .text.radio_tmr_aa_capture
                0x0000000000008d78       0x38 zephyr/subsys/bluetooth/controller/libsubsys__bluetooth__controller.a(radio.c.obj)
                0x0000000000008d78                radio_tmr_aa_capture
 .text.radio_tmr_aa_get
                0x0000000000008db0        0xc zephyr/subsys/bluetooth/controller/libsubsys__bluetooth__controller.a(radio.c.obj)
                0x0000000000008db0                radio_tmr_aa_get
 .text.radio_tmr_aa_save
                0x0000000000008dbc        0xc zephyr/subsys/bluetooth/controller/libsubsys__bluetooth__controller.a(radio.c.obj)
                0x0000000000008dbc                radio_tmr_aa_save
 .text.radio_tmr_aa_restore
                0x0000000000008dc8        0xc zephyr/subsys/bluetooth/controller/libsubsys__bluetooth__controller.a(radio.c.obj)
                0x0000000000008dc8                radio_tmr_aa_restore
 .text.radio_tmr_ready_get
                0x0000000000008dd4        0xc zephyr/subsys/bluetooth/controller/libsubsys__bluetooth__controller.a(radio.c.obj)
                0x0000000000008dd4                radio_tmr_ready_get
 .text.radio_tmr_end_capture
                0x0000000000008de0       0x24 zephyr/subsys/bluetooth/controller/libsubsys__bluetooth__controller.a(radio.c.obj)
                0x0000000000008de0                radio_tmr_end_capture
 .text.radio_tmr_end_get
                0x0000000000008e04        0xc zephyr/subsys/bluetooth/controller/libsubsys__bluetooth__controller.a(radio.c.obj)
                0x0000000000008e04                radio_tmr_end_get
 .text.radio_tmr_tifs_base_get
                0x0000000000008e10        0xc zephyr/subsys/bluetooth/controller/libsubsys__bluetooth__controller.a(radio.c.obj)
                0x0000000000008e10                radio_tmr_tifs_base_get
 .text.radio_ccm_rx_pkt_set
                0x0000000000008e1c       0x78 zephyr/subsys/bluetooth/controller/libsubsys__bluetooth__controller.a(radio.c.obj)
                0x0000000000008e1c                radio_ccm_rx_pkt_set
 .text.radio_ccm_tx_pkt_set
                0x0000000000008e94       0x4c zephyr/subsys/bluetooth/controller/libsubsys__bluetooth__controller.a(radio.c.obj)
                0x0000000000008e94                radio_ccm_tx_pkt_set
 .text.radio_ccm_is_done
                0x0000000000008ee0       0x3c zephyr/subsys/bluetooth/controller/libsubsys__bluetooth__controller.a(radio.c.obj)
                0x0000000000008ee0                radio_ccm_is_done
 .text.radio_ccm_mic_is_valid
                0x0000000000008f1c       0x14 zephyr/subsys/bluetooth/controller/libsubsys__bluetooth__controller.a(radio.c.obj)
                0x0000000000008f1c                radio_ccm_mic_is_valid
 .text.radio_ar_match_get
                0x0000000000008f30        0xc zephyr/subsys/bluetooth/controller/libsubsys__bluetooth__controller.a(radio.c.obj)
                0x0000000000008f30                radio_ar_match_get
 .text.radio_ar_status_reset
                0x0000000000008f3c       0x18 zephyr/subsys/bluetooth/controller/libsubsys__bluetooth__controller.a(radio.c.obj)
                0x0000000000008f3c                radio_ar_status_reset
 .text.radio_ar_has_match
                0x0000000000008f54       0x28 zephyr/subsys/bluetooth/controller/libsubsys__bluetooth__controller.a(radio.c.obj)
                0x0000000000008f54                radio_ar_has_match
 .text.mayfly_enable_cb
                0x0000000000008f7c       0x1c zephyr/subsys/bluetooth/controller/libsubsys__bluetooth__controller.a(mayfly.c.obj)
                0x0000000000008f7c                mayfly_enable_cb
 .text.mayfly_is_enabled
                0x0000000000008f98       0x1c zephyr/subsys/bluetooth/controller/libsubsys__bluetooth__controller.a(mayfly.c.obj)
                0x0000000000008f98                mayfly_is_enabled
 .text.mayfly_prio_is_equal
                0x0000000000008fb4       0x22 zephyr/subsys/bluetooth/controller/libsubsys__bluetooth__controller.a(mayfly.c.obj)
                0x0000000000008fb4                mayfly_prio_is_equal
 *fill*         0x0000000000008fd6        0x2 
 .text.mayfly_pend
                0x0000000000008fd8       0x28 zephyr/subsys/bluetooth/controller/libsubsys__bluetooth__controller.a(mayfly.c.obj)
                0x0000000000008fd8                mayfly_pend
 .text.hal_ticker_instance0_caller_id_get
                0x0000000000009000       0x20 zephyr/subsys/bluetooth/controller/libsubsys__bluetooth__controller.a(ticker.c.obj)
                0x0000000000009000                hal_ticker_instance0_caller_id_get
 .text.hal_ticker_instance0_sched
                0x0000000000009020       0x78 zephyr/subsys/bluetooth/controller/libsubsys__bluetooth__controller.a(ticker.c.obj)
                0x0000000000009020                hal_ticker_instance0_sched
 .text.hal_ticker_instance0_trigger_set
                0x0000000000009098        0x8 zephyr/subsys/bluetooth/controller/libsubsys__bluetooth__controller.a(ticker.c.obj)
                0x0000000000009098                hal_ticker_instance0_trigger_set
 .text.fixed_data_unref
                0x00000000000090a0        0x2 zephyr/subsys/net/libsubsys__net.a(buf.c.obj)
 *fill*         0x00000000000090a2        0x2 
 .text.net_buf_pool_get
                0x00000000000090a4        0xc zephyr/subsys/net/libsubsys__net.a(buf.c.obj)
                0x00000000000090a4                net_buf_pool_get
 .text.net_buf_id
                0x00000000000090b0       0x1c zephyr/subsys/net/libsubsys__net.a(buf.c.obj)
                0x00000000000090b0                net_buf_id
 .text.fixed_data_alloc
                0x00000000000090cc       0x2c zephyr/subsys/net/libsubsys__net.a(buf.c.obj)
 .text.net_buf_alloc_len
                0x00000000000090f8       0xd4 zephyr/subsys/net/libsubsys__net.a(buf.c.obj)
                0x00000000000090f8                net_buf_alloc_len
 .text.net_buf_alloc_fixed
                0x00000000000091cc        0xc zephyr/subsys/net/libsubsys__net.a(buf.c.obj)
                0x00000000000091cc                net_buf_alloc_fixed
 .text.net_buf_simple_reserve
                0x00000000000091d8        0x8 zephyr/subsys/net/libsubsys__net.a(buf.c.obj)
                0x00000000000091d8                net_buf_simple_reserve
 .text.net_buf_put
                0x00000000000091e0       0x1a zephyr/subsys/net/libsubsys__net.a(buf.c.obj)
                0x00000000000091e0                net_buf_put
 *fill*         0x00000000000091fa        0x2 
 .text.net_buf_unref
                0x00000000000091fc       0x5c zephyr/subsys/net/libsubsys__net.a(buf.c.obj)
                0x00000000000091fc                net_buf_unref
 .text.net_buf_ref
                0x0000000000009258        0x8 zephyr/subsys/net/libsubsys__net.a(buf.c.obj)
                0x0000000000009258                net_buf_ref
 .text.net_buf_simple_add
                0x0000000000009260        0xc zephyr/subsys/net/libsubsys__net.a(buf.c.obj)
                0x0000000000009260                net_buf_simple_add
 .text.net_buf_simple_add_mem
                0x000000000000926c       0x12 zephyr/subsys/net/libsubsys__net.a(buf.c.obj)
                0x000000000000926c                net_buf_simple_add_mem
 .text.net_buf_simple_pull
                0x000000000000927e       0x10 zephyr/subsys/net/libsubsys__net.a(buf.c.obj)
                0x000000000000927e                net_buf_simple_pull
 .text.gpio_nrf5_read
                0x000000000000928e       0x20 zephyr/drivers/gpio/libdrivers__gpio.a(gpio_nrf5.c.obj)
 .text.gpio_nrf5_write
                0x00000000000092ae       0x24 zephyr/drivers/gpio/libdrivers__gpio.a(gpio_nrf5.c.obj)
 .text.gpio_nrf5_manage_callback
                0x00000000000092d2       0x42 zephyr/drivers/gpio/libdrivers__gpio.a(gpio_nrf5.c.obj)
 .text.gpiote_find_channel.isra.4
                0x0000000000009314       0x3c zephyr/drivers/gpio/libdrivers__gpio.a(gpio_nrf5.c.obj)
 .text.gpio_nrf5_enable_callback
                0x0000000000009350       0x48 zephyr/drivers/gpio/libdrivers__gpio.a(gpio_nrf5.c.obj)
 .text.gpio_nrf5_disable_callback
                0x0000000000009398       0x40 zephyr/drivers/gpio/libdrivers__gpio.a(gpio_nrf5.c.obj)
 .text.gpio_nrf5_config
                0x00000000000093d8      0x104 zephyr/drivers/gpio/libdrivers__gpio.a(gpio_nrf5.c.obj)
 .text.gpio_nrf5_P0_init
                0x00000000000094dc       0x16 zephyr/drivers/gpio/libdrivers__gpio.a(gpio_nrf5.c.obj)
 *fill*         0x00000000000094f2        0x2 
 .text.gpio_nrf5_port_isr
                0x00000000000094f4       0x5c zephyr/drivers/gpio/libdrivers__gpio.a(gpio_nrf5.c.obj)
 .text.dht_channel_get
                0x0000000000009550       0x14 zephyr/drivers/sensor/dht/libdrivers__sensor__dht.a(dht.c.obj)
 .text.dht_measure_signal_duration.isra.0
                0x0000000000009564       0x44 zephyr/drivers/sensor/dht/libdrivers__sensor__dht.a(dht.c.obj)
 .text.dht_init
                0x00000000000095a8       0x38 zephyr/drivers/sensor/dht/libdrivers__sensor__dht.a(dht.c.obj)
 .text.gpio_pin_write.constprop.2
                0x00000000000095e0       0x12 zephyr/drivers/sensor/dht/libdrivers__sensor__dht.a(dht.c.obj)
 .text.dht_sample_fetch
                0x00000000000095f2      0x122 zephyr/drivers/sensor/dht/libdrivers__sensor__dht.a(dht.c.obj)
 .text.get      0x0000000000009714       0xc4 zephyr/drivers/entropy/libdrivers__entropy.a(entropy_nrf5.c.obj)
 .text.isr      0x00000000000097d8       0x48 zephyr/drivers/entropy/libdrivers__entropy.a(entropy_nrf5.c.obj)
 .text.entropy_nrf5_init
                0x0000000000009820       0x74 zephyr/drivers/entropy/libdrivers__entropy.a(entropy_nrf5.c.obj)
 .text.entropy_nrf5_get_entropy_isr
                0x0000000000009894       0x84 zephyr/drivers/entropy/libdrivers__entropy.a(entropy_nrf5.c.obj)
 .text.isr_rand
                0x0000000000009918       0x58 zephyr/drivers/entropy/libdrivers__entropy.a(entropy_nrf5.c.obj)
 .text.entropy_nrf5_get_entropy
                0x0000000000009970       0x54 zephyr/drivers/entropy/libdrivers__entropy.a(entropy_nrf5.c.obj)
 .text.entropy_nrf_get_entropy_isr
                0x00000000000099c4       0x10 zephyr/drivers/entropy/libdrivers__entropy.a(entropy_nrf5.c.obj)
                0x00000000000099c4                entropy_nrf_get_entropy_isr
 .text._sys_device_do_config_level
                0x00000000000099d4       0x28 zephyr/kernel/libkernel.a(device.c.obj)
                0x00000000000099d4                _sys_device_do_config_level
 .text.device_get_binding
                0x00000000000099fc       0x4c zephyr/kernel/libkernel.a(device.c.obj)
                0x00000000000099fc                device_get_binding
 .text._sys_power_save_idle_exit
                0x0000000000009a48       0x18 zephyr/kernel/libkernel.a(idle.c.obj)
                0x0000000000009a48                _sys_power_save_idle_exit
 .text.idle     0x0000000000009a60       0x48 zephyr/kernel/libkernel.a(idle.c.obj)
                0x0000000000009a60                idle
 .text._bss_zero
                0x0000000000009aa8       0x14 zephyr/kernel/libkernel.a(init.c.obj)
                0x0000000000009aa8                _bss_zero
 .text._data_copy
                0x0000000000009abc       0x18 zephyr/kernel/libkernel.a(init.c.obj)
                0x0000000000009abc                _data_copy
 .text.bg_thread_main
                0x0000000000009ad4       0x30 zephyr/kernel/libkernel.a(init.c.obj)
 .text._Cstart  0x0000000000009b04       0xf4 zephyr/kernel/libkernel.a(init.c.obj)
                0x0000000000009b04                _Cstart
 .text.init_static_pools
                0x0000000000009bf8       0x28 zephyr/kernel/libkernel.a(mempool.c.obj)
                0x0000000000009bf8                init_static_pools
 .text.k_mem_pool_alloc
                0x0000000000009c20       0xd0 zephyr/kernel/libkernel.a(mempool.c.obj)
                0x0000000000009c20                k_mem_pool_alloc
 .text.k_mem_pool_free_id
                0x0000000000009cf0       0x60 zephyr/kernel/libkernel.a(mempool.c.obj)
                0x0000000000009cf0                k_mem_pool_free_id
 .text.k_mem_pool_malloc
                0x0000000000009d50       0x28 zephyr/kernel/libkernel.a(mempool.c.obj)
                0x0000000000009d50                k_mem_pool_malloc
 .text.k_free   0x0000000000009d78        0xa zephyr/kernel/libkernel.a(mempool.c.obj)
                0x0000000000009d78                k_free
 *fill*         0x0000000000009d82        0x2 
 .text.z_thread_malloc
                0x0000000000009d84       0x14 zephyr/kernel/libkernel.a(mempool.c.obj)
                0x0000000000009d84                z_thread_malloc
 .text.queue_insert
                0x0000000000009d98       0x8c zephyr/kernel/libkernel.a(queue.c.obj)
 .text.z_queue_node_peek
                0x0000000000009e24       0x18 zephyr/kernel/libkernel.a(queue.c.obj)
                0x0000000000009e24                z_queue_node_peek
 .text._impl_k_queue_init
                0x0000000000009e3c       0x10 zephyr/kernel/libkernel.a(queue.c.obj)
                0x0000000000009e3c                _impl_k_queue_init
 .text.k_queue_append
                0x0000000000009e4c        0xa zephyr/kernel/libkernel.a(queue.c.obj)
                0x0000000000009e4c                k_queue_append
 .text.k_queue_prepend
                0x0000000000009e56        0xa zephyr/kernel/libkernel.a(queue.c.obj)
                0x0000000000009e56                k_queue_prepend
 .text.k_queue_append_list
                0x0000000000009e60       0x34 zephyr/kernel/libkernel.a(queue.c.obj)
                0x0000000000009e60                k_queue_append_list
 .text._impl_k_queue_get
                0x0000000000009e94       0xbc zephyr/kernel/libkernel.a(queue.c.obj)
                0x0000000000009e94                _impl_k_queue_get
 .text.sys_dlist_remove
                0x0000000000009f50        0xc zephyr/kernel/libkernel.a(sched.c.obj)
 .text._abort_timeout
                0x0000000000009f5c       0x30 zephyr/kernel/libkernel.a(sched.c.obj)
 .text.k_spin_lock.isra.11
                0x0000000000009f8c        0xe zephyr/kernel/libkernel.a(sched.c.obj)
 *fill*         0x0000000000009f9a        0x2 
 .text.update_cache
                0x0000000000009f9c       0x40 zephyr/kernel/libkernel.a(sched.c.obj)
 .text._is_t1_higher_prio_than_t2
                0x0000000000009fdc       0x12 zephyr/kernel/libkernel.a(sched.c.obj)
                0x0000000000009fdc                _is_t1_higher_prio_than_t2
 *fill*         0x0000000000009fee        0x2 
 .text._remove_thread_from_ready_q
                0x0000000000009ff0       0x38 zephyr/kernel/libkernel.a(sched.c.obj)
                0x0000000000009ff0                _remove_thread_from_ready_q
 .text._find_first_thread_to_unpend
                0x000000000000a028       0x18 zephyr/kernel/libkernel.a(sched.c.obj)
                0x000000000000a028                _find_first_thread_to_unpend
 .text._unpend_thread_no_timeout
                0x000000000000a040       0x1e zephyr/kernel/libkernel.a(sched.c.obj)
                0x000000000000a040                _unpend_thread_no_timeout
 .text._unpend_first_thread
                0x000000000000a05e       0x1c zephyr/kernel/libkernel.a(sched.c.obj)
                0x000000000000a05e                _unpend_first_thread
 .text._unpend_thread
                0x000000000000a07a       0x14 zephyr/kernel/libkernel.a(sched.c.obj)
                0x000000000000a07a                _unpend_thread
 *fill*         0x000000000000a08e        0x2 
 .text._reschedule
                0x000000000000a090       0x3c zephyr/kernel/libkernel.a(sched.c.obj)
                0x000000000000a090                _reschedule
 .text.k_sched_unlock
                0x000000000000a0cc       0x34 zephyr/kernel/libkernel.a(sched.c.obj)
                0x000000000000a0cc                k_sched_unlock
 .text._priq_dumb_add
                0x000000000000a100       0x3e zephyr/kernel/libkernel.a(sched.c.obj)
                0x000000000000a100                _priq_dumb_add
 *fill*         0x000000000000a13e        0x2 
 .text._add_thread_to_ready_q
                0x000000000000a140       0x2c zephyr/kernel/libkernel.a(sched.c.obj)
                0x000000000000a140                _add_thread_to_ready_q
 .text._ready_thread
                0x000000000000a16c       0x12 zephyr/kernel/libkernel.a(sched.c.obj)
 *fill*         0x000000000000a17e        0x2 
 .text._add_timeout
                0x000000000000a180       0x9c zephyr/kernel/libkernel.a(sched.c.obj)
 .text._move_thread_to_end_of_prio_q
                0x000000000000a21c       0x30 zephyr/kernel/libkernel.a(sched.c.obj)
                0x000000000000a21c                _move_thread_to_end_of_prio_q
 .text.pend     0x000000000000a24c       0x5e zephyr/kernel/libkernel.a(sched.c.obj)
 *fill*         0x000000000000a2aa        0x2 
 .text._pend_current_thread
                0x000000000000a2ac       0x24 zephyr/kernel/libkernel.a(sched.c.obj)
                0x000000000000a2ac                _pend_current_thread
 .text._is_thread_time_slicing
                0x000000000000a2d0       0x5c zephyr/kernel/libkernel.a(sched.c.obj)
                0x000000000000a2d0                _is_thread_time_slicing
 .text._update_time_slice_before_swap
                0x000000000000a32c        0xc zephyr/kernel/libkernel.a(sched.c.obj)
                0x000000000000a32c                _update_time_slice_before_swap
 .text._unpend_all
                0x000000000000a338       0x20 zephyr/kernel/libkernel.a(sched.c.obj)
                0x000000000000a338                _unpend_all
 .text._sched_init
                0x000000000000a358       0x10 zephyr/kernel/libkernel.a(sched.c.obj)
                0x000000000000a358                _sched_init
 .text._impl_k_yield
                0x000000000000a368       0x60 zephyr/kernel/libkernel.a(sched.c.obj)
                0x000000000000a368                _impl_k_yield
 .text._impl_k_sleep
                0x000000000000a3c8       0x68 zephyr/kernel/libkernel.a(sched.c.obj)
                0x000000000000a3c8                _impl_k_sleep
 .text._impl_k_current_get
                0x000000000000a430        0xc zephyr/kernel/libkernel.a(sched.c.obj)
                0x000000000000a430                _impl_k_current_get
 .text._impl_k_sem_init
                0x000000000000a43c       0x12 zephyr/kernel/libkernel.a(sem.c.obj)
                0x000000000000a43c                _impl_k_sem_init
 .text._impl_k_sem_give
                0x000000000000a44e       0x4e zephyr/kernel/libkernel.a(sem.c.obj)
                0x000000000000a44e                _impl_k_sem_give
 .text._impl_k_sem_take
                0x000000000000a49c       0x38 zephyr/kernel/libkernel.a(sem.c.obj)
                0x000000000000a49c                _impl_k_sem_take
 .text._impl_k_uptime_get_32
                0x000000000000a4d4       0x44 zephyr/kernel/libkernel.a(sys_clock.c.obj)
                0x000000000000a4d4                _impl_k_uptime_get_32
 .text._tick_get
                0x000000000000a518       0x1c zephyr/kernel/libkernel.a(sys_clock.c.obj)
                0x000000000000a518                sys_tick_get
                0x000000000000a518                _tick_get
 .text._nano_sys_clock_tick_announce
                0x000000000000a534      0x1d4 zephyr/kernel/libkernel.a(sys_clock.c.obj)
                0x000000000000a534                _nano_sys_clock_tick_announce
 .text.k_sys_work_q_init
                0x000000000000a708       0x20 zephyr/kernel/libkernel.a(system_work_q.c.obj)
 .text._abort_timeout
                0x000000000000a728       0x30 zephyr/kernel/libkernel.a(thread.c.obj)
 .text._ready_thread
                0x000000000000a758       0x12 zephyr/kernel/libkernel.a(thread.c.obj)
 *fill*         0x000000000000a76a        0x2 
 .text.schedule_new_thread.part.11
                0x000000000000a76c       0xb8 zephyr/kernel/libkernel.a(thread.c.obj)
 .text.k_is_in_isr
                0x000000000000a824       0x20 zephyr/kernel/libkernel.a(thread.c.obj)
                0x000000000000a824                k_is_in_isr
 .text._is_thread_essential
                0x000000000000a844       0x10 zephyr/kernel/libkernel.a(thread.c.obj)
                0x000000000000a844                _is_thread_essential
 .text.k_busy_wait
                0x000000000000a854       0x28 zephyr/kernel/libkernel.a(thread.c.obj)
                0x000000000000a854                k_busy_wait
 .text._impl_k_thread_start
                0x000000000000a87c       0x2e zephyr/kernel/libkernel.a(thread.c.obj)
                0x000000000000a87c                _impl_k_thread_start
 *fill*         0x000000000000a8aa        0x2 
 .text._setup_new_thread
                0x000000000000a8ac       0x34 zephyr/kernel/libkernel.a(thread.c.obj)
                0x000000000000a8ac                _setup_new_thread
 .text._impl_k_thread_create
                0x000000000000a8e0       0x3c zephyr/kernel/libkernel.a(thread.c.obj)
                0x000000000000a8e0                _impl_k_thread_create
 .text._k_thread_single_abort
                0x000000000000a91c       0x40 zephyr/kernel/libkernel.a(thread.c.obj)
                0x000000000000a91c                _k_thread_single_abort
 .text._init_static_threads
                0x000000000000a95c       0x94 zephyr/kernel/libkernel.a(thread.c.obj)
                0x000000000000a95c                _init_static_threads
 .text._init_thread_base
                0x000000000000a9f0       0x18 zephyr/kernel/libkernel.a(thread.c.obj)
                0x000000000000a9f0                _init_thread_base
 .text.work_q_main
                0x000000000000aa08       0x3e zephyr/kernel/libkernel.a(work_q.c.obj)
 *fill*         0x000000000000aa46        0x2 
 .text.k_work_q_start
                0x000000000000aa48       0x34 zephyr/kernel/libkernel.a(work_q.c.obj)
                0x000000000000aa48                k_work_q_start
 .text.signal_poll_event
                0x000000000000aa7c       0x58 zephyr/kernel/libkernel.a(poll.c.obj)
 .text.add_event
                0x000000000000aad4       0x5e zephyr/kernel/libkernel.a(poll.c.obj)
 .text.clear_event_registrations
                0x000000000000ab32       0x44 zephyr/kernel/libkernel.a(poll.c.obj)
 .text.k_poll_event_init
                0x000000000000ab76       0x26 zephyr/kernel/libkernel.a(poll.c.obj)
                0x000000000000ab76                k_poll_event_init
 .text._impl_k_poll
                0x000000000000ab9c      0x108 zephyr/kernel/libkernel.a(poll.c.obj)
                0x000000000000ab9c                _impl_k_poll
 .text._handle_obj_poll_events
                0x000000000000aca4       0x18 zephyr/kernel/libkernel.a(poll.c.obj)
                0x000000000000aca4                _handle_obj_poll_events
 .text._OffsetAbsSyms
                0x000000000000acbc        0x2 zephyr/CMakeFiles/offsets.dir/arch/arm/core/offsets/offsets.c.obj
                0x000000000000acbc                _OffsetAbsSyms
 *(.gnu.linkonce.t.*)
                0x000000000000acbe                _image_text_end = .

.glue_7         0x000000000000acc0        0x0
 .glue_7        0x000000000000acc0        0x0 linker stubs

.glue_7t        0x000000000000acc0        0x0
 .glue_7t       0x000000000000acc0        0x0 linker stubs

.vfp11_veneer   0x000000000000acc0        0x0
 .vfp11_veneer  0x000000000000acc0        0x0 linker stubs

.v4_bx          0x000000000000acc0        0x0
 .v4_bx         0x000000000000acc0        0x0 linker stubs

.iplt           0x000000000000acc0        0x0
 .iplt          0x000000000000acc0        0x0 zephyr/CMakeFiles/kernel_elf.dir/isr_tables.c.obj

.igot.plt       0x000000000000acc0        0x0
 .igot.plt      0x000000000000acc0        0x0 zephyr/CMakeFiles/kernel_elf.dir/isr_tables.c.obj

.ARM.exidx      0x000000000000acc0        0x8
                0x000000000000acc0                __exidx_start = .
 *(.ARM.exidx* gnu.linkonce.armexidx.*)
 .ARM.exidx     0x000000000000acc0        0x8 /home/mark/cs7ns2/gcc-arm-none-eabi/bin/../lib/gcc/arm-none-eabi/7.3.1/thumb/v7e-m/libgcc.a(_udivmoddi4.o)
                0x000000000000acc8                __exidx_end = .
                0x000000000000acc8                _image_rodata_start = .

devconfig       0x000000000000acc8       0x90
                0x000000000000acc8                __devconfig_start = .
 *(.devconfig.*)
 .devconfig.init
                0x000000000000acc8        0xc zephyr/libzephyr.a(soc.c.obj)
 .devconfig.init
                0x000000000000acd4        0xc zephyr/libzephyr.a(rtt_console.c.obj)
 .devconfig.init
                0x000000000000ace0       0x18 zephyr/libzephyr.a(nrf5_power_clock.c.obj)
 .devconfig.init
                0x000000000000acf8        0xc zephyr/libzephyr.a(sys_clock_init.c.obj)
 .devconfig.init
                0x000000000000ad04        0xc zephyr/arch/arm/core/cortex_m/mpu/libarch__arm__core__cortex_m__mpu.a(arm_mpu.c.obj)
 .devconfig.init
                0x000000000000ad10        0xc zephyr/subsys/bluetooth/controller/libsubsys__bluetooth__controller.a(hci_driver.c.obj)
 .devconfig.init
                0x000000000000ad1c        0xc zephyr/drivers/gpio/libdrivers__gpio.a(gpio_nrf5.c.obj)
 .devconfig.init
                0x000000000000ad28        0xc zephyr/drivers/sensor/dht/libdrivers__sensor__dht.a(dht.c.obj)
 .devconfig.init
                0x000000000000ad34        0xc zephyr/drivers/entropy/libdrivers__entropy.a(entropy_nrf5.c.obj)
 .devconfig.init
                0x000000000000ad40        0xc zephyr/kernel/libkernel.a(mempool.c.obj)
 .devconfig.init
                0x000000000000ad4c        0xc zephyr/kernel/libkernel.a(system_work_q.c.obj)
 *(SORT_BY_NAME(.devconfig*))
                0x000000000000ad58                __devconfig_end = .

net_l2          0x000000000000ad58        0x0
                0x000000000000ad58                __net_l2_start = .
 *(.net_l2.init)
 *(SORT_BY_NAME(.net_l2.init*))
                0x000000000000ad58                __net_l2_end = .

log_const_sections
                0x000000000000ad58        0x0
                0x000000000000ad58                __log_const_start = .
 *(SORT_BY_NAME(.log_const_*))
                0x000000000000ad58                __log_const_end = .

log_backends_sections
                0x000000000000ad58        0x0
                0x000000000000ad58                __log_backends_start = .
 *(.log_backends)
                0x000000000000ad58                __log_backends_end = .

rodata          0x000000000000ad58      0x684
 *(.rodata)
 .rodata        0x000000000000ad58        0x7 zephyr/subsys/bluetooth/host/libsubsys__bluetooth__host.a(hci_core.c.obj)
 .rodata        0x000000000000ad5f       0x1a zephyr/subsys/bluetooth/controller/libsubsys__bluetooth__controller.a(ctrl.c.obj)
 *(.rodata.*)
 .rodata.main.str1.1
                0x000000000000ad79       0x4b libapp.a(main.c.obj)
 .rodata.str1.1
                0x000000000000adc4       0x4b zephyr/libzephyr.a(soc.c.obj)
                                          0x1 (size before relaxing)
 .rodata.str1.1
                0x000000000000adc4        0xf zephyr/libzephyr.a(mpu_regions.c.obj)
 .rodata._DoInit.str1.1
                0x000000000000add3       0x14 zephyr/libzephyr.a(SEGGER_RTT.c.obj)
 .rodata.sys_rand32_get.str1.1
                0x000000000000ade7        0xa zephyr/libzephyr.a(rand32_entropy_device.c.obj)
 .rodata.str1.1
                0x000000000000adf1        0x1 zephyr/libzephyr.a(rtt_console.c.obj)
 *fill*         0x000000000000adf1        0x3 
 .rodata._k32src_clock_control_api
                0x000000000000adf4        0xc zephyr/libzephyr.a(nrf5_power_clock.c.obj)
 .rodata._m16src_clock_control_api
                0x000000000000ae00        0xc zephyr/libzephyr.a(nrf5_power_clock.c.obj)
 .rodata.str1.1
                0x000000000000ae0c       0x16 zephyr/libzephyr.a(nrf5_power_clock.c.obj)
 .rodata.str1.1
                0x000000000000ae22        0xa zephyr/libzephyr.a(sys_clock_init.c.obj)
 .rodata._sys_clock_driver_init.str1.1
                0x000000000000ae2c        0xb zephyr/libzephyr.a(nrf_rtc_timer.c.obj)
 .rodata._BusFault.isra.3.str1.1
                0x000000000000ae2c       0x7c zephyr/arch/arm/core/libarch__arm__core.a(fault.c.obj)
 .rodata._Fault.str1.1
                0x000000000000aea8       0xd3 zephyr/arch/arm/core/libarch__arm__core.a(fault.c.obj)
 .rodata._MpuFault.isra.2.str1.1
                0x000000000000af7b       0xbd zephyr/arch/arm/core/libarch__arm__core.a(fault.c.obj)
 .rodata._UsageFault.isra.5.str1.1
                0x000000000000b038       0xd4 zephyr/arch/arm/core/libarch__arm__core.a(fault.c.obj)
 .rodata._NanoFatalErrorHandler.str1.1
                0x000000000000b10c       0xda zephyr/arch/arm/core/libarch__arm__core.a(fatal.c.obj)
 .rodata._SysFatalErrorHandler.str1.1
                0x000000000000b1e6       0x5a zephyr/arch/arm/core/libarch__arm__core.a(sys_fatal_error_handler.c.obj)
 .rodata.str1.1
                0x000000000000b240        0x1 zephyr/arch/arm/core/cortex_m/mpu/libarch__arm__core__cortex_m__mpu.a(arm_mpu.c.obj)
 .rodata.net_buf_fixed_alloc_hci_cmd_pool
                0x000000000000b240        0x8 zephyr/subsys/bluetooth/host/libsubsys__bluetooth__host.a(hci_core.c.obj)
 .rodata.net_buf_fixed_alloc_hci_rx_pool
                0x000000000000b248        0x8 zephyr/subsys/bluetooth/host/libsubsys__bluetooth__host.a(hci_core.c.obj)
 .rodata.net_buf_fixed_hci_cmd_pool
                0x000000000000b250        0x8 zephyr/subsys/bluetooth/host/libsubsys__bluetooth__host.a(hci_core.c.obj)
 .rodata.net_buf_fixed_hci_rx_pool
                0x000000000000b258        0x8 zephyr/subsys/bluetooth/host/libsubsys__bluetooth__host.a(hci_core.c.obj)
 .rodata.gc_lookup_ppm
                0x000000000000b260       0x10 zephyr/subsys/bluetooth/controller/libsubsys__bluetooth__controller.a(ctrl.c.obj)
 .rodata.k32src_wait.str1.1
                0x000000000000b270        0xb zephyr/subsys/bluetooth/controller/libsubsys__bluetooth__controller.a(ctrl.c.obj)
 .rodata.ll_init.str1.1
                0x000000000000b270       0x20 zephyr/subsys/bluetooth/controller/libsubsys__bluetooth__controller.a(ll.c.obj)
 .rodata.drv    0x000000000000b270       0x14 zephyr/subsys/bluetooth/controller/libsubsys__bluetooth__controller.a(hci_driver.c.obj)
 .rodata.str1.1
                0x000000000000b284        0xb zephyr/subsys/bluetooth/controller/libsubsys__bluetooth__controller.a(hci_driver.c.obj)
                                          0xc (size before relaxing)
 .rodata.bt_addr_le_to_str.constprop.43.str1.1
                0x000000000000b28f       0x4c zephyr/subsys/bluetooth/controller/libsubsys__bluetooth__controller.a(hci.c.obj)
 .rodata.hci_cmd_handle.str1.1
                0x000000000000b2db       0x28 zephyr/subsys/bluetooth/controller/libsubsys__bluetooth__controller.a(hci.c.obj)
 .rodata.caller_id_lut
                0x000000000000b303        0x4 zephyr/subsys/bluetooth/controller/libsubsys__bluetooth__controller.a(ticker.c.obj)
 *fill*         0x000000000000b307        0x1 
 .rodata.net_buf_fixed_cb
                0x000000000000b308        0xc zephyr/subsys/net/libsubsys__net.a(buf.c.obj)
                0x000000000000b308                net_buf_fixed_cb
 .rodata.drive_strength.9456
                0x000000000000b314       0x40 zephyr/drivers/gpio/libdrivers__gpio.a(gpio_nrf5.c.obj)
 .rodata.gpio_nrf5_P0_cfg
                0x000000000000b354        0x8 zephyr/drivers/gpio/libdrivers__gpio.a(gpio_nrf5.c.obj)
 .rodata.gpio_nrf5_drv_api_funcs
                0x000000000000b35c       0x1c zephyr/drivers/gpio/libdrivers__gpio.a(gpio_nrf5.c.obj)
 .rodata.str1.1
                0x000000000000b378        0x7 zephyr/drivers/gpio/libdrivers__gpio.a(gpio_nrf5.c.obj)
 *fill*         0x000000000000b37f        0x1 
 .rodata.dht_api
                0x000000000000b380       0x10 zephyr/drivers/sensor/dht/libdrivers__sensor__dht.a(dht.c.obj)
 .rodata.dht_init.str1.1
                0x000000000000b390        0x7 zephyr/drivers/sensor/dht/libdrivers__sensor__dht.a(dht.c.obj)
 .rodata.str1.1
                0x000000000000b390        0x4 zephyr/drivers/sensor/dht/libdrivers__sensor__dht.a(dht.c.obj)
 .rodata.entropy_nrf5_api_funcs
                0x000000000000b390        0x8 zephyr/drivers/entropy/libdrivers__entropy.a(entropy_nrf5.c.obj)
 .rodata.str1.1
                0x000000000000b398        0xa zephyr/drivers/entropy/libdrivers__entropy.a(entropy_nrf5.c.obj)
 .rodata.config_levels
                0x000000000000b398       0x14 zephyr/kernel/libkernel.a(device.c.obj)
 .rodata._k_neg_eagain
                0x000000000000b3ac        0x4 zephyr/kernel/libkernel.a(errno.c.obj)
                0x000000000000b3ac                _k_neg_eagain
 .rodata._idle_thread
                0x000000000000b3b0        0x4 zephyr/kernel/libkernel.a(init.c.obj)
                0x000000000000b3b0                _idle_thread
 .rodata.bg_thread_main.str1.1
                0x000000000000b3b4       0x27 zephyr/kernel/libkernel.a(init.c.obj)
 .rodata.str1.1
                0x000000000000b3db        0x1 zephyr/kernel/libkernel.a(mempool.c.obj)
 .rodata.str1.1
                0x000000000000b3db        0x1 zephyr/kernel/libkernel.a(system_work_q.c.obj)
 *(.gnu.linkonce.r.*)
                0x000000000000b3dc                . = ALIGN (0x4)
 *fill*         0x000000000000b3db        0x1 
                0x000000000000b3dc                _image_rodata_end = .
                0x000000000000b3dc                _image_rom_end = .
                0x0000000000000020                _app_data_align = 0x20

.rel.dyn        0x000000000000b3dc        0x0
 .rel.iplt      0x000000000000b3dc        0x0 zephyr/CMakeFiles/kernel_elf.dir/isr_tables.c.obj
                0x000000000000b3e0                . = ALIGN (0x20)

app_smem        0x0000000020000000        0x0 load address 0x000000000000b3dc
                0x0000000020000000                . = ALIGN (0x4)
                0x0000000020000000                _image_ram_start = .
                0x0000000020000000                _app_smem_start = .
 *(SORT_BY_NAME(data_smem_[_a-zA-Z0-9]*))
                0x0000000020000000                _app_smem_end = .
                0x0000000000000000                _app_smem_size = (_app_smem_end - _app_smem_start)
                0x0000000020000000                . = ALIGN (0x4)
                0x000000000000b3dc                _app_smem_rom_start = LOADADDR (app_smem)

bss             0x0000000020000000     0x13e8
                0x0000000020000000                . = ALIGN (0x4)
                0x0000000020000000                __bss_start = .