Archive member included to satisfy reference by file (symbol)

libapp.a(main.c.obj)          (--whole-archive)
libapp.a(sensors.c.obj)       (--whole-archive)
libapp.a(tb_pubsub.c.obj)     (--whole-archive)
zephyr/libzephyr.a(isr_tables.c.obj)
                              (--whole-archive)
zephyr/libzephyr.a(thread_entry.c.obj)
                              (--whole-archive)
zephyr/libzephyr.a(crc32_sw.c.obj)
                              (--whole-archive)
zephyr/libzephyr.a(crc16_sw.c.obj)
                              (--whole-archive)
zephyr/libzephyr.a(crc8_sw.c.obj)
                              (--whole-archive)
zephyr/libzephyr.a(mempool.c.obj)
                              (--whole-archive)
zephyr/libzephyr.a(rb.c.obj)  (--whole-archive)
zephyr/libzephyr.a(printk.c.obj)
                              (--whole-archive)
zephyr/libzephyr.a(configs.c.obj)
                              (--whole-archive)
zephyr/libzephyr.a(power.c.obj)
                              (--whole-archive)
zephyr/libzephyr.a(soc.c.obj)
                              (--whole-archive)
zephyr/libzephyr.a(mpu_regions.c.obj)
                              (--whole-archive)
zephyr/libzephyr.a(utils.c.obj)
                              (--whole-archive)
zephyr/libzephyr.a(aes_decrypt.c.obj)
                              (--whole-archive)
zephyr/libzephyr.a(aes_encrypt.c.obj)
                              (--whole-archive)
zephyr/libzephyr.a(cmac_mode.c.obj)
                              (--whole-archive)
zephyr/libzephyr.a(system_nrf52.c.obj)
                              (--whole-archive)
zephyr/libzephyr.a(nrfx_glue.c.obj)
                              (--whole-archive)
zephyr/libzephyr.a(SEGGER_RTT.c.obj)
                              (--whole-archive)
zephyr/libzephyr.a(SEGGER_RTT_zephyr.c.obj)
                              (--whole-archive)
zephyr/libzephyr.a(log_list.c.obj)
                              (--whole-archive)
zephyr/libzephyr.a(log_core.c.obj)
                              (--whole-archive)
zephyr/libzephyr.a(log_msg.c.obj)
                              (--whole-archive)
zephyr/libzephyr.a(log_output.c.obj)
                              (--whole-archive)
zephyr/libzephyr.a(log_backend_uart.c.obj)
                              (--whole-archive)
zephyr/libzephyr.a(log_cmds.c.obj)
                              (--whole-archive)
zephyr/libzephyr.a(log_backend_rtt.c.obj)
                              (--whole-archive)
zephyr/libzephyr.a(shell.c.obj)
                              (--whole-archive)
zephyr/libzephyr.a(shell_fprintf.c.obj)
                              (--whole-archive)
zephyr/libzephyr.a(shell_utils.c.obj)
                              (--whole-archive)
zephyr/libzephyr.a(shell_ops.c.obj)
                              (--whole-archive)
zephyr/libzephyr.a(shell_uart.c.obj)
                              (--whole-archive)
zephyr/libzephyr.a(shell_cmds.c.obj)
                              (--whole-archive)
zephyr/libzephyr.a(shell_history.c.obj)
                              (--whole-archive)
zephyr/libzephyr.a(shell_log_backend.c.obj)
                              (--whole-archive)
zephyr/libzephyr.a(net_app.c.obj)
                              (--whole-archive)
zephyr/libzephyr.a(client.c.obj)
                              (--whole-archive)
zephyr/libzephyr.a(rand32_entropy_device.c.obj)
                              (--whole-archive)
zephyr/libzephyr.a(uart_console.c.obj)
                              (--whole-archive)
zephyr/libzephyr.a(rtt_console.c.obj)
                              (--whole-archive)
zephyr/libzephyr.a(nrf5_power_clock.c.obj)
                              (--whole-archive)
zephyr/libzephyr.a(sys_clock_init.c.obj)
                              (--whole-archive)
zephyr/libzephyr.a(nrf_rtc_timer.c.obj)
                              (--whole-archive)
zephyr/arch/arm/core/libarch__arm__core.a(exc_exit.S.obj)
                              (--whole-archive)
zephyr/arch/arm/core/libarch__arm__core.a(irq_init.c.obj)
                              (--whole-archive)
zephyr/arch/arm/core/libarch__arm__core.a(swap.c.obj)
                              (--whole-archive)
zephyr/arch/arm/core/libarch__arm__core.a(swap_helper.S.obj)
                              (--whole-archive)
zephyr/arch/arm/core/libarch__arm__core.a(fault.c.obj)
                              (--whole-archive)
zephyr/arch/arm/core/libarch__arm__core.a(irq_manage.c.obj)
                              (--whole-archive)
zephyr/arch/arm/core/libarch__arm__core.a(thread.c.obj)
                              (--whole-archive)
zephyr/arch/arm/core/libarch__arm__core.a(cpu_idle.S.obj)
                              (--whole-archive)
zephyr/arch/arm/core/libarch__arm__core.a(fault_s.S.obj)
                              (--whole-archive)
zephyr/arch/arm/core/libarch__arm__core.a(fatal.c.obj)
                              (--whole-archive)
zephyr/arch/arm/core/libarch__arm__core.a(sys_fatal_error_handler.c.obj)
[...]
Memory Configuration

Name             Origin             Length             Attributes
FLASH            0x0000000000000000 0x0000000000080000 xr
SRAM             0x0000000020000000 0x0000000000010000 xw
IDT_LIST         0x0000000020010000 0x0000000000000800 xw
*default*        0x0000000000000000 0xffffffffffffffff

Linker script and memory map

LOAD zephyr/CMakeFiles/kernel_elf.dir/misc/empty_file.c.obj
LOAD zephyr/CMakeFiles/kernel_elf.dir/isr_tables.c.obj
LOAD libapp.a
LOAD zephyr/libzephyr.a
LOAD zephyr/arch/arm/core/libarch__arm__core.a
LOAD zephyr/arch/arm/core/cortex_m/libarch__arm__core__cortex_m.a
LOAD zephyr/arch/arm/core/cortex_m/mpu/libarch__arm__core__cortex_m__mpu.a
LOAD zephyr/lib/json/liblib__json.a
LOAD zephyr/lib/libc/minimal/liblib__libc__minimal.a
LOAD zephyr/subsys/bluetooth/common/libsubsys__bluetooth__common.a
LOAD zephyr/subsys/bluetooth/host/libsubsys__bluetooth__host.a
LOAD zephyr/subsys/bluetooth/controller/libsubsys__bluetooth__controller.a
LOAD zephyr/subsys/net/libsubsys__net.a
LOAD zephyr/subsys/net/l2/bluetooth/libsubsys__net__l2__bluetooth.a
LOAD zephyr/subsys/net/ip/libsubsys__net__ip.a
LOAD zephyr/subsys/net/lib/mqtt/libsubsys__net__lib__mqtt.a
LOAD zephyr/subsys/net/lib/config/libsubsys__net__lib__config.a
LOAD zephyr/drivers/adc/libdrivers__adc.a
LOAD zephyr/drivers/gpio/libdrivers__gpio.a
LOAD zephyr/drivers/serial/libdrivers__serial.a
LOAD zephyr/drivers/entropy/libdrivers__entropy.a
LOAD zephyr/kernel/libkernel.a
LOAD zephyr/CMakeFiles/offsets.dir/arch/arm/core/offsets/offsets.c.obj
LOAD /home/mark/cs7ns2/gcc-arm-none-eabi/bin/../lib/gcc/arm-none-eabi/7.3.1/thumb/v7e-m/libgcc.a

.rel.plt        0x0000000000000000        0x0
 *(.rel.plt)
                [!provide]                        PROVIDE (__rel_iplt_start = .)
 *(.rel.iplt)
 .rel.iplt      0x0000000000000000        0x0 zephyr/CMakeFiles/kernel_elf.dir/isr_tables.c.obj
                [!provide]                        PROVIDE (__rel_iplt_end = .)

.rela.plt       0x0000000000000000        0x0
 *(.rela.plt)
                [!provide]                        PROVIDE (__rela_iplt_start = .)
 *(.rela.iplt)
                [!provide]                        PROVIDE (__rela_iplt_end = .)

.rel.dyn
 *(.rel.*)

.rela.dyn
 *(.rela.*)

.plt
 *(.plt)

.iplt           0x0000000000000000        0x0
 *(.iplt)
 .iplt          0x0000000000000000        0x0 zephyr/CMakeFiles/kernel_elf.dir/isr_tables.c.obj
                0x0000000000000000                _image_rom_start = 0x0

text            0x0000000000000000    0x2ee2a
                0x0000000000000000                . = 0x0
                0x0000000000000000                _vector_start = .
 *(.exc_vector_table)
 *(.exc_vector_table.*)
 .exc_vector_table._vector_table_section
                0x0000000000000000       0x40 zephyr/arch/arm/core/cortex_m/libarch__arm__core__cortex_m.a(vector_table.S.obj)
                0x0000000000000000                _vector_table
 *(.gnu.linkonce.irq_vector_table)
 .gnu.linkonce.irq_vector_table
                0x0000000000000040       0x9c zephyr/CMakeFiles/kernel_elf.dir/isr_tables.c.obj
                0x0000000000000040                _irq_vector_table
 *(.vectors)
 *(.openocd_dbg)
 *(.openocd_dbg.*)
 *(.kinetis_flash_config)
 *(.kinetis_flash_config.*)
 *(.gnu.linkonce.sw_isr_table)
 .gnu.linkonce.sw_isr_table
                0x00000000000000dc      0x138 zephyr/CMakeFiles/kernel_elf.dir/isr_tables.c.obj
                0x00000000000000dc                _sw_isr_table
                0x0000000000000214                _vector_end = .
                0x0000000000000214                _image_text_start = .
 *(.text)
 .text          0x0000000000000214       0xa0 /home/mark/cs7ns2/gcc-arm-none-eabi/bin/../lib/gcc/arm-none-eabi/7.3.1/thumb/v7e-m/libgcc.a(_aeabi_ldivmod.o)
                0x0000000000000214                __aeabi_ldivmod
 .text          0x00000000000002b4       0x30 /home/mark/cs7ns2/gcc-arm-none-eabi/bin/../lib/gcc/arm-none-eabi/7.3.1/thumb/v7e-m/libgcc.a(_aeabi_uldivmod.o)
                0x00000000000002b4                __aeabi_uldivmod
 .text          0x00000000000002e4      0x2cc /home/mark/cs7ns2/gcc-arm-none-eabi/bin/../lib/gcc/arm-none-eabi/7.3.1/thumb/v7e-m/libgcc.a(_udivmoddi4.o)
                0x00000000000002e4                __udivmoddi4
 .text          0x00000000000005b0        0x4 /home/mark/cs7ns2/gcc-arm-none-eabi/bin/../lib/gcc/arm-none-eabi/7.3.1/thumb/v7e-m/libgcc.a(_dvmd_tls.o)
                0x00000000000005b0                __aeabi_ldiv0
                0x00000000000005b0                __aeabi_idiv0
 *(.text.*)
 .text.bt_connect_cb
                0x00000000000005b4        0xc libapp.a(main.c.obj)
 .text.bt_disconnect_cb
                0x00000000000005c0       0x14 libapp.a(main.c.obj)
 .text.main     0x00000000000005d4      0x100 libapp.a(main.c.obj)
                0x00000000000005d4                main
 .text.sensor_timer_handler
                0x00000000000006d4       0x30 libapp.a(sensors.c.obj)
                0x00000000000006d4                sensor_timer_handler
 .text.sample_sensor
                0x0000000000000704       0xa4 libapp.a(sensors.c.obj)
                0x0000000000000704                sample_sensor
 .text.sensor_work_handler
                0x00000000000007a8       0x70 libapp.a(sensors.c.obj)
                0x00000000000007a8                sensor_work_handler
 .text.sensors_start
                0x0000000000000818       0x44 libapp.a(sensors.c.obj)
                0x0000000000000818                sensors_start
 .text.subscribe_cb
                0x000000000000085c       0x24 libapp.a(tb_pubsub.c.obj)
 .text.publish_tx_cb
                0x0000000000000880       0x48 libapp.a(tb_pubsub.c.obj)
 .text.malformed_cb
                0x00000000000008c8       0x14 libapp.a(tb_pubsub.c.obj)
 .text.disconnect_cb
                0x00000000000008dc       0x14 libapp.a(tb_pubsub.c.obj)
 .text.publish_rx_cb
                0x00000000000008f0       0x4c libapp.a(tb_pubsub.c.obj)
 .text.connect_cb
                0x000000000000093c       0x24 libapp.a(tb_pubsub.c.obj)
 .text.pubsub_thread
                0x0000000000000960      0x2ac libapp.a(tb_pubsub.c.obj)
                0x0000000000000960                pubsub_thread
 .text.prepare_msg
                0x0000000000000c0c       0x50 libapp.a(tb_pubsub.c.obj)
                0x0000000000000c0c                prepare_msg
 .text.tb_publish_attributes
                0x0000000000000c5c       0x78 libapp.a(tb_pubsub.c.obj)
                0x0000000000000c5c                tb_publish_attributes
 .text.tb_pubsub_start
                0x0000000000000cd4       0x34 libapp.a(tb_pubsub.c.obj)
                0x0000000000000cd4                tb_pubsub_start
 .text._thread_entry
                0x0000000000000d08       0x14 zephyr/libzephyr.a(thread_entry.c.obj)
                0x0000000000000d08                _thread_entry
 .text.get_bit_ptr
                0x0000000000000d1c       0x2a zephyr/libzephyr.a(mempool.c.obj)
 .text.set_free_bit
                0x0000000000000d46       0x1c zephyr/libzephyr.a(mempool.c.obj)
 .text.clear_free_bit
                0x0000000000000d62       0x1e zephyr/libzephyr.a(mempool.c.obj)
 .text._sys_mem_pool_base_init
                0x0000000000000d80       0x96 zephyr/libzephyr.a(mempool.c.obj)
                0x0000000000000d80                _sys_mem_pool_base_init
 .text._sys_mem_pool_block_alloc
                0x0000000000000e16      0x1b6 zephyr/libzephyr.a(mempool.c.obj)
                0x0000000000000e16                _sys_mem_pool_block_alloc
 .text._sys_mem_pool_block_free
                0x0000000000000fcc      0x14a zephyr/libzephyr.a(mempool.c.obj)
                0x0000000000000fcc                _sys_mem_pool_block_free
 .text._nop_char_out
                0x0000000000001116        0x4 zephyr/libzephyr.a(printk.c.obj)
 *fill*         0x000000000000111a        0x2 
 .text.char_out
                0x000000000000111c       0x10 zephyr/libzephyr.a(printk.c.obj)
 .text._printk_dec_ulong
                0x000000000000112c       0xa0 zephyr/libzephyr.a(printk.c.obj)
 .text.str_out  0x00000000000011cc       0x26 zephyr/libzephyr.a(printk.c.obj)
 *fill*         0x00000000000011f2        0x2 
 .text.__printk_hook_install
                0x00000000000011f4        0xc zephyr/libzephyr.a(printk.c.obj)
                0x00000000000011f4                __printk_hook_install
 .text._vprintk
                0x0000000000001200      0x262 zephyr/libzephyr.a(printk.c.obj)
                0x0000000000001200                _vprintk
 *fill*         0x0000000000001462        0x2 
 .text.vprintk  0x0000000000001464       0x20 zephyr/libzephyr.a(printk.c.obj)
                0x0000000000001464                vprintk
 .text.printk   0x0000000000001484       0x1a zephyr/libzephyr.a(printk.c.obj)
                0x0000000000001484                printk
 *fill*         0x000000000000149e        0x2 
 .text.snprintk
                0x00000000000014a0       0x38 zephyr/libzephyr.a(printk.c.obj)
                0x00000000000014a0                snprintk
 .text._ConfigAbsSyms
                0x00000000000014d8        0x2 zephyr/libzephyr.a(configs.c.obj)
                0x00000000000014d8                _ConfigAbsSyms
 *fill*         0x00000000000014da        0x2 
 .text.nordicsemi_nrf52_init
                0x00000000000014dc       0x3c zephyr/libzephyr.a(soc.c.obj)
 .text._copy    0x0000000000001518       0x1a zephyr/libzephyr.a(utils.c.obj)
                0x0000000000001518                _copy
 .text._set     0x0000000000001532        0x4 zephyr/libzephyr.a(utils.c.obj)
                0x0000000000001532                _set
 .text._double_byte
                0x0000000000001536       0x12 zephyr/libzephyr.a(utils.c.obj)
                0x0000000000001536                _double_byte
 .text.add_round_key
                0x0000000000001548       0x8a zephyr/libzephyr.a(aes_encrypt.c.obj)
 .text.shift_rows
                0x00000000000015d2       0x72 zephyr/libzephyr.a(aes_encrypt.c.obj)
 .text.mult_row_column
                0x0000000000001644       0x80 zephyr/libzephyr.a(aes_encrypt.c.obj)
 .text.tc_aes128_set_encrypt_key
                0x00000000000016c4       0xac zephyr/libzephyr.a(aes_encrypt.c.obj)
                0x00000000000016c4                tc_aes128_set_encrypt_key
 .text.tc_aes_encrypt
                0x0000000000001770       0xd4 zephyr/libzephyr.a(aes_encrypt.c.obj)
                0x0000000000001770                tc_aes_encrypt
 .text.gf_double
                0x0000000000001844       0x2a zephyr/libzephyr.a(cmac_mode.c.obj)
                0x0000000000001844                gf_double
 .text.tc_cmac_erase
                0x000000000000186e       0x10 zephyr/libzephyr.a(cmac_mode.c.obj)
                0x000000000000186e                tc_cmac_erase
 .text.tc_cmac_init
                0x000000000000187e       0x2c zephyr/libzephyr.a(cmac_mode.c.obj)
                0x000000000000187e                tc_cmac_init
 .text.tc_cmac_setup
                0x00000000000018aa       0x56 zephyr/libzephyr.a(cmac_mode.c.obj)
                0x00000000000018aa                tc_cmac_setup
 .text.tc_cmac_update
                0x0000000000001900       0xca zephyr/libzephyr.a(cmac_mode.c.obj)
                0x0000000000001900                tc_cmac_update
 .text.tc_cmac_final
                0x00000000000019ca       0x6a zephyr/libzephyr.a(cmac_mode.c.obj)
                0x00000000000019ca                tc_cmac_final
 .text.errata_12
                0x0000000000001a34       0x40 zephyr/libzephyr.a(system_nrf52.c.obj)
 .text.errata_16
                0x0000000000001a74       0x34 zephyr/libzephyr.a(system_nrf52.c.obj)
 .text.SystemInit
                0x0000000000001aa8      0x248 zephyr/libzephyr.a(system_nrf52.c.obj)
                0x0000000000001aa8                SystemInit
 .text._GetAvailWriteSpace
                0x0000000000001cf0       0x1c zephyr/libzephyr.a(SEGGER_RTT.c.obj)
 .text._WriteNoCheck
                0x0000000000001d0c       0x3a zephyr/libzephyr.a(SEGGER_RTT.c.obj)
 .text._WriteBlocking
                0x0000000000001d46       0x52 zephyr/libzephyr.a(SEGGER_RTT.c.obj)
 .text._DoInit  0x0000000000001d98       0x60 zephyr/libzephyr.a(SEGGER_RTT.c.obj)
 .text.SEGGER_RTT_WriteSkipNoLock
                0x0000000000001df8       0x90 zephyr/libzephyr.a(SEGGER_RTT.c.obj)
                0x0000000000001df8                SEGGER_RTT_WriteSkipNoLock
 .text.SEGGER_RTT_WriteNoLock
                0x0000000000001e88       0x68 zephyr/libzephyr.a(SEGGER_RTT.c.obj)
                0x0000000000001e88                SEGGER_RTT_WriteNoLock
 .text.SEGGER_RTT_HasDataUp
                0x0000000000001ef0       0x14 zephyr/libzephyr.a(SEGGER_RTT.c.obj)
                0x0000000000001ef0                SEGGER_RTT_HasDataUp
 .text.SEGGER_RTT_Init
                0x0000000000001f04        0x4 zephyr/libzephyr.a(SEGGER_RTT.c.obj)
                0x0000000000001f04                SEGGER_RTT_Init
 .text.rtt_init
                0x0000000000001f08        0x8 zephyr/libzephyr.a(SEGGER_RTT_zephyr.c.obj)
 .text.log_list_init
                0x0000000000001f10        0x8 zephyr/libzephyr.a(log_list.c.obj)
                0x0000000000001f10                log_list_init
 .text.log_list_add_tail
                0x0000000000001f18       0x14 zephyr/libzephyr.a(log_list.c.obj)
                0x0000000000001f18                log_list_add_tail
 .text.log_list_head_peek
                0x0000000000001f2c        0x4 zephyr/libzephyr.a(log_list.c.obj)
                0x0000000000001f2c                log_list_head_peek
 .text.log_list_head_get
                0x0000000000001f30        0xc zephyr/libzephyr.a(log_list.c.obj)
                0x0000000000001f30                log_list_head_get
 .text.dummy_timestamp
                0x0000000000001f3c        0x4 zephyr/libzephyr.a(log_core.c.obj)
 .text._log_msg_std_alloc
                0x0000000000001f40       0x30 zephyr/libzephyr.a(log_core.c.obj)
 .text.timestamp_get
                0x0000000000001f70        0x4 zephyr/libzephyr.a(log_core.c.obj)
 .text.log_core_init
                0x0000000000001f74       0x4c zephyr/libzephyr.a(log_core.c.obj)
                0x0000000000001f74                log_core_init
 .text.log_process
                0x0000000000001fc0       0xb4 zephyr/libzephyr.a(log_core.c.obj)
                0x0000000000001fc0                log_process
 .text.msg_finalize
                0x0000000000002074       0x78 zephyr/libzephyr.a(log_core.c.obj)
 .text.log_1    0x00000000000020ec       0x28 zephyr/libzephyr.a(log_core.c.obj)
                0x00000000000020ec                log_1
 .text.log_2    0x0000000000002114       0x30 zephyr/libzephyr.a(log_core.c.obj)
                0x0000000000002114                log_2
 .text.log_3    0x0000000000002144       0x36 zephyr/libzephyr.a(log_core.c.obj)
                0x0000000000002144                log_3
 .text.log_n    0x000000000000217a       0x16 zephyr/libzephyr.a(log_core.c.obj)
                0x000000000000217a                log_n
 .text.log_panic
                0x0000000000002190       0x44 zephyr/libzephyr.a(log_core.c.obj)
                0x0000000000002190                log_panic
 .text.log_source_name_get
                0x00000000000021d4       0x1c zephyr/libzephyr.a(log_core.c.obj)
                0x00000000000021d4                log_source_name_get
 .text.log_filter_set
                0x00000000000021f0       0x84 zephyr/libzephyr.a(log_core.c.obj)
                0x00000000000021f0                log_filter_set
 .text.log_init
                0x0000000000002274       0xc4 zephyr/libzephyr.a(log_core.c.obj)
                0x0000000000002274                log_init
 .text.log_process_thread_func
                0x0000000000002338       0x38 zephyr/libzephyr.a(log_core.c.obj)
 .text.log_backend_enable
                0x0000000000002370       0x44 zephyr/libzephyr.a(log_core.c.obj)
                0x0000000000002370                log_backend_enable
 .text.log_backend_disable
                0x00000000000023b4       0x30 zephyr/libzephyr.a(log_core.c.obj)
                0x00000000000023b4                log_backend_disable
 .text.log_filter_get
                0x00000000000023e4       0x2c zephyr/libzephyr.a(log_core.c.obj)
                0x00000000000023e4                log_filter_get
 .text.log_strdup
                0x0000000000002410       0x54 zephyr/libzephyr.a(log_core.c.obj)
                0x0000000000002410                log_strdup
 .text.log_is_strdup
                0x0000000000002464       0x1c zephyr/libzephyr.a(log_core.c.obj)
                0x0000000000002464                log_is_strdup
 .text.log_free
                0x0000000000002480       0x34 zephyr/libzephyr.a(log_core.c.obj)
                0x0000000000002480                log_free
 .text.log_msg_hexdump_data_op
                0x00000000000024b4       0xa4 zephyr/libzephyr.a(log_msg.c.obj)
 .text.log_msg_pool_init
                0x0000000000002558       0x14 zephyr/libzephyr.a(log_msg.c.obj)
                0x0000000000002558                log_msg_pool_init
 .text.log_msg_get
                0x000000000000256c       0x1a zephyr/libzephyr.a(log_msg.c.obj)
                0x000000000000256c                log_msg_get
 *fill*         0x0000000000002586        0x2 
 .text.log_msg_no_space_handle
                0x0000000000002588       0x30 zephyr/libzephyr.a(log_msg.c.obj)
                0x0000000000002588                log_msg_no_space_handle
 .text.log_msg_chunk_alloc
                0x00000000000025b8       0x24 zephyr/libzephyr.a(log_msg.c.obj)
 .text.log_msg_nargs_get
                0x00000000000025dc        0x6 zephyr/libzephyr.a(log_msg.c.obj)
                0x00000000000025dc                log_msg_nargs_get
 .text.log_msg_arg_get
                0x00000000000025e2       0x3a zephyr/libzephyr.a(log_msg.c.obj)
                0x00000000000025e2                log_msg_arg_get
 .text.msg_free
                0x000000000000261c       0x68 zephyr/libzephyr.a(log_msg.c.obj)
 .text.log_msg_put
                0x0000000000002684       0x26 zephyr/libzephyr.a(log_msg.c.obj)
                0x0000000000002684                log_msg_put
 .text.log_msg_str_get
                0x00000000000026aa        0x4 zephyr/libzephyr.a(log_msg.c.obj)
                0x00000000000026aa                log_msg_str_get
 .text.log_msg_create_n
                0x00000000000026ae       0xae zephyr/libzephyr.a(log_msg.c.obj)
                0x00000000000026ae                log_msg_create_n
 .text.log_msg_hexdump_data_get
                0x000000000000275c        0xe zephyr/libzephyr.a(log_msg.c.obj)
                0x000000000000275c                log_msg_hexdump_data_get
 *fill*         0x000000000000276a        0x2 
 .text.print_formatted
                0x000000000000276c       0x24 zephyr/libzephyr.a(log_output.c.obj)
 .text.log_output_flush
                0x0000000000002790       0x24 zephyr/libzephyr.a(log_output.c.obj)
                0x0000000000002790                log_output_flush
 .text.out_func
                0x00000000000027b4       0x22 zephyr/libzephyr.a(log_output.c.obj)
 *fill*         0x00000000000027d6        0x2 
 .text.log_output_msg_process
                0x00000000000027d8      0x5b4 zephyr/libzephyr.a(log_output.c.obj)
                0x00000000000027d8                log_output_msg_process
 .text.log_output_timestamp_freq_set
                0x0000000000002d8c       0x30 zephyr/libzephyr.a(log_output.c.obj)
                0x0000000000002d8c                log_output_timestamp_freq_set
 .text.char_out
                0x0000000000002dbc       0x20 zephyr/libzephyr.a(log_backend_uart.c.obj)
 .text.panic    0x0000000000002ddc        0x2 zephyr/libzephyr.a(log_backend_uart.c.obj)
 *fill*         0x0000000000002dde        0x2 
 .text.log_backend_uart_init
                0x0000000000002de0       0x18 zephyr/libzephyr.a(log_backend_uart.c.obj)
 .text.put      0x0000000000002df8       0x24 zephyr/libzephyr.a(log_backend_uart.c.obj)
 .text.severity_lvl_get
                0x0000000000002e1c       0x24 zephyr/libzephyr.a(log_cmds.c.obj)
 .text.log_halt
                0x0000000000002e40        0x8 zephyr/libzephyr.a(log_cmds.c.obj)
 .text.log_go   0x0000000000002e48        0xa zephyr/libzephyr.a(log_cmds.c.obj)
 *fill*         0x0000000000002e52        0x2 
 .text.backend_name_get
                0x0000000000002e54       0x30 zephyr/libzephyr.a(log_cmds.c.obj)
 .text.log_status
                0x0000000000002e84       0xac zephyr/libzephyr.a(log_cmds.c.obj)
 .text.module_name_get
                0x0000000000002f30       0x20 zephyr/libzephyr.a(log_cmds.c.obj)
 .text.filters_set
                0x0000000000002f50       0xe4 zephyr/libzephyr.a(log_cmds.c.obj)
 .text.shell_backend_cmd_execute
                0x0000000000003034       0x7c zephyr/libzephyr.a(log_cmds.c.obj)
 .text.cmd_log_backend_status
                0x00000000000030b0       0x10 zephyr/libzephyr.a(log_cmds.c.obj)
 .text.cmd_log_backend_halt
                0x00000000000030c0        0xc zephyr/libzephyr.a(log_cmds.c.obj)
 .text.cmd_log_backend_go
                0x00000000000030cc        0xc zephyr/libzephyr.a(log_cmds.c.obj)
 .text.cmd_log_backend_enable
                0x00000000000030d8        0xc zephyr/libzephyr.a(log_cmds.c.obj)
 .text.cmd_log_backend_disable
                0x00000000000030e4        0xc zephyr/libzephyr.a(log_cmds.c.obj)
 .text.cmd_log  0x00000000000030f0       0x44 zephyr/libzephyr.a(log_cmds.c.obj)
 .text.shell_state_precheck
                0x0000000000003134       0x20 zephyr/libzephyr.a(log_cmds.c.obj)
 .text.cmd_log_self_halt
                0x0000000000003154       0x18 zephyr/libzephyr.a(log_cmds.c.obj)
 .text.cmd_log_self_go
                0x000000000000316c       0x18 zephyr/libzephyr.a(log_cmds.c.obj)
 .text.cmd_log_self_status
                0x0000000000003184       0x20 zephyr/libzephyr.a(log_cmds.c.obj)
 .text.cmd_log_backends_list
                0x00000000000031a4       0x74 zephyr/libzephyr.a(log_cmds.c.obj)
 .text.log_enable
                0x0000000000003218       0x7c zephyr/libzephyr.a(log_cmds.c.obj)
 .text.cmd_log_self_enable
                0x0000000000003294       0x22 zephyr/libzephyr.a(log_cmds.c.obj)
 .text.log_disable
                0x00000000000032b6       0x3a zephyr/libzephyr.a(log_cmds.c.obj)
 .text.cmd_log_self_disable
                0x00000000000032f0       0x22 zephyr/libzephyr.a(log_cmds.c.obj)
 *fill*         0x0000000000003312        0x2 
 .text.log_backend_rtt_init
                0x0000000000003314       0x1c zephyr/libzephyr.a(log_backend_rtt.c.obj)
 .text.panic    0x0000000000003330        0xc zephyr/libzephyr.a(log_backend_rtt.c.obj)
 .text.put      0x000000000000333c       0x24 zephyr/libzephyr.a(log_backend_rtt.c.obj)
 .text.msg_out  0x0000000000003360      0x12c zephyr/libzephyr.a(log_backend_rtt.c.obj)
 .text.isspace  0x000000000000348c       0x14 zephyr/libzephyr.a(shell.c.obj)
 .text.shell_raw_fprintf
                0x00000000000034a0       0x1a zephyr/libzephyr.a(shell.c.obj)
 .text.shell_strlen
                0x00000000000034ba        0x8 zephyr/libzephyr.a(shell.c.obj)
 *fill*         0x00000000000034c2        0x2 
 .text.cmd_get  0x00000000000034c4       0x54 zephyr/libzephyr.a(shell.c.obj)
 .text.cursor_next_line_move.isra.14
                0x0000000000003518        0xc zephyr/libzephyr.a(shell.c.obj)
 .text.vt100_color_set
                0x0000000000003524       0x48 zephyr/libzephyr.a(shell.c.obj)
 .text.shell_transport_evt_handler
                0x000000000000356c       0x14 zephyr/libzephyr.a(shell.c.obj)
 .text.shell_write
                0x0000000000003580       0x46 zephyr/libzephyr.a(shell.c.obj)
 .text.formatted_text_print.constprop.28
                0x00000000000035c6       0xd6 zephyr/libzephyr.a(shell.c.obj)
 .text.shell_init
                0x000000000000369c       0xc0 zephyr/libzephyr.a(shell.c.obj)
                0x000000000000369c                shell_init
 .text.shell_print_stream
                0x000000000000375c        0x4 zephyr/libzephyr.a(shell.c.obj)
                0x000000000000375c                shell_print_stream
 .text.shell_fprintf
                0x0000000000003760       0x9c zephyr/libzephyr.a(shell.c.obj)
                0x0000000000003760                shell_fprintf
 .text.history_handle
                0x00000000000037fc       0xb0 zephyr/libzephyr.a(shell.c.obj)
 .text.help_item_print
                0x00000000000038ac       0x64 zephyr/libzephyr.a(shell.c.obj)
 .text.shell_state_set.constprop.31
                0x0000000000003910       0x20 zephyr/libzephyr.a(shell.c.obj)
 .text.shell_start
                0x0000000000003930       0x38 zephyr/libzephyr.a(shell.c.obj)
                0x0000000000003930                shell_start
 .text.shell_help_print
                0x0000000000003968      0x1b0 zephyr/libzephyr.a(shell.c.obj)
                0x0000000000003968                shell_help_print
 .text.shell_execute
                0x0000000000003b18      0x1b0 zephyr/libzephyr.a(shell.c.obj)
 .text.shell_process
                0x0000000000003cc8      0x6a0 zephyr/libzephyr.a(shell.c.obj)
                0x0000000000003cc8                shell_process
 .text.shell_thread
                0x0000000000004368      0x144 zephyr/libzephyr.a(shell.c.obj)
                0x0000000000004368                shell_thread
 .text.shell_cmd_precheck
                0x00000000000044ac       0x44 zephyr/libzephyr.a(shell.c.obj)
                0x00000000000044ac                shell_cmd_precheck
 .text.shell_fprintf_buffer_flush
                0x00000000000044f0       0x18 zephyr/libzephyr.a(shell_fprintf.c.obj)
                0x00000000000044f0                shell_fprintf_buffer_flush
 .text.shell_fprintf_fmt
                0x0000000000004508       0x28 zephyr/libzephyr.a(shell_fprintf.c.obj)
                0x0000000000004508                shell_fprintf_fmt
 .text.out_func
                0x0000000000004530       0x38 zephyr/libzephyr.a(shell_fprintf.c.obj)
 .text.isspace  0x0000000000004568       0x14 zephyr/libzephyr.a(shell_utils.c.obj)
 .text.shell_strlen
                0x000000000000457c        0x8 zephyr/libzephyr.a(shell_utils.c.obj)
 .text.column_span_with_buffer_offsets_get
                0x0000000000004584       0x1e zephyr/libzephyr.a(shell_utils.c.obj)
                0x0000000000004584                column_span_with_buffer_offsets_get
 .text.row_span_with_buffer_offsets_get
                0x00000000000045a2       0x16 zephyr/libzephyr.a(shell_utils.c.obj)
                0x00000000000045a2                row_span_with_buffer_offsets_get
 .text.shell_multiline_data_calc
                0x00000000000045b8       0x2c zephyr/libzephyr.a(shell_utils.c.obj)
                0x00000000000045b8                shell_multiline_data_calc
 .text.shell_make_argv
                0x00000000000045e4      0x180 zephyr/libzephyr.a(shell_utils.c.obj)
                0x00000000000045e4                shell_make_argv
 .text.shell_buffer_trim
                0x0000000000004764       0x5c zephyr/libzephyr.a(shell_utils.c.obj)
                0x0000000000004764                shell_buffer_trim
 .text.shell_raw_fprintf
                0x00000000000047c0       0x1a zephyr/libzephyr.a(shell_ops.c.obj)
 .text.full_line_cmd
                0x00000000000047da       0x26 zephyr/libzephyr.a(shell_ops.c.obj)
 .text.shell_op_cursor_vert_move
                0x0000000000004800       0x20 zephyr/libzephyr.a(shell_ops.c.obj)
                0x0000000000004800                shell_op_cursor_vert_move
 .text.shell_op_cursor_horiz_move
                0x0000000000004820       0x20 zephyr/libzephyr.a(shell_ops.c.obj)
                0x0000000000004820                shell_op_cursor_horiz_move
 .text.shell_cursor_in_empty_line
                0x0000000000004840       0x26 zephyr/libzephyr.a(shell_ops.c.obj)
                0x0000000000004840                shell_cursor_in_empty_line
 *fill*         0x0000000000004866        0x2 
 .text.shell_op_cond_next_line
                0x0000000000004868       0x28 zephyr/libzephyr.a(shell_ops.c.obj)
                0x0000000000004868                shell_op_cond_next_line
 .text.shell_op_cursor_position_synchronize
                0x0000000000004890       0x4c zephyr/libzephyr.a(shell_ops.c.obj)
                0x0000000000004890                shell_op_cursor_position_synchronize
 .text.shell_op_cursor_move
                0x00000000000048dc       0x48 zephyr/libzephyr.a(shell_ops.c.obj)
                0x00000000000048dc                shell_op_cursor_move
 .text.reprint_from_cursor
                0x0000000000004924       0x5c zephyr/libzephyr.a(shell_ops.c.obj)
 .text.data_insert
                0x0000000000004980       0x64 zephyr/libzephyr.a(shell_ops.c.obj)
 .text.shell_op_word_remove
                0x00000000000049e4       0xb4 zephyr/libzephyr.a(shell_ops.c.obj)
                0x00000000000049e4                shell_op_word_remove
 .text.shell_op_cursor_home_move
                0x0000000000004a98        0xc zephyr/libzephyr.a(shell_ops.c.obj)
                0x0000000000004a98                shell_op_cursor_home_move
 .text.shell_op_cursor_end_move
                0x0000000000004aa4        0xe zephyr/libzephyr.a(shell_ops.c.obj)
                0x0000000000004aa4                shell_op_cursor_end_move
 .text.shell_op_left_arrow
                0x0000000000004ab2       0x10 zephyr/libzephyr.a(shell_ops.c.obj)
                0x0000000000004ab2                shell_op_left_arrow
 .text.shell_op_right_arrow
                0x0000000000004ac2       0x12 zephyr/libzephyr.a(shell_ops.c.obj)
                0x0000000000004ac2                shell_op_right_arrow
 .text.char_replace
                0x0000000000004ad4       0x3c zephyr/libzephyr.a(shell_ops.c.obj)
                0x0000000000004ad4                char_replace
 .text.shell_op_char_insert
                0x0000000000004b10       0x32 zephyr/libzephyr.a(shell_ops.c.obj)
                0x0000000000004b10                shell_op_char_insert
 .text.shell_op_char_delete
                0x0000000000004b42       0x36 zephyr/libzephyr.a(shell_ops.c.obj)
                0x0000000000004b42                shell_op_char_delete
 .text.shell_op_char_backspace
                0x0000000000004b78       0x22 zephyr/libzephyr.a(shell_ops.c.obj)
                0x0000000000004b78                shell_op_char_backspace
 .text.shell_op_completion_insert
                0x0000000000004b9a        0x4 zephyr/libzephyr.a(shell_ops.c.obj)
                0x0000000000004b9a                shell_op_completion_insert
 .text.timer_handler
                0x0000000000004b9e       0x26 zephyr/libzephyr.a(shell_uart.c.obj)
 .text.uninit   0x0000000000004bc4        0x4 zephyr/libzephyr.a(shell_uart.c.obj)
 .text.enable   0x0000000000004bc8        0x4 zephyr/libzephyr.a(shell_uart.c.obj)
 .text.write    0x0000000000004bcc       0x32 zephyr/libzephyr.a(shell_uart.c.obj)
 .text.read     0x0000000000004bfe       0x24 zephyr/libzephyr.a(shell_uart.c.obj)
 *fill*         0x0000000000004c22        0x2 
 .text.init     0x0000000000004c24       0x38 zephyr/libzephyr.a(shell_uart.c.obj)
 .text.enable_shell_uart
                0x0000000000004c5c       0x20 zephyr/libzephyr.a(shell_uart.c.obj)
 .text.cmd_shell_stats_reset
                0x0000000000004c7c       0x22 zephyr/libzephyr.a(shell_cmds.c.obj)
 .text.cmd_echo_on
                0x0000000000004c9e       0x2c zephyr/libzephyr.a(shell_cmds.c.obj)
 .text.cmd_echo_off
                0x0000000000004cca       0x2c zephyr/libzephyr.a(shell_cmds.c.obj)
 .text.cmd_colors_on
                0x0000000000004cf6       0x2c zephyr/libzephyr.a(shell_cmds.c.obj)
 .text.cmd_colors_off
                0x0000000000004d22       0x2c zephyr/libzephyr.a(shell_cmds.c.obj)
 .text.cmd_bacskpace_mode_delete
                0x0000000000004d4e       0x2c zephyr/libzephyr.a(shell_cmds.c.obj)
 .text.cmd_bacskpace_mode_backspace
                0x0000000000004d7a       0x2c zephyr/libzephyr.a(shell_cmds.c.obj)
 .text.shell_raw_fprintf
                0x0000000000004da6       0x1a zephyr/libzephyr.a(shell_cmds.c.obj)
 .text.cmd_help
                0x0000000000004dc0       0x14 zephyr/libzephyr.a(shell_cmds.c.obj)
 .text.cmd_clear
                0x0000000000004dd4       0x3c zephyr/libzephyr.a(shell_cmds.c.obj)
 .text.cmd_resize_default
                0x0000000000004e10       0x38 zephyr/libzephyr.a(shell_cmds.c.obj)
 .text.cmd_shell.part.6
                0x0000000000004e48       0x28 zephyr/libzephyr.a(shell_cmds.c.obj)
 .text.cmd_shell
                0x0000000000004e70       0x2c zephyr/libzephyr.a(shell_cmds.c.obj)
 .text.cmd_shell_stats_show
                0x0000000000004e9c       0x30 zephyr/libzephyr.a(shell_cmds.c.obj)
 .text.cmd_echo
                0x0000000000004ecc       0x5c zephyr/libzephyr.a(shell_cmds.c.obj)
 .text.cmd_colors
                0x0000000000004f28       0x2c zephyr/libzephyr.a(shell_cmds.c.obj)
 .text.cmd_bacskpace_mode
                0x0000000000004f54       0x2c zephyr/libzephyr.a(shell_cmds.c.obj)
 .text.cmd_shell_stats
                0x0000000000004f80       0x4c zephyr/libzephyr.a(shell_cmds.c.obj)
 .text.cmd_history
                0x0000000000004fcc       0x60 zephyr/libzephyr.a(shell_cmds.c.obj)
 .text.cmd_resize
                0x000000000000502c      0x19c zephyr/libzephyr.a(shell_cmds.c.obj)
 .text.remove_from_tail
                0x00000000000051c8       0x2e zephyr/libzephyr.a(shell_history.c.obj)
 .text.shell_history_mode_exit
                0x00000000000051f6        0x6 zephyr/libzephyr.a(shell_history.c.obj)
                0x00000000000051f6                shell_history_mode_exit
 .text.shell_history_get
                0x00000000000051fc       0x56 zephyr/libzephyr.a(shell_history.c.obj)
                0x00000000000051fc                shell_history_get
 .text.shell_history_purge
                0x0000000000005252       0x16 zephyr/libzephyr.a(shell_history.c.obj)
                0x0000000000005252                shell_history_purge
 .text.shell_history_put
                0x0000000000005268       0x74 zephyr/libzephyr.a(shell_history.c.obj)
                0x0000000000005268                shell_history_put
 .text.shell_history_init
                0x00000000000052dc        0xc zephyr/libzephyr.a(shell_history.c.obj)
                0x00000000000052dc                shell_history_init
 .text.msg_from_fifo
                0x00000000000052e8       0x28 zephyr/libzephyr.a(shell_log_backend.c.obj)
 .text.put      0x0000000000005310       0x7a zephyr/libzephyr.a(shell_log_backend.c.obj)
 .text.shell_log_backend_output_func
                0x000000000000538a       0x14 zephyr/libzephyr.a(shell_log_backend.c.obj)
                0x000000000000538a                shell_log_backend_output_func
 .text.shell_log_backend_enable
                0x000000000000539e       0x1e zephyr/libzephyr.a(shell_log_backend.c.obj)
                0x000000000000539e                shell_log_backend_enable
 .text.shell_log_backend_disable
                0x00000000000053bc       0x20 zephyr/libzephyr.a(shell_log_backend.c.obj)
                0x00000000000053bc                shell_log_backend_disable
 .text.shell_log_backend_process
                0x00000000000053dc       0x26 zephyr/libzephyr.a(shell_log_backend.c.obj)
                0x00000000000053dc                shell_log_backend_process
 .text.panic    0x0000000000005402       0x52 zephyr/libzephyr.a(shell_log_backend.c.obj)
 .text._app_send
                0x0000000000005454       0x1c zephyr/libzephyr.a(net_app.c.obj)
 .text.setup_ipv6_ctx
                0x0000000000005470       0x98 zephyr/libzephyr.a(net_app.c.obj)
 .text.select_client_ctx
                0x0000000000005508       0x82 zephyr/libzephyr.a(net_app.c.obj)
 .text._net_app_register
                0x000000000000558a        0x2 zephyr/libzephyr.a(net_app.c.obj)
                0x000000000000558a                _net_app_register
 .text._net_app_sprint_ipaddr
                0x000000000000558c       0x58 zephyr/libzephyr.a(net_app.c.obj)
                0x000000000000558c                _net_app_sprint_ipaddr
 .text._net_app_print_info
                0x00000000000055e4       0x22 zephyr/libzephyr.a(net_app.c.obj)
                0x00000000000055e4                _net_app_print_info
 .text._net_app_received
                0x0000000000005606       0x2c zephyr/libzephyr.a(net_app.c.obj)
                0x0000000000005606                _net_app_received
 *fill*         0x0000000000005632        0x2 
 .text._net_app_set_net_ctx
                0x0000000000005634       0x68 zephyr/libzephyr.a(net_app.c.obj)
                0x0000000000005634                _net_app_set_net_ctx
 .text._net_app_set_local_addr
                0x000000000000569c       0x84 zephyr/libzephyr.a(net_app.c.obj)
                0x000000000000569c                _net_app_set_local_addr
 .text._net_app_config_local_ctx
                0x0000000000005720       0x44 zephyr/libzephyr.a(net_app.c.obj)
                0x0000000000005720                _net_app_config_local_ctx
 .text.net_app_release
                0x0000000000005764       0x36 zephyr/libzephyr.a(net_app.c.obj)
                0x0000000000005764                net_app_release
 .text._net_app_select_net_ctx_debug
                0x000000000000579a       0x10 zephyr/libzephyr.a(net_app.c.obj)
                0x000000000000579a                _net_app_select_net_ctx_debug
 .text.net_app_set_cb
                0x00000000000057aa       0x26 zephyr/libzephyr.a(net_app.c.obj)
                0x00000000000057aa                net_app_set_cb
 .text.net_app_send_pkt
                0x00000000000057d0       0xd4 zephyr/libzephyr.a(net_app.c.obj)
                0x00000000000057d0                net_app_send_pkt
 .text.net_app_get_net_pkt
                0x00000000000058a4       0x44 zephyr/libzephyr.a(net_app.c.obj)
                0x00000000000058a4                net_app_get_net_pkt
 .text.net_app_close
                0x00000000000058e8       0x64 zephyr/libzephyr.a(net_app.c.obj)
                0x00000000000058e8                net_app_close
 .text._app_connected
                0x000000000000594c       0x22 zephyr/libzephyr.a(client.c.obj)
 .text.bind_local.part.4
                0x000000000000596e       0x44 zephyr/libzephyr.a(client.c.obj)
 *fill*         0x00000000000059b2        0x2 
 .text.net_app_init_client
                0x00000000000059b4      0x278 zephyr/libzephyr.a(client.c.obj)
                0x00000000000059b4                net_app_init_client
 .text.net_app_connect
                0x0000000000005c2c      0x168 zephyr/libzephyr.a(client.c.obj)
                0x0000000000005c2c                net_app_connect
 .text.sys_rand32_get
                0x0000000000005d94       0x50 zephyr/libzephyr.a(rand32_entropy_device.c.obj)
                0x0000000000005d94                sys_rand32_get
 .text.console_out
                0x0000000000005de4       0x28 zephyr/libzephyr.a(uart_console.c.obj)
 .text.uart_console_hook_install
                0x0000000000005e0c        0xc zephyr/libzephyr.a(uart_console.c.obj)
                0x0000000000005e0c                uart_console_hook_install
 .text.uart_console_init
                0x0000000000005e18       0x1c zephyr/libzephyr.a(uart_console.c.obj)
 .text.rtt_console_init
                0x0000000000005e34       0x18 zephyr/libzephyr.a(rtt_console.c.obj)
 .text.rtt_console_out
                0x0000000000005e4c       0x68 zephyr/libzephyr.a(rtt_console.c.obj)
 .text._m16src_stop
                0x0000000000005eb4       0x60 zephyr/libzephyr.a(nrf5_power_clock.c.obj)
 .text._clock_control_init
                0x0000000000005f14       0x16 zephyr/libzephyr.a(nrf5_power_clock.c.obj)
 *fill*         0x0000000000005f2a        0x2 
 .text._m16src_start
                0x0000000000005f2c       0xb4 zephyr/libzephyr.a(nrf5_power_clock.c.obj)
 .text._k32src_start
                0x0000000000005fe0       0x90 zephyr/libzephyr.a(nrf5_power_clock.c.obj)
 .text._power_clock_isr
                0x0000000000006070       0xac zephyr/libzephyr.a(nrf5_power_clock.c.obj)
 .text.rtc_compare_set
                0x000000000000611c       0x30 zephyr/libzephyr.a(nrf_rtc_timer.c.obj)
 .text.rtc_announce_set_next
                0x000000000000614c       0x60 zephyr/libzephyr.a(nrf_rtc_timer.c.obj)
 .text.rtc1_nrf5_isr
                0x00000000000061ac       0x10 zephyr/libzephyr.a(nrf_rtc_timer.c.obj)
                0x00000000000061ac                rtc1_nrf5_isr
 .text.z_clock_set_timeout
                0x00000000000061bc        0x2 zephyr/libzephyr.a(nrf_rtc_timer.c.obj)
                0x00000000000061bc                z_clock_set_timeout
 .text.z_clock_elapsed
                0x00000000000061be        0x4 zephyr/libzephyr.a(nrf_rtc_timer.c.obj)
                0x00000000000061be                z_clock_elapsed
 *fill*         0x00000000000061c2        0x2 
 .text.z_clock_idle_exit
                0x00000000000061c4       0x2c zephyr/libzephyr.a(nrf_rtc_timer.c.obj)
                0x00000000000061c4                z_clock_idle_exit
 .text.z_clock_driver_init
                0x00000000000061f0       0x80 zephyr/libzephyr.a(nrf_rtc_timer.c.obj)
                0x00000000000061f0                z_clock_driver_init
 .text._timer_cycle_get_32
                0x0000000000006270       0x20 zephyr/libzephyr.a(nrf_rtc_timer.c.obj)
                0x0000000000006270                _timer_cycle_get_32
 .text._HandlerModeExit
                0x0000000000006290       0x1c zephyr/arch/arm/core/libarch__arm__core.a(exc_exit.S.obj)
                0x0000000000006290                _ExcExit
                0x0000000000006290                _IntExit
 .text._IntLibInit
                0x00000000000062ac       0x18 zephyr/arch/arm/core/libarch__arm__core.a(irq_init.c.obj)
                0x00000000000062ac                _IntLibInit
 .text.__swap   0x00000000000062c4       0x30 zephyr/arch/arm/core/libarch__arm__core.a(swap.c.obj)
                0x00000000000062c4                __swap
 .text.__pendsv
                0x00000000000062f4       0x44 zephyr/arch/arm/core/libarch__arm__core.a(swap_helper.S.obj)
                0x00000000000062f4                __pendsv
 .text.__svc    0x0000000000006338       0x24 zephyr/arch/arm/core/libarch__arm__core.a(swap_helper.S.obj)
                0x0000000000006338                __svc
 .text._MpuFault.isra.2
                0x000000000000635c       0x88 zephyr/arch/arm/core/libarch__arm__core.a(fault.c.obj)
 .text._BusFault.isra.3
                0x00000000000063e4       0x94 zephyr/arch/arm/core/libarch__arm__core.a(fault.c.obj)
 .text._UsageFault.isra.5
                0x0000000000006478       0x88 zephyr/arch/arm/core/libarch__arm__core.a(fault.c.obj)
 .text._Fault   0x0000000000006500       0xd0 zephyr/arch/arm/core/libarch__arm__core.a(fault.c.obj)
                0x0000000000006500                _Fault
 .text._FaultInit
                0x00000000000065d0       0x10 zephyr/arch/arm/core/libarch__arm__core.a(fault.c.obj)
                0x00000000000065d0                _FaultInit
 .text._arch_irq_enable
                0x00000000000065e0       0x20 zephyr/arch/arm/core/libarch__arm__core.a(irq_manage.c.obj)
                0x00000000000065e0                _arch_irq_enable
 .text._arch_irq_disable
                0x0000000000006600       0x28 zephyr/arch/arm/core/libarch__arm__core.a(irq_manage.c.obj)
                0x0000000000006600                _arch_irq_disable
 .text._arch_irq_is_enabled
                0x0000000000006628       0x1c zephyr/arch/arm/core/libarch__arm__core.a(irq_manage.c.obj)
                0x0000000000006628                _arch_irq_is_enabled
 .text._irq_priority_set
                0x0000000000006644       0x30 zephyr/arch/arm/core/libarch__arm__core.a(irq_manage.c.obj)
                0x0000000000006644                _irq_priority_set
 .text._irq_spurious
                0x0000000000006674        0x4 zephyr/arch/arm/core/libarch__arm__core.a(irq_manage.c.obj)
                0x0000000000006674                _irq_spurious
 .text._arch_isr_direct_pm
                0x0000000000006678       0x1c zephyr/arch/arm/core/libarch__arm__core.a(irq_manage.c.obj)
                0x0000000000006678                _arch_isr_direct_pm
 .text._arch_isr_direct_header
                0x0000000000006694        0x2 zephyr/arch/arm/core/libarch__arm__core.a(irq_manage.c.obj)
                0x0000000000006694                _arch_isr_direct_header
 *fill*         0x0000000000006696        0x2 
 .text._new_thread
                0x0000000000006698       0x58 zephyr/arch/arm/core/libarch__arm__core.a(thread.c.obj)
                0x0000000000006698                _new_thread
 .text._CpuIdleInit
                0x00000000000066f0        0xc zephyr/arch/arm/core/libarch__arm__core.a(cpu_idle.S.obj)
                0x00000000000066f0                _CpuIdleInit
 .text.k_cpu_idle
                0x00000000000066fc        0xc zephyr/arch/arm/core/libarch__arm__core.a(cpu_idle.S.obj)
                0x00000000000066fc                k_cpu_idle
 .text.__fault  0x0000000000006708       0x28 zephyr/arch/arm/core/libarch__arm__core.a(fault_s.S.obj)
                0x0000000000006708                __usage_fault
                0x0000000000006708                __reserved
                0x0000000000006708                __bus_fault
                0x0000000000006708                __debug_monitor
                0x0000000000006708                __mpu_fault
                0x0000000000006708                __hard_fault
 .text._NanoFatalErrorHandler
                0x0000000000006730       0x68 zephyr/arch/arm/core/libarch__arm__core.a(fatal.c.obj)
                0x0000000000006730                _NanoFatalErrorHandler
 .text._do_kernel_oops
                0x0000000000006798        0x8 zephyr/arch/arm/core/libarch__arm__core.a(fatal.c.obj)
                0x0000000000006798                _do_kernel_oops
 .text._SysFatalErrorHandler
                0x00000000000067a0       0x58 zephyr/arch/arm/core/libarch__arm__core.a(sys_fatal_error_handler.c.obj)
                0x00000000000067a0                _SysFatalErrorHandler
 .text._impl_k_thread_abort
                0x00000000000067f8       0x48 zephyr/arch/arm/core/libarch__arm__core.a(thread_abort.c.obj)
                0x00000000000067f8                _impl_k_thread_abort
 .text._isr_wrapper
                0x0000000000006840       0x3c zephyr/arch/arm/core/libarch__arm__core.a(isr_wrapper.S.obj)
                0x0000000000006840                _isr_wrapper
 .text._reset_section
                0x000000000000687c       0x34 zephyr/arch/arm/core/cortex_m/libarch__arm__core__cortex_m.a(reset.S.obj)
                0x000000000000687c                __reset
                0x000000000000687c                __start
 .text._SysNmiOnReset
                0x00000000000068b0        0x8 zephyr/arch/arm/core/cortex_m/libarch__arm__core__cortex_m.a(nmi_on_reset.S.obj)
                0x00000000000068b0                _SysNmiOnReset
 .text._PrepC   0x00000000000068b8       0x28 zephyr/arch/arm/core/cortex_m/libarch__arm__core__cortex_m.a(prep_c.c.obj)
                0x00000000000068b8                _PrepC
 .text.__nmi    0x00000000000068e0        0xe zephyr/arch/arm/core/cortex_m/libarch__arm__core__cortex_m.a(nmi.c.obj)
                0x00000000000068e0                __nmi
 *fill*         0x00000000000068ee        0x2 
 .text.arm_core_mpu_enable
                0x00000000000068f0       0x14 zephyr/arch/arm/core/cortex_m/mpu/libarch__arm__core__cortex_m__mpu.a(arm_mpu.c.obj)
                0x00000000000068f0                arm_core_mpu_enable
 .text.arm_mpu_init
                0x0000000000006904       0x50 zephyr/arch/arm/core/cortex_m/mpu/libarch__arm__core__cortex_m__mpu.a(arm_mpu.c.obj)
 .text.strtol   0x0000000000006954       0xec zephyr/lib/libc/minimal/liblib__libc__minimal.a(strtol.c.obj)
                0x0000000000006954                strtol
 .text.strtoul  0x0000000000006a40       0xf2 zephyr/lib/libc/minimal/liblib__libc__minimal.a(strtoul.c.obj)
                0x0000000000006a40                strtoul
 .text.strstr   0x0000000000006b32       0x3a zephyr/lib/libc/minimal/liblib__libc__minimal.a(strstr.c.obj)
                0x0000000000006b32                strstr
 .text.strcpy   0x0000000000006b6c       0x14 zephyr/lib/libc/minimal/liblib__libc__minimal.a(string.c.obj)
                0x0000000000006b6c                strcpy
 .text.strncpy  0x0000000000006b80       0x26 zephyr/lib/libc/minimal/liblib__libc__minimal.a(string.c.obj)
                0x0000000000006b80                strncpy
 .text.strchr   0x0000000000006ba6       0x1c zephyr/lib/libc/minimal/liblib__libc__minimal.a(string.c.obj)
                0x0000000000006ba6                strchr
 .text.strrchr  0x0000000000006bc2       0x1a zephyr/lib/libc/minimal/liblib__libc__minimal.a(string.c.obj)
                0x0000000000006bc2                strrchr
 .text.strlen   0x0000000000006bdc       0x10 zephyr/lib/libc/minimal/liblib__libc__minimal.a(string.c.obj)
                0x0000000000006bdc                strlen
 .text.strcmp   0x0000000000006bec       0x1a zephyr/lib/libc/minimal/liblib__libc__minimal.a(string.c.obj)
                0x0000000000006bec                strcmp
 .text.strncmp  0x0000000000006c06       0x1e zephyr/lib/libc/minimal/liblib__libc__minimal.a(string.c.obj)
                0x0000000000006c06                strncmp
 .text.strcat   0x0000000000006c24       0x16 zephyr/lib/libc/minimal/liblib__libc__minimal.a(string.c.obj)
                0x0000000000006c24                strcat
 .text.memcmp   0x0000000000006c3a       0x20 zephyr/lib/libc/minimal/liblib__libc__minimal.a(string.c.obj)
                0x0000000000006c3a                memcmp
 .text.memmove  0x0000000000006c5a       0x2e zephyr/lib/libc/minimal/liblib__libc__minimal.a(string.c.obj)
                0x0000000000006c5a                memmove
 .text.memcpy   0x0000000000006c88       0x5a zephyr/lib/libc/minimal/liblib__libc__minimal.a(string.c.obj)
                0x0000000000006c88                memcpy
 .text.memset   0x0000000000006ce2       0x42 zephyr/lib/libc/minimal/liblib__libc__minimal.a(string.c.obj)
                0x0000000000006ce2                memset
 .text.memchr   0x0000000000006d24       0x1e zephyr/lib/libc/minimal/liblib__libc__minimal.a(string.c.obj)
                0x0000000000006d24                memchr
 .text._to_x    0x0000000000006d42       0x50 zephyr/lib/libc/minimal/liblib__libc__minimal.a(prf.c.obj)
 .text._rlrshift
                0x0000000000006d92       0x28 zephyr/lib/libc/minimal/liblib__libc__minimal.a(prf.c.obj)
 .text._ldiv5   0x0000000000006dba       0x62 zephyr/lib/libc/minimal/liblib__libc__minimal.a(prf.c.obj)
 .text._get_digit
                0x0000000000006e1c       0x36 zephyr/lib/libc/minimal/liblib__libc__minimal.a(prf.c.obj)
 *fill*         0x0000000000006e52        0x2 
 .text._prf     0x0000000000006e54      0x7cc zephyr/lib/libc/minimal/liblib__libc__minimal.a(prf.c.obj)
                0x0000000000006e54                _prf
 .text._stdout_hook_default
                0x0000000000007620        0x6 zephyr/lib/libc/minimal/liblib__libc__minimal.a(stdout_console.c.obj)
 *fill*         0x0000000000007626        0x2 
 .text.__stdout_hook_install
                0x0000000000007628        0xc zephyr/lib/libc/minimal/liblib__libc__minimal.a(stdout_console.c.obj)
                0x0000000000007628                __stdout_hook_install
 .text.bt_hex_real
                0x0000000000007634       0x48 zephyr/subsys/bluetooth/common/libsubsys__bluetooth__common.a(log.c.obj)
                0x0000000000007634                bt_hex_real
 .text.bt_addr_le_str_real
                0x000000000000767c       0x7c zephyr/subsys/bluetooth/common/libsubsys__bluetooth__common.a(log.c.obj)
                0x000000000000767c                bt_addr_le_str_real
 .text.ah       0x00000000000076f8       0x3a zephyr/subsys/bluetooth/common/libsubsys__bluetooth__common.a(rpa.c.obj)
 .text.bt_rpa_irk_matches
                0x0000000000007732       0x26 zephyr/subsys/bluetooth/common/libsubsys__bluetooth__common.a(rpa.c.obj)
                0x0000000000007732                bt_rpa_irk_matches
 .text.bt_rpa_create
                0x0000000000007758       0x2e zephyr/subsys/bluetooth/common/libsubsys__bluetooth__common.a(rpa.c.obj)
                0x0000000000007758                bt_rpa_create
 *fill*         0x0000000000007786        0x2 
 .text.uuid_to_uuid128
                0x0000000000007788       0x7c zephyr/subsys/bluetooth/host/libsubsys__bluetooth__host.a(uuid.c.obj)
 .text.bt_uuid_cmp
                0x0000000000007804       0x54 zephyr/subsys/bluetooth/host/libsubsys__bluetooth__host.a(uuid.c.obj)
                0x0000000000007804                bt_uuid_cmp
 .text.ver_str  0x0000000000007858       0x38 zephyr/subsys/bluetooth/host/libsubsys__bluetooth__host.a(hci_core.c.obj)
 .text.bt_addr_le_copy
                0x0000000000007890        0x6 zephyr/subsys/bluetooth/host/libsubsys__bluetooth__host.a(hci_core.c.obj)
 .text.atomic_or
                0x0000000000007896       0x1e zephyr/subsys/bluetooth/host/libsubsys__bluetooth__host.a(hci_core.c.obj)
 .text.atomic_and
                0x00000000000078b4       0x1e zephyr/subsys/bluetooth/host/libsubsys__bluetooth__host.a(hci_core.c.obj)
 *fill*         0x00000000000078d2        0x2 
 .text.stack_analyze
                0x00000000000078d4       0x34 zephyr/subsys/bluetooth/host/libsubsys__bluetooth__host.a(hci_core.c.obj)
 .text.hci_stack_dump
                0x0000000000007908        0xc zephyr/subsys/bluetooth/host/libsubsys__bluetooth__host.a(hci_core.c.obj)
 .text.update_sec_level
                0x0000000000007914       0x80 zephyr/subsys/bluetooth/host/libsubsys__bluetooth__host.a(hci_core.c.obj)
 .text.find_pending_connect
                0x0000000000007994       0x1a zephyr/subsys/bluetooth/host/libsubsys__bluetooth__host.a(hci_core.c.obj)
 *fill*         0x00000000000079ae        0x2 
 .text.hci_cmd_done
                0x00000000000079b0      0x100 zephyr/subsys/bluetooth/host/libsubsys__bluetooth__host.a(hci_core.c.obj)
 .text.id_find  0x0000000000007ab0       0x34 zephyr/subsys/bluetooth/host/libsubsys__bluetooth__host.a(hci_core.c.obj)
 .text.atomic_test_bit
                0x0000000000007ae4       0x12 zephyr/subsys/bluetooth/host/libsubsys__bluetooth__host.a(hci_core.c.obj)
 *fill*         0x0000000000007af6        0x2 
 .text.slave_update_conn_param
                0x0000000000007af8       0x28 zephyr/subsys/bluetooth/host/libsubsys__bluetooth__host.a(hci_core.c.obj)
 .text.sys_put_le64
                0x0000000000007b20       0x20 zephyr/subsys/bluetooth/host/libsubsys__bluetooth__host.a(hci_core.c.obj)
 .text.bt_hci_cmd_create
                0x0000000000007b40       0x60 zephyr/subsys/bluetooth/host/libsubsys__bluetooth__host.a(hci_core.c.obj)
                0x0000000000007b40                bt_hci_cmd_create
 .text.bt_hci_cmd_send_sync
                0x0000000000007ba0       0x7c zephyr/subsys/bluetooth/host/libsubsys__bluetooth__host.a(hci_core.c.obj)
                0x0000000000007ba0                bt_hci_cmd_send_sync
 .text.hci_id_add
                0x0000000000007c1c       0x50 zephyr/subsys/bluetooth/host/libsubsys__bluetooth__host.a(hci_core.c.obj)
 .text.keys_add_id
                0x0000000000007c6c        0xa zephyr/subsys/bluetooth/host/libsubsys__bluetooth__host.a(hci_core.c.obj)
 .text.addr_res_enable
                0x0000000000007c76       0x30 zephyr/subsys/bluetooth/host/libsubsys__bluetooth__host.a(hci_core.c.obj)
 *fill*         0x0000000000007ca6        0x2 
 .text.set_le_scan_enable
                0x0000000000007ca8       0x6c zephyr/subsys/bluetooth/host/libsubsys__bluetooth__host.a(hci_core.c.obj)
 .text.set_advertise_enable
                0x0000000000007d14       0x54 zephyr/subsys/bluetooth/host/libsubsys__bluetooth__host.a(hci_core.c.obj)
 .text.set_random_address
                0x0000000000007d68       0x5c zephyr/subsys/bluetooth/host/libsubsys__bluetooth__host.a(hci_core.c.obj)
 .text.le_set_private_addr.isra.26
                0x0000000000007dc4       0x24 zephyr/subsys/bluetooth/host/libsubsys__bluetooth__host.a(hci_core.c.obj)
 .text.set_ad   0x0000000000007de8       0xf0 zephyr/subsys/bluetooth/host/libsubsys__bluetooth__host.a(hci_core.c.obj)
 .text.le_adv_update
                0x0000000000007ed8       0x94 zephyr/subsys/bluetooth/host/libsubsys__bluetooth__host.a(hci_core.c.obj)
 .text.bt_le_conn_params_valid
                0x0000000000007f6c       0x40 zephyr/subsys/bluetooth/host/libsubsys__bluetooth__host.a(hci_core.c.obj)
                0x0000000000007f6c                bt_le_conn_params_valid
 .text.bt_id_add
                0x0000000000007fac      0x250 zephyr/subsys/bluetooth/host/libsubsys__bluetooth__host.a(hci_core.c.obj)
                0x0000000000007fac                bt_id_add
 .text.bt_id_del
                0x00000000000081fc      0x180 zephyr/subsys/bluetooth/host/libsubsys__bluetooth__host.a(hci_core.c.obj)
                0x00000000000081fc                bt_id_del
 .text.update_pending_id
                0x000000000000837c       0x20 zephyr/subsys/bluetooth/host/libsubsys__bluetooth__host.a(hci_core.c.obj)
 .text.bt_addr_le_create_static
                0x000000000000839c       0x1c zephyr/subsys/bluetooth/host/libsubsys__bluetooth__host.a(hci_core.c.obj)
                0x000000000000839c                bt_addr_le_create_static
 .text.id_create.isra.30
                0x00000000000083b8       0x58 zephyr/subsys/bluetooth/host/libsubsys__bluetooth__host.a(hci_core.c.obj)
 .text.bt_dev_show_info
                0x0000000000008410      0x154 zephyr/subsys/bluetooth/host/libsubsys__bluetooth__host.a(hci_core.c.obj)
                0x0000000000008410                bt_dev_show_info
 .text.bt_send  0x0000000000008564       0x10 zephyr/subsys/bluetooth/host/libsubsys__bluetooth__host.a(hci_core.c.obj)
                0x0000000000008564                bt_send
 .text.bt_hci_cmd_send
                0x0000000000008574       0x84 zephyr/subsys/bluetooth/host/libsubsys__bluetooth__host.a(hci_core.c.obj)
                0x0000000000008574                bt_hci_cmd_send
 .text.start_le_scan
                0x00000000000085f8       0xb4 zephyr/subsys/bluetooth/host/libsubsys__bluetooth__host.a(hci_core.c.obj)
 .text.bt_le_scan_update
                0x00000000000086ac       0x64 zephyr/subsys/bluetooth/host/libsubsys__bluetooth__host.a(hci_core.c.obj)
                0x00000000000086ac                bt_le_scan_update
 .text.hci_le_set_phy.isra.35
                0x0000000000008710       0x40 zephyr/subsys/bluetooth/host/libsubsys__bluetooth__host.a(hci_core.c.obj)
 .text.hci_le_set_data_len.isra.36
                0x0000000000008750       0x54 zephyr/subsys/bluetooth/host/libsubsys__bluetooth__host.a(hci_core.c.obj)
 .text.le_enh_conn_complete
                0x00000000000087a4      0x220 zephyr/subsys/bluetooth/host/libsubsys__bluetooth__host.a(hci_core.c.obj)
 .text.le_conn_param_neg_reply
                0x00000000000089c4       0x34 zephyr/subsys/bluetooth/host/libsubsys__bluetooth__host.a(hci_core.c.obj)
 .text.hci_tx_thread
                0x00000000000089f8      0x1f4 zephyr/subsys/bluetooth/host/libsubsys__bluetooth__host.a(hci_core.c.obj)
 .text.bt_recv  0x0000000000008bec      0xb8c zephyr/subsys/bluetooth/host/libsubsys__bluetooth__host.a(hci_core.c.obj)
                0x0000000000008bec                bt_recv
 .text.bt_recv_prio
                0x0000000000009778      0x264 zephyr/subsys/bluetooth/host/libsubsys__bluetooth__host.a(hci_core.c.obj)
                0x0000000000009778                bt_recv_prio
 .text.bt_hci_driver_register
                0x00000000000099dc       0x28 zephyr/subsys/bluetooth/host/libsubsys__bluetooth__host.a(hci_core.c.obj)
                0x00000000000099dc                bt_hci_driver_register
 .text.bt_get_name
                0x0000000000009a04        0x8 zephyr/subsys/bluetooth/host/libsubsys__bluetooth__host.a(hci_core.c.obj)
                0x0000000000009a04                bt_get_name
 .text.bt_id_create
                0x0000000000009a0c       0xc4 zephyr/subsys/bluetooth/host/libsubsys__bluetooth__host.a(hci_core.c.obj)
                0x0000000000009a0c                bt_id_create
 .text.bt_setup_id_addr
                0x0000000000009ad0      0x14c zephyr/subsys/bluetooth/host/libsubsys__bluetooth__host.a(hci_core.c.obj)
                0x0000000000009ad0                bt_setup_id_addr
 *fill*         0x0000000000009c1c        0x4 
 .text.bt_init  0x0000000000009c20      0x68c zephyr/subsys/bluetooth/host/libsubsys__bluetooth__host.a(hci_core.c.obj)
 .text.init_work
                0x000000000000a2ac       0x18 zephyr/subsys/bluetooth/host/libsubsys__bluetooth__host.a(hci_core.c.obj)
 .text.bt_enable
                0x000000000000a2c4      0x10c zephyr/subsys/bluetooth/host/libsubsys__bluetooth__host.a(hci_core.c.obj)
                0x000000000000a2c4                bt_enable
 .text.bt_addr_le_is_bonded
                0x000000000000a3d0       0x12 zephyr/subsys/bluetooth/host/libsubsys__bluetooth__host.a(hci_core.c.obj)
                0x000000000000a3d0                bt_addr_le_is_bonded
 *fill*         0x000000000000a3e2        0x2 
 .text.bt_le_adv_start_internal
                0x000000000000a3e4      0x1dc zephyr/subsys/bluetooth/host/libsubsys__bluetooth__host.a(hci_core.c.obj)
                0x000000000000a3e4                bt_le_adv_start_internal
 .text.bt_le_adv_start
                0x000000000000a5c0       0x1e zephyr/subsys/bluetooth/host/libsubsys__bluetooth__host.a(hci_core.c.obj)
                0x000000000000a5c0                bt_le_adv_start
 *fill*         0x000000000000a5de        0x2 
 .text.bt_le_adv_stop
                0x000000000000a5e0       0x4c zephyr/subsys/bluetooth/host/libsubsys__bluetooth__host.a(hci_core.c.obj)
                0x000000000000a5e0                bt_le_adv_stop
 .text.bt_buf_get_rx
                0x000000000000a62c       0x20 zephyr/subsys/bluetooth/host/libsubsys__bluetooth__host.a(hci_core.c.obj)
                0x000000000000a62c                bt_buf_get_rx
 .text.bt_buf_get_cmd_complete
                0x000000000000a64c       0x44 zephyr/subsys/bluetooth/host/libsubsys__bluetooth__host.a(hci_core.c.obj)
                0x000000000000a64c                bt_buf_get_cmd_complete
 .text.bt_pub_key_gen
                0x000000000000a690       0xf8 zephyr/subsys/bluetooth/host/libsubsys__bluetooth__host.a(hci_core.c.obj)
                0x000000000000a690                bt_pub_key_gen
 .text.bt_dh_key_gen
                0x000000000000a788       0x74 zephyr/subsys/bluetooth/host/libsubsys__bluetooth__host.a(hci_core.c.obj)
                0x000000000000a788                bt_dh_key_gen
 .text.bt_le_oob_get_local
                0x000000000000a7fc       0x20 zephyr/subsys/bluetooth/host/libsubsys__bluetooth__host.a(hci_core.c.obj)
                0x000000000000a7fc                bt_le_oob_get_local
 .text.notify_connected
                0x000000000000a81c       0x20 zephyr/subsys/bluetooth/host/libsubsys__bluetooth__host.a(conn.c.obj)
 .text.atomic_get
                0x000000000000a83c        0xc zephyr/subsys/bluetooth/host/libsubsys__bluetooth__host.a(conn.c.obj)
 .text.bt_conn_reset_rx_state
                0x000000000000a848       0x16 zephyr/subsys/bluetooth/host/libsubsys__bluetooth__host.a(conn.c.obj)
 .text.atomic_dec
                0x000000000000a85e       0x1a zephyr/subsys/bluetooth/host/libsubsys__bluetooth__host.a(conn.c.obj)
 .text.atomic_inc
                0x000000000000a878       0x1a zephyr/subsys/bluetooth/host/libsubsys__bluetooth__host.a(conn.c.obj)
 *fill*         0x000000000000a892        0x2 
 .text.bt_conn_get_pkts
                0x000000000000a894        0x8 zephyr/subsys/bluetooth/host/libsubsys__bluetooth__host.a(conn.c.obj)
                0x000000000000a894                bt_conn_get_pkts
 .text.notify_le_param_updated
                0x000000000000a89c       0x28 zephyr/subsys/bluetooth/host/libsubsys__bluetooth__host.a(conn.c.obj)
                0x000000000000a89c                notify_le_param_updated
 .text.le_param_req
                0x000000000000a8c4       0x40 zephyr/subsys/bluetooth/host/libsubsys__bluetooth__host.a(conn.c.obj)
                0x000000000000a8c4                le_param_req
 .text.bt_conn_identity_resolved
                0x000000000000a904       0x34 zephyr/subsys/bluetooth/host/libsubsys__bluetooth__host.a(conn.c.obj)
                0x000000000000a904                bt_conn_identity_resolved
 .text.bt_conn_le_start_encryption
                0x000000000000a938       0x76 zephyr/subsys/bluetooth/host/libsubsys__bluetooth__host.a(conn.c.obj)
                0x000000000000a938                bt_conn_le_start_encryption
 *fill*         0x000000000000a9ae        0x2 
 .text.bt_conn_security_changed
                0x000000000000a9b0       0x20 zephyr/subsys/bluetooth/host/libsubsys__bluetooth__host.a(conn.c.obj)
                0x000000000000a9b0                bt_conn_security_changed
 .text.bt_conn_security
                0x000000000000a9d0       0x9e zephyr/subsys/bluetooth/host/libsubsys__bluetooth__host.a(conn.c.obj)
                0x000000000000a9d0                bt_conn_security
 *fill*         0x000000000000aa6e        0x2 
 .text.bt_conn_cb_register
                0x000000000000aa70       0x10 zephyr/subsys/bluetooth/host/libsubsys__bluetooth__host.a(conn.c.obj)
                0x000000000000aa70                bt_conn_cb_register
 .text.bt_conn_recv
                0x000000000000aa80      0x1c0 zephyr/subsys/bluetooth/host/libsubsys__bluetooth__host.a(conn.c.obj)
                0x000000000000aa80                bt_conn_recv
 .text.bt_conn_send_cb
                0x000000000000ac40       0x60 zephyr/subsys/bluetooth/host/libsubsys__bluetooth__host.a(conn.c.obj)
                0x000000000000ac40                bt_conn_send_cb
 .text.bt_conn_notify_tx
                0x000000000000aca0       0x40 zephyr/subsys/bluetooth/host/libsubsys__bluetooth__host.a(conn.c.obj)
                0x000000000000aca0                bt_conn_notify_tx
 .text.send_frag
                0x000000000000ace0      0x150 zephyr/subsys/bluetooth/host/libsubsys__bluetooth__host.a(conn.c.obj)
 .text.conn_cleanup
                0x000000000000ae30       0x30 zephyr/subsys/bluetooth/host/libsubsys__bluetooth__host.a(conn.c.obj)
 .text.bt_conn_prepare_events
                0x000000000000ae60       0x90 zephyr/subsys/bluetooth/host/libsubsys__bluetooth__host.a(conn.c.obj)
                0x000000000000ae60                bt_conn_prepare_events
 .text.bt_conn_add_le
                0x000000000000aef0       0x6c zephyr/subsys/bluetooth/host/libsubsys__bluetooth__host.a(conn.c.obj)
                0x000000000000aef0                bt_conn_add_le
 .text.bt_conn_set_state
                0x000000000000af5c      0x1e0 zephyr/subsys/bluetooth/host/libsubsys__bluetooth__host.a(conn.c.obj)
                0x000000000000af5c                bt_conn_set_state
 .text.bt_conn_lookup_handle
                0x000000000000b13c       0x34 zephyr/subsys/bluetooth/host/libsubsys__bluetooth__host.a(conn.c.obj)
                0x000000000000b13c                bt_conn_lookup_handle
 .text.bt_conn_addr_le_cmp
                0x000000000000b170       0x30 zephyr/subsys/bluetooth/host/libsubsys__bluetooth__host.a(conn.c.obj)
                0x000000000000b170                bt_conn_addr_le_cmp
 .text.bt_conn_lookup_addr_le
                0x000000000000b1a0       0x3c zephyr/subsys/bluetooth/host/libsubsys__bluetooth__host.a(conn.c.obj)
                0x000000000000b1a0                bt_conn_lookup_addr_le
 .text.bt_conn_lookup_state_le
                0x000000000000b1dc       0x44 zephyr/subsys/bluetooth/host/libsubsys__bluetooth__host.a(conn.c.obj)
                0x000000000000b1dc                bt_conn_lookup_state_le
 .text.bt_conn_unref
                0x000000000000b220        0x6 zephyr/subsys/bluetooth/host/libsubsys__bluetooth__host.a(conn.c.obj)
                0x000000000000b220                bt_conn_unref
 .text.bt_conn_get_info
                0x000000000000b226       0x40 zephyr/subsys/bluetooth/host/libsubsys__bluetooth__host.a(conn.c.obj)
                0x000000000000b226                bt_conn_get_info
 *fill*         0x000000000000b266        0x2 
 .text.bt_le_set_auto_conn
                0x000000000000b268       0xd8 zephyr/subsys/bluetooth/host/libsubsys__bluetooth__host.a(conn.c.obj)
                0x000000000000b268                bt_le_set_auto_conn
 .text.bt_conn_disconnect
                0x000000000000b340       0xa2 zephyr/subsys/bluetooth/host/libsubsys__bluetooth__host.a(conn.c.obj)
                0x000000000000b340                bt_conn_disconnect
 .text.bt_conn_le_conn_update
                0x000000000000b3e2       0x4e zephyr/subsys/bluetooth/host/libsubsys__bluetooth__host.a(conn.c.obj)
                0x000000000000b3e2                bt_conn_le_conn_update
 .text.send_conn_le_param_update
                0x000000000000b430       0x24 zephyr/subsys/bluetooth/host/libsubsys__bluetooth__host.a(conn.c.obj)
 .text.conn_le_update_timeout
                0x000000000000b454       0x90 zephyr/subsys/bluetooth/host/libsubsys__bluetooth__host.a(conn.c.obj)
 .text.bt_conn_create_pdu
                0x000000000000b4e4       0x28 zephyr/subsys/bluetooth/host/libsubsys__bluetooth__host.a(conn.c.obj)
                0x000000000000b4e4                bt_conn_create_pdu
 .text.create_frag.isra.9
                0x000000000000b50c       0x6c zephyr/subsys/bluetooth/host/libsubsys__bluetooth__host.a(conn.c.obj)
 .text.bt_conn_process_tx
                0x000000000000b578       0xf4 zephyr/subsys/bluetooth/host/libsubsys__bluetooth__host.a(conn.c.obj)
                0x000000000000b578                bt_conn_process_tx
 .text.bt_conn_get_id
                0x000000000000b66c       0x18 zephyr/subsys/bluetooth/host/libsubsys__bluetooth__host.a(conn.c.obj)
                0x000000000000b66c                bt_conn_get_id
 .text.bt_conn_init
                0x000000000000b684       0x68 zephyr/subsys/bluetooth/host/libsubsys__bluetooth__host.a(conn.c.obj)
                0x000000000000b684                bt_conn_init
 .text.sys_slist_append
                0x000000000000b6ec       0x14 zephyr/subsys/bluetooth/host/libsubsys__bluetooth__host.a(l2cap.c.obj)
 .text.sys_slist_remove
                0x000000000000b700       0x20 zephyr/subsys/bluetooth/host/libsubsys__bluetooth__host.a(l2cap.c.obj)
 .text.net_buf_frags_len
                0x000000000000b720       0x10 zephyr/subsys/bluetooth/host/libsubsys__bluetooth__host.a(l2cap.c.obj)
 .text.get_ident
                0x000000000000b730       0x18 zephyr/subsys/bluetooth/host/libsubsys__bluetooth__host.a(l2cap.c.obj)
 .text.__l2cap_lookup_ident
                0x000000000000b748       0x38 zephyr/subsys/bluetooth/host/libsubsys__bluetooth__host.a(l2cap.c.obj)
 .text.l2cap_server_lookup_psm
                0x000000000000b780       0x1c zephyr/subsys/bluetooth/host/libsubsys__bluetooth__host.a(l2cap.c.obj)
 .text.l2cap_remove_tx_cid
                0x000000000000b79c       0x3a zephyr/subsys/bluetooth/host/libsubsys__bluetooth__host.a(l2cap.c.obj)
 .text.l2cap_alloc_frag
                0x000000000000b7d6        0x8 zephyr/subsys/bluetooth/host/libsubsys__bluetooth__host.a(l2cap.c.obj)
 .text.l2cap_connected
                0x000000000000b7de        0x2 zephyr/subsys/bluetooth/host/libsubsys__bluetooth__host.a(l2cap.c.obj)
 .text.l2cap_chan_destroy
                0x000000000000b7e0       0x34 zephyr/subsys/bluetooth/host/libsubsys__bluetooth__host.a(l2cap.c.obj)
 .text.l2cap_chan_rx_init
                0x000000000000b814       0x42 zephyr/subsys/bluetooth/host/libsubsys__bluetooth__host.a(l2cap.c.obj)
 .text.l2cap_chan_tx_init
                0x000000000000b856       0x28 zephyr/subsys/bluetooth/host/libsubsys__bluetooth__host.a(l2cap.c.obj)
 *fill*         0x000000000000b87e        0x2 
 .text.l2cap_accept
                0x000000000000b880       0x60 zephyr/subsys/bluetooth/host/libsubsys__bluetooth__host.a(l2cap.c.obj)
 .text.l2cap_create_le_sig_pdu.isra.10
                0x000000000000b8e0       0x24 zephyr/subsys/bluetooth/host/libsubsys__bluetooth__host.a(l2cap.c.obj)
 .text.l2cap_disconnected
                0x000000000000b904        0x2 zephyr/subsys/bluetooth/host/libsubsys__bluetooth__host.a(l2cap.c.obj)
 *fill*         0x000000000000b906        0x2 
 .text.bt_l2cap_le_fixed_chan_register
                0x000000000000b908       0x10 zephyr/subsys/bluetooth/host/libsubsys__bluetooth__host.a(l2cap.c.obj)
                0x000000000000b908                bt_l2cap_le_fixed_chan_register
 .text.bt_l2cap_chan_remove
                0x000000000000b918       0x2e zephyr/subsys/bluetooth/host/libsubsys__bluetooth__host.a(l2cap.c.obj)
                0x000000000000b918                bt_l2cap_chan_remove
 .text.bt_l2cap_chan_del
                0x000000000000b946       0x2a zephyr/subsys/bluetooth/host/libsubsys__bluetooth__host.a(l2cap.c.obj)
                0x000000000000b946                bt_l2cap_chan_del
 .text.l2cap_rtx_timeout
                0x000000000000b970       0x60 zephyr/subsys/bluetooth/host/libsubsys__bluetooth__host.a(l2cap.c.obj)
 .text.bt_l2cap_disconnected
                0x000000000000b9d0       0x2e zephyr/subsys/bluetooth/host/libsubsys__bluetooth__host.a(l2cap.c.obj)
                0x000000000000b9d0                bt_l2cap_disconnected
 .text.bt_l2cap_create_pdu
                0x000000000000b9fe        0x6 zephyr/subsys/bluetooth/host/libsubsys__bluetooth__host.a(l2cap.c.obj)
                0x000000000000b9fe                bt_l2cap_create_pdu
 .text.bt_l2cap_send_cb
                0x000000000000ba04       0x2a zephyr/subsys/bluetooth/host/libsubsys__bluetooth__host.a(l2cap.c.obj)
                0x000000000000ba04                bt_l2cap_send_cb
 *fill*         0x000000000000ba2e        0x2 
 .text.l2cap_le_conn_req
                0x000000000000ba30       0x58 zephyr/subsys/bluetooth/host/libsubsys__bluetooth__host.a(l2cap.c.obj)
 .text.bt_l2cap_encrypt_change
                0x000000000000ba88       0x44 zephyr/subsys/bluetooth/host/libsubsys__bluetooth__host.a(l2cap.c.obj)
                0x000000000000ba88                bt_l2cap_encrypt_change
 .text.l2cap_send_reject
                0x000000000000bacc       0x44 zephyr/subsys/bluetooth/host/libsubsys__bluetooth__host.a(l2cap.c.obj)
 .text.l2cap_chan_le_send
                0x000000000000bb10       0xf0 zephyr/subsys/bluetooth/host/libsubsys__bluetooth__host.a(l2cap.c.obj)
 .text.l2cap_chan_le_send_sdu
                0x000000000000bc00       0x94 zephyr/subsys/bluetooth/host/libsubsys__bluetooth__host.a(l2cap.c.obj)
 .text.l2cap_chan_send_credits.isra.13
                0x000000000000bc94       0x56 zephyr/subsys/bluetooth/host/libsubsys__bluetooth__host.a(l2cap.c.obj)
 .text.bt_l2cap_le_lookup_tx_cid
                0x000000000000bcea       0x16 zephyr/subsys/bluetooth/host/libsubsys__bluetooth__host.a(l2cap.c.obj)
                0x000000000000bcea                bt_l2cap_le_lookup_tx_cid
 .text.bt_l2cap_le_lookup_rx_cid
                0x000000000000bd00       0x14 zephyr/subsys/bluetooth/host/libsubsys__bluetooth__host.a(l2cap.c.obj)
                0x000000000000bd00                bt_l2cap_le_lookup_rx_cid
 .text.l2cap_chan_add
                0x000000000000bd14       0x9c zephyr/subsys/bluetooth/host/libsubsys__bluetooth__host.a(l2cap.c.obj)
 .text.bt_l2cap_connected
                0x000000000000bdb0       0x48 zephyr/subsys/bluetooth/host/libsubsys__bluetooth__host.a(l2cap.c.obj)
                0x000000000000bdb0                bt_l2cap_connected
 .text.bt_l2cap_server_register
                0x000000000000bdf8       0xa0 zephyr/subsys/bluetooth/host/libsubsys__bluetooth__host.a(l2cap.c.obj)
                0x000000000000bdf8                bt_l2cap_server_register
 .text.bt_l2cap_update_conn_param
                0x000000000000be98       0x3e zephyr/subsys/bluetooth/host/libsubsys__bluetooth__host.a(l2cap.c.obj)
                0x000000000000be98                bt_l2cap_update_conn_param
 *fill*         0x000000000000bed6        0x2 
 .text.bt_l2cap_init
                0x000000000000bed8        0xc zephyr/subsys/bluetooth/host/libsubsys__bluetooth__host.a(l2cap.c.obj)
                0x000000000000bed8                bt_l2cap_init
 .text.bt_l2cap_chan_connect
                0x000000000000bee4       0x64 zephyr/subsys/bluetooth/host/libsubsys__bluetooth__host.a(l2cap.c.obj)
                0x000000000000bee4                bt_l2cap_chan_connect
 .text.bt_l2cap_chan_disconnect
                0x000000000000bf48       0x5c zephyr/subsys/bluetooth/host/libsubsys__bluetooth__host.a(l2cap.c.obj)
                0x000000000000bf48                bt_l2cap_chan_disconnect
 .text.l2cap_chan_le_recv_seg
                0x000000000000bfa4      0x194 zephyr/subsys/bluetooth/host/libsubsys__bluetooth__host.a(l2cap.c.obj)
 .text.bt_l2cap_recv
                0x000000000000c138      0x1d8 zephyr/subsys/bluetooth/host/libsubsys__bluetooth__host.a(l2cap.c.obj)
                0x000000000000c138                bt_l2cap_recv
 .text.l2cap_recv
                0x000000000000c310      0x74c zephyr/subsys/bluetooth/host/libsubsys__bluetooth__host.a(l2cap.c.obj)
 .text.bt_l2cap_chan_send
                0x000000000000ca5c       0x88 zephyr/subsys/bluetooth/host/libsubsys__bluetooth__host.a(l2cap.c.obj)
                0x000000000000ca5c                bt_l2cap_chan_send
 .text.att_prepare_write_req
                0x000000000000cae4        0x4 zephyr/subsys/bluetooth/host/libsubsys__bluetooth__host.a(att.c.obj)
 .text.att_op_get_type
                0x000000000000cae8       0x30 zephyr/subsys/bluetooth/host/libsubsys__bluetooth__host.a(att.c.obj)
 .text.att_req_destroy
                0x000000000000cb18       0x22 zephyr/subsys/bluetooth/host/libsubsys__bluetooth__host.a(att.c.obj)
 .text.att_notify
                0x000000000000cb3a        0xe zephyr/subsys/bluetooth/host/libsubsys__bluetooth__host.a(att.c.obj)
 .text.read_group_cb
                0x000000000000cb48       0xce zephyr/subsys/bluetooth/host/libsubsys__bluetooth__host.a(att.c.obj)
 .text.find_info_cb
                0x000000000000cc16       0x9a zephyr/subsys/bluetooth/host/libsubsys__bluetooth__host.a(att.c.obj)
 .text.find_type_cb
                0x000000000000ccb0       0xa6 zephyr/subsys/bluetooth/host/libsubsys__bluetooth__host.a(att.c.obj)
 *fill*         0x000000000000cd56        0x2 
 .text.bt_att_connected
                0x000000000000cd58       0x28 zephyr/subsys/bluetooth/host/libsubsys__bluetooth__host.a(att.c.obj)
 .text.check_perm
                0x000000000000cd80       0x50 zephyr/subsys/bluetooth/host/libsubsys__bluetooth__host.a(att.c.obj)
 .text.read_type_cb
                0x000000000000cdd0       0xba zephyr/subsys/bluetooth/host/libsubsys__bluetooth__host.a(att.c.obj)
 *fill*         0x000000000000ce8a        0x2 
 .text.att_cb.isra.6
                0x000000000000ce8c       0x24 zephyr/subsys/bluetooth/host/libsubsys__bluetooth__host.a(att.c.obj)
 .text.bt_att_accept
                0x000000000000ceb0       0x78 zephyr/subsys/bluetooth/host/libsubsys__bluetooth__host.a(att.c.obj)
 .text.uuid_create
                0x000000000000cf28       0x32 zephyr/subsys/bluetooth/host/libsubsys__bluetooth__host.a(att.c.obj)
 *fill*         0x000000000000cf5a        0x2 
 .text.att_req_sent
                0x000000000000cf5c       0x30 zephyr/subsys/bluetooth/host/libsubsys__bluetooth__host.a(att.c.obj)
 .text.att_chan_get
                0x000000000000cf8c       0xcc zephyr/subsys/bluetooth/host/libsubsys__bluetooth__host.a(att.c.obj)
 .text.att_exec_write_req
                0x000000000000d058        0x4 zephyr/subsys/bluetooth/host/libsubsys__bluetooth__host.a(att.c.obj)
 .text.att_pdu_sent
                0x000000000000d05c       0x12 zephyr/subsys/bluetooth/host/libsubsys__bluetooth__host.a(att.c.obj)
 .text.att_rsp_sent
                0x000000000000d06e       0x2e zephyr/subsys/bluetooth/host/libsubsys__bluetooth__host.a(att.c.obj)
 .text.att_cfm_sent
                0x000000000000d09c       0x2e zephyr/subsys/bluetooth/host/libsubsys__bluetooth__host.a(att.c.obj)
 .text.att_is_connected
                0x000000000000d0ca       0x22 zephyr/subsys/bluetooth/host/libsubsys__bluetooth__host.a(att.c.obj)
 .text.att_send_req
                0x000000000000d0ec       0xa0 zephyr/subsys/bluetooth/host/libsubsys__bluetooth__host.a(att.c.obj)
 .text.att_handle_rsp
                0x000000000000d18c       0xbc zephyr/subsys/bluetooth/host/libsubsys__bluetooth__host.a(att.c.obj)
 .text.att_handle_find_info_rsp
                0x000000000000d248        0xa zephyr/subsys/bluetooth/host/libsubsys__bluetooth__host.a(att.c.obj)
 .text.att_handle_find_type_rsp
                0x000000000000d252        0x4 zephyr/subsys/bluetooth/host/libsubsys__bluetooth__host.a(att.c.obj)
 .text.att_handle_read_type_rsp
                0x000000000000d256        0x4 zephyr/subsys/bluetooth/host/libsubsys__bluetooth__host.a(att.c.obj)
 .text.att_handle_read_rsp
                0x000000000000d25a        0x4 zephyr/subsys/bluetooth/host/libsubsys__bluetooth__host.a(att.c.obj)
 .text.att_handle_read_blob_rsp
                0x000000000000d25e        0x4 zephyr/subsys/bluetooth/host/libsubsys__bluetooth__host.a(att.c.obj)
 .text.att_handle_read_mult_rsp
                0x000000000000d262        0x4 zephyr/subsys/bluetooth/host/libsubsys__bluetooth__host.a(att.c.obj)
 .text.att_handle_read_group_rsp
                0x000000000000d266        0x4 zephyr/subsys/bluetooth/host/libsubsys__bluetooth__host.a(att.c.obj)
 .text.att_handle_write_rsp
                0x000000000000d26a        0x4 zephyr/subsys/bluetooth/host/libsubsys__bluetooth__host.a(att.c.obj)
 .text.att_handle_prepare_write_rsp
                0x000000000000d26e        0x4 zephyr/subsys/bluetooth/host/libsubsys__bluetooth__host.a(att.c.obj)
 .text.att_handle_exec_write_rsp
                0x000000000000d272        0x4 zephyr/subsys/bluetooth/host/libsubsys__bluetooth__host.a(att.c.obj)
 .text.att_confirm
                0x000000000000d276        0x4 zephyr/subsys/bluetooth/host/libsubsys__bluetooth__host.a(att.c.obj)
 .text.att_mtu_rsp
                0x000000000000d27a       0x30 zephyr/subsys/bluetooth/host/libsubsys__bluetooth__host.a(att.c.obj)
 .text.att_error_rsp
                0x000000000000d2aa       0x6c zephyr/subsys/bluetooth/host/libsubsys__bluetooth__host.a(att.c.obj)
 .text.att_reset
                0x000000000000d316       0x76 zephyr/subsys/bluetooth/host/libsubsys__bluetooth__host.a(att.c.obj)
 .text.bt_att_disconnected
                0x000000000000d38c       0x12 zephyr/subsys/bluetooth/host/libsubsys__bluetooth__host.a(att.c.obj)
 *fill*         0x000000000000d39e        0x2 
 .text.att_timeout
                0x000000000000d3a0       0x5c zephyr/subsys/bluetooth/host/libsubsys__bluetooth__host.a(att.c.obj)
 .text.bt_att_encrypt_change
                0x000000000000d3fc       0xb0 zephyr/subsys/bluetooth/host/libsubsys__bluetooth__host.a(att.c.obj)
 .text.write_cb
                0x000000000000d4ac       0x58 zephyr/subsys/bluetooth/host/libsubsys__bluetooth__host.a(att.c.obj)
 .text.read_cb  0x000000000000d504       0x76 zephyr/subsys/bluetooth/host/libsubsys__bluetooth__host.a(att.c.obj)
 *fill*         0x000000000000d57a        0x2 
 .text.bt_att_create_pdu
                0x000000000000d57c       0x7c zephyr/subsys/bluetooth/host/libsubsys__bluetooth__host.a(att.c.obj)
                0x000000000000d57c                bt_att_create_pdu
 .text.att_indicate
                0x000000000000d5f8       0x2c zephyr/subsys/bluetooth/host/libsubsys__bluetooth__host.a(att.c.obj)
 .text.att_mtu_req
                0x000000000000d624       0x5c zephyr/subsys/bluetooth/host/libsubsys__bluetooth__host.a(att.c.obj)
 .text.send_err_rsp.part.12
                0x000000000000d680       0x44 zephyr/subsys/bluetooth/host/libsubsys__bluetooth__host.a(att.c.obj)
 .text.bt_att_recv
                0x000000000000d6c4      0x1e8 zephyr/subsys/bluetooth/host/libsubsys__bluetooth__host.a(att.c.obj)
 .text.att_read_group_req
                0x000000000000d8ac      0x104 zephyr/subsys/bluetooth/host/libsubsys__bluetooth__host.a(att.c.obj)
 .text.att_read_mult_req
                0x000000000000d9b0       0x8c zephyr/subsys/bluetooth/host/libsubsys__bluetooth__host.a(att.c.obj)
 .text.att_read_rsp
                0x000000000000da3c       0x88 zephyr/subsys/bluetooth/host/libsubsys__bluetooth__host.a(att.c.obj)
 .text.att_read_blob_req
                0x000000000000dac4       0x18 zephyr/subsys/bluetooth/host/libsubsys__bluetooth__host.a(att.c.obj)
 .text.att_read_req
                0x000000000000dadc       0x18 zephyr/subsys/bluetooth/host/libsubsys__bluetooth__host.a(att.c.obj)
 .text.att_read_type_req
                0x000000000000daf4       0xcc zephyr/subsys/bluetooth/host/libsubsys__bluetooth__host.a(att.c.obj)
 .text.att_find_type_req
                0x000000000000dbc0       0xe4 zephyr/subsys/bluetooth/host/libsubsys__bluetooth__host.a(att.c.obj)
 .text.att_find_info_req
                0x000000000000dca4       0x78 zephyr/subsys/bluetooth/host/libsubsys__bluetooth__host.a(att.c.obj)
 .text.att_write_rsp.part.13.constprop.19
                0x000000000000dd1c       0xa8 zephyr/subsys/bluetooth/host/libsubsys__bluetooth__host.a(att.c.obj)
 .text.att_signed_write_cmd
                0x000000000000ddc4       0xa4 zephyr/subsys/bluetooth/host/libsubsys__bluetooth__host.a(att.c.obj)
 .text.att_write_cmd
                0x000000000000de68       0x2c zephyr/subsys/bluetooth/host/libsubsys__bluetooth__host.a(att.c.obj)
 .text.att_write_req
                0x000000000000de94       0x2c zephyr/subsys/bluetooth/host/libsubsys__bluetooth__host.a(att.c.obj)
 .text.bt_att_init
                0x000000000000dec0       0x14 zephyr/subsys/bluetooth/host/libsubsys__bluetooth__host.a(att.c.obj)
                0x000000000000dec0                bt_att_init
 .text.bt_att_req_send
                0x000000000000ded4       0x46 zephyr/subsys/bluetooth/host/libsubsys__bluetooth__host.a(att.c.obj)
                0x000000000000ded4                bt_att_req_send
 .text.sc_ccc_cfg_changed
                0x000000000000df1a        0x2 zephyr/subsys/bluetooth/host/libsubsys__bluetooth__host.a(gatt.c.obj)
 .text.find_next
                0x000000000000df1c        0x6 zephyr/subsys/bluetooth/host/libsubsys__bluetooth__host.a(gatt.c.obj)
 .text.gatt_ccc_changed
                0x000000000000df22       0x34 zephyr/subsys/bluetooth/host/libsubsys__bluetooth__host.a(gatt.c.obj)
 .text.gatt_indicate_rsp
                0x000000000000df56       0x10 zephyr/subsys/bluetooth/host/libsubsys__bluetooth__host.a(gatt.c.obj)
 *fill*         0x000000000000df66        0x2 
 .text.gatt_notify
                0x000000000000df68       0x98 zephyr/subsys/bluetooth/host/libsubsys__bluetooth__host.a(gatt.c.obj)
 .text.gatt_register
                0x000000000000e000       0xa8 zephyr/subsys/bluetooth/host/libsubsys__bluetooth__host.a(gatt.c.obj)
 .text.gatt_indicate
                0x000000000000e0a8      0x110 zephyr/subsys/bluetooth/host/libsubsys__bluetooth__host.a(gatt.c.obj)
 .text.sc_indicate.constprop.15
                0x000000000000e1b8       0x68 zephyr/subsys/bluetooth/host/libsubsys__bluetooth__host.a(gatt.c.obj)
 .text.connected_cb
                0x000000000000e220       0x70 zephyr/subsys/bluetooth/host/libsubsys__bluetooth__host.a(gatt.c.obj)
 .text.sc_indicate_rsp
                0x000000000000e290       0x40 zephyr/subsys/bluetooth/host/libsubsys__bluetooth__host.a(gatt.c.obj)
 .text.read_appearance
                0x000000000000e2d0       0x36 zephyr/subsys/bluetooth/host/libsubsys__bluetooth__host.a(gatt.c.obj)
 *fill*         0x000000000000e306        0x2 
 .text.read_ppcp
                0x000000000000e308       0x38 zephyr/subsys/bluetooth/host/libsubsys__bluetooth__host.a(gatt.c.obj)
 .text.read_name
                0x000000000000e340       0x3e zephyr/subsys/bluetooth/host/libsubsys__bluetooth__host.a(gatt.c.obj)
 .text.bt_gatt_attr_read_ccc
                0x000000000000e37e       0x6e zephyr/subsys/bluetooth/host/libsubsys__bluetooth__host.a(gatt.c.obj)
                0x000000000000e37e                bt_gatt_attr_read_ccc
 .text.bt_gatt_attr_read_service
                0x000000000000e3ec       0x52 zephyr/subsys/bluetooth/host/libsubsys__bluetooth__host.a(gatt.c.obj)
                0x000000000000e3ec                bt_gatt_attr_read_service
 *fill*         0x000000000000e43e        0x2 
 .text.bt_gatt_attr_write_ccc
                0x000000000000e440      0x11c zephyr/subsys/bluetooth/host/libsubsys__bluetooth__host.a(gatt.c.obj)
                0x000000000000e440                bt_gatt_attr_write_ccc
 .text.disconnected_cb
                0x000000000000e55c       0xc8 zephyr/subsys/bluetooth/host/libsubsys__bluetooth__host.a(gatt.c.obj)
 .text.notify_cb
                0x000000000000e624      0x100 zephyr/subsys/bluetooth/host/libsubsys__bluetooth__host.a(gatt.c.obj)
 .text.bt_gatt_init
                0x000000000000e724       0x50 zephyr/subsys/bluetooth/host/libsubsys__bluetooth__host.a(gatt.c.obj)
                0x000000000000e724                bt_gatt_init
 .text.bt_gatt_service_register
                0x000000000000e774       0x66 zephyr/subsys/bluetooth/host/libsubsys__bluetooth__host.a(gatt.c.obj)
                0x000000000000e774                bt_gatt_service_register
 *fill*         0x000000000000e7da        0x2 
 .text.bt_gatt_foreach_attr
                0x000000000000e7dc       0x54 zephyr/subsys/bluetooth/host/libsubsys__bluetooth__host.a(gatt.c.obj)
                0x000000000000e7dc                bt_gatt_foreach_attr
 .text.bt_gatt_indicate.part.10
                0x000000000000e830       0x30 zephyr/subsys/bluetooth/host/libsubsys__bluetooth__host.a(gatt.c.obj)
 .text.sc_process
                0x000000000000e860       0x80 zephyr/subsys/bluetooth/host/libsubsys__bluetooth__host.a(gatt.c.obj)
 .text.bt_gatt_attr_next
                0x000000000000e8e0       0x24 zephyr/subsys/bluetooth/host/libsubsys__bluetooth__host.a(gatt.c.obj)
                0x000000000000e8e0                bt_gatt_attr_next
 .text.bt_gatt_attr_read_chrc
                0x000000000000e904       0xc0 zephyr/subsys/bluetooth/host/libsubsys__bluetooth__host.a(gatt.c.obj)
                0x000000000000e904                bt_gatt_attr_read_chrc
 .text.bt_gatt_connected
                0x000000000000e9c4       0x14 zephyr/subsys/bluetooth/host/libsubsys__bluetooth__host.a(gatt.c.obj)
                0x000000000000e9c4                bt_gatt_connected
 .text.bt_gatt_disconnected
                0x000000000000e9d8       0x14 zephyr/subsys/bluetooth/host/libsubsys__bluetooth__host.a(gatt.c.obj)
                0x000000000000e9d8                bt_gatt_disconnected
 .text.sys_memcpy_swap
                0x000000000000e9ec       0x1a zephyr/subsys/bluetooth/host/libsubsys__bluetooth__host.a(smp.c.obj)
 .text.sys_mem_swap
                0x000000000000ea06       0x1c zephyr/subsys/bluetooth/host/libsubsys__bluetooth__host.a(smp.c.obj)
 *fill*         0x000000000000ea22        0x2 
 .text.get_io_capa
                0x000000000000ea24       0x4c zephyr/subsys/bluetooth/host/libsubsys__bluetooth__host.a(smp.c.obj)
 .text.get_auth
                0x000000000000ea70       0x3c zephyr/subsys/bluetooth/host/libsubsys__bluetooth__host.a(smp.c.obj)
 .text.atomic_test_bit
                0x000000000000eaac       0x12 zephyr/subsys/bluetooth/host/libsubsys__bluetooth__host.a(smp.c.obj)
 .text.bt_smp_aes_cmac
                0x000000000000eabe       0x3c zephyr/subsys/bluetooth/host/libsubsys__bluetooth__host.a(smp.c.obj)
 *fill*         0x000000000000eafa        0x2 
 .text.smp_sign_buf
                0x000000000000eafc       0xa0 zephyr/subsys/bluetooth/host/libsubsys__bluetooth__host.a(smp.c.obj)
 .text.smp_f4   0x000000000000eb9c       0x4a zephyr/subsys/bluetooth/host/libsubsys__bluetooth__host.a(smp.c.obj)
 *fill*         0x000000000000ebe6        0x2 
 .text.sc_smp_check_confirm
                0x000000000000ebe8       0x64 zephyr/subsys/bluetooth/host/libsubsys__bluetooth__host.a(smp.c.obj)
 .text.smp_f5   0x000000000000ec4c       0xd4 zephyr/subsys/bluetooth/host/libsubsys__bluetooth__host.a(smp.c.obj)
 .text.smp_f6   0x000000000000ed20       0x98 zephyr/subsys/bluetooth/host/libsubsys__bluetooth__host.a(smp.c.obj)
 .text.smp_g2   0x000000000000edb8       0x68 zephyr/subsys/bluetooth/host/libsubsys__bluetooth__host.a(smp.c.obj)
 .text.atomic_clear_bit
                0x000000000000ee20       0x20 zephyr/subsys/bluetooth/host/libsubsys__bluetooth__host.a(smp.c.obj)
 .text.bt_smp_disconnected
                0x000000000000ee40       0x32 zephyr/subsys/bluetooth/host/libsubsys__bluetooth__host.a(smp.c.obj)
 *fill*         0x000000000000ee72        0x2 
 .text.legacy_get_pair_method
                0x000000000000ee74       0x44 zephyr/subsys/bluetooth/host/libsubsys__bluetooth__host.a(smp.c.obj)
 .text.sec_level_reachable.isra.3
                0x000000000000eeb8       0x3c zephyr/subsys/bluetooth/host/libsubsys__bluetooth__host.a(smp.c.obj)
 .text.smp_chan_get
                0x000000000000eef4       0x50 zephyr/subsys/bluetooth/host/libsubsys__bluetooth__host.a(smp.c.obj)
 .text.smp_create_pdu.isra.6
                0x000000000000ef44       0x1c zephyr/subsys/bluetooth/host/libsubsys__bluetooth__host.a(smp.c.obj)
 .text.bt_smp_accept
                0x000000000000ef60       0x60 zephyr/subsys/bluetooth/host/libsubsys__bluetooth__host.a(smp.c.obj)
 .text.smp_send
                0x000000000000efc0       0x28 zephyr/subsys/bluetooth/host/libsubsys__bluetooth__host.a(smp.c.obj)
 .text.sc_smp_send_dhkey_check
                0x000000000000efe8       0x32 zephyr/subsys/bluetooth/host/libsubsys__bluetooth__host.a(smp.c.obj)
 *fill*         0x000000000000f01a        0x2 
 .text.sc_send_public_key
                0x000000000000f01c       0x44 zephyr/subsys/bluetooth/host/libsubsys__bluetooth__host.a(smp.c.obj)
 .text.send_pairing_rsp
                0x000000000000f060       0x32 zephyr/subsys/bluetooth/host/libsubsys__bluetooth__host.a(smp.c.obj)
 .text.smp_send_pairing_random
                0x000000000000f092       0x32 zephyr/subsys/bluetooth/host/libsubsys__bluetooth__host.a(smp.c.obj)
 .text.smp_send_pairing_confirm